<html>
<body>
<pre>
<h1>µVision Build Log</h1>
<h2>Tool Versions:</h2>
IDE-Version: ¦ÌVision V5.35.0.0
Copyright (C) 2021 ARM Ltd and ARM Germany GmbH. All rights reserved.
License Information: ff admin, ff, LIC=VGXG8-3NW3T-BSYYX-HA9XV-SP417-HJZRV
 
Tool Versions:
Toolchain:       MDK-ARM Plus  Version: 5.35.0.2
Toolchain Path:  D:\Keil_v5\ARM\ARMCLANG\Bin
C Compiler:      ArmClang.exe V6.16
Assembler:       Armasm.exe V6.16
Linker/Locator:  ArmLink.exe V6.16
Library Manager: ArmAr.exe V6.16
Hex Converter:   FromElf.exe V6.16
CPU DLL:         
Dialog DLL:      
Target DLL:      Segger\JL2CM3.dll V2.99.40.0
Dialog DLL:      TCM.DLL V1.53.0.0
 
<h2>Project:</h2>
E:\work\CX_NFC_RX\prj\CX_NFC_RX.uvprojx
Project File Date:  01/29/2026

<h2>Output:</h2>
*** Using Compiler 'V6.16', folder: 'D:\Keil_v5\ARM\ARMCLANG\Bin'
Build target 'Target 1'
creating preprocessor file for gd32c2x1_it.c...
creating preprocessor file for system_gd32c2x1.c...
compiling bsp_adc.c...
creating preprocessor file for filter.c...
creating preprocessor file for main.c...
creating preprocessor file for bsp_i2c.c...
creating preprocessor file for hns_ntc.c...
creating preprocessor file for nfc_command.c...
creating preprocessor file for bsp_gpio.c...
creating preprocessor file for i2c_bus_device.c...
creating preprocessor file for fm411_driver.c...
creating preprocessor file for bsp_delay.c...
creating preprocessor file for gd32c2x1_err_report.c...
creating preprocessor file for bsp_adc.c...
creating list file for bsp_adc.c...
creating preprocessor file for gd32c2x1_adc.c...
creating preprocessor file for gd32c2x1_cmp.c...
creating preprocessor file for gd32c2x1_crc.c...
creating preprocessor file for gd32c2x1_dbg.c...
creating preprocessor file for gd32c2x1_exti.c...
creating preprocessor file for gd32c2x1_dma.c...
creating preprocessor file for gd32c2x1_fmc.c...
creating preprocessor file for gd32c2x1_fwdgt.c...
creating preprocessor file for gd32c2x1_misc.c...
creating preprocessor file for gd32c2x1_gpio.c...
creating preprocessor file for gd32c2x1_i2c.c...
creating preprocessor file for gd32c2x1_rtc.c...
creating preprocessor file for gd32c2x1_rcu.c...
creating preprocessor file for gd32c2x1_pmu.c...
creating preprocessor file for gd32c2x1_spi.c...
creating preprocessor file for gd32c2x1_usart.c...
creating preprocessor file for gd32c2x1_syscfg.c...
creating preprocessor file for gd32c2x1_wwdgt.c...
creating preprocessor file for gd32c2x1_timer.c...
linking...
Program Size: Code=8504 RO-data=252 RW-data=28 ZI-data=3196  
FromELF: creating hex file...
".\Objects\CX_NFC_RX.axf" - 0 Error(s), 0 Warning(s).

<h2>Software Packages used:</h2>

Package Vendor: ARM
                http://www.keil.com/pack/ARM.CMSIS.5.8.0.pack
                ARM.CMSIS.5.8.0
                CMSIS (Common Microcontroller Software Interface Standard)
   * Component: CORE Version: 5.5.0

Package Vendor: GigaDevice
                https://gd32mcu.com/data/documents/pack/GigaDevice.GD32C2x1_DFP.1.0.0.pack
                GigaDevice.GD32C2x1_DFP.1.0.0
                GigaDevice GD32C2x1 Series Device Support and Examples

<h2>Collection of Component include folders:</h2>
  .\RTE\_Target_1
  D:\Users\121593\AppData\Local\Arm\Packs\ARM\CMSIS\5.8.0\CMSIS\Core\Include

<h2>Collection of Component Files used:</h2>

   * Component: ARM::CMSIS:CORE:5.5.0
Build Time Elapsed:  00:00:02
</pre>
</body>
</html>
