Component: ARM Compiler 6.16 Tool: armlink [5dfeaa00]

==============================================================================

Section Cross References

    main.o(.text.systick_config) refers to main.o(.text.SysTick_Config) for SysTick_Config
    main.o(.text.systick_config) refers to main.o(.text.__NVIC_SetPriority) for __NVIC_SetPriority
    main.o(.text.systick_config) refers to system_gd32c2x1.o(.data.SystemCoreClock) for SystemCoreClock
    main.o(.ARM.exidx.text.systick_config) refers to main.o(.text.systick_config) for [Anonymous Symbol]
    main.o(.text.SysTick_Config) refers to main.o(.text.__NVIC_SetPriority) for __NVIC_SetPriority
    main.o(.ARM.exidx.text.SysTick_Config) refers to main.o(.text.SysTick_Config) for [Anonymous Symbol]
    main.o(.ARM.exidx.text.__NVIC_SetPriority) refers to main.o(.text.__NVIC_SetPriority) for [Anonymous Symbol]
    main.o(.text.main) refers to bsp_gpio.o(.text.bsp_gpio_int_init) for bsp_gpio_int_init
    main.o(.text.main) refers to bsp_i2c.o(.text.bsp_i2c_bus_init) for bsp_i2c_bus_init
    main.o(.text.main) refers to bsp_i2c.o(.text.fm11_dev_init) for fm11_dev_init
    main.o(.text.main) refers to nfc_command.o(.text.table_init) for table_init
    main.o(.text.main) refers to bsp_adc.o(.text.adc_init) for adc_init
    main.o(.text.main) refers to bsp_adc.o(.text.adc_channel_sample) for adc_channel_sample
    main.o(.text.main) refers to nfc_command.o(.text.prog_task) for prog_task
    main.o(.text.main) refers to bsp_i2c.o(.bss.dev_fm11) for dev_fm11
    main.o(.ARM.exidx.text.main) refers to main.o(.text.main) for [Anonymous Symbol]
    gd32c2x1_it.o(.text.NMI_Handler) refers to gd32c2x1_syscfg.o(.text.syscfg_interrupt_flag_get) for syscfg_interrupt_flag_get
    gd32c2x1_it.o(.ARM.exidx.text.NMI_Handler) refers to gd32c2x1_it.o(.text.NMI_Handler) for [Anonymous Symbol]
    gd32c2x1_it.o(.ARM.exidx.text.HardFault_Handler) refers to gd32c2x1_it.o(.text.HardFault_Handler) for [Anonymous Symbol]
    gd32c2x1_it.o(.ARM.exidx.text.SVC_Handler) refers to gd32c2x1_it.o(.text.SVC_Handler) for [Anonymous Symbol]
    gd32c2x1_it.o(.ARM.exidx.text.PendSV_Handler) refers to gd32c2x1_it.o(.text.PendSV_Handler) for [Anonymous Symbol]
    gd32c2x1_it.o(.ARM.exidx.text.SysTick_Handler) refers to gd32c2x1_it.o(.text.SysTick_Handler) for [Anonymous Symbol]
    nfc_command.o(.ARM.exidx.text.uread2) refers to nfc_command.o(.text.uread2) for [Anonymous Symbol]
    nfc_command.o(.ARM.exidx.text.uwrite2) refers to nfc_command.o(.text.uwrite2) for [Anonymous Symbol]
    nfc_command.o(.ARM.exidx.text.uread4) refers to nfc_command.o(.text.uread4) for [Anonymous Symbol]
    nfc_command.o(.ARM.exidx.text.uwrite4) refers to nfc_command.o(.text.uwrite4) for [Anonymous Symbol]
    nfc_command.o(.text.bin2hex) refers to nfc_command.o(.rodata.str1.1) for [Anonymous Symbol]
    nfc_command.o(.ARM.exidx.text.bin2hex) refers to nfc_command.o(.text.bin2hex) for [Anonymous Symbol]
    nfc_command.o(.text.hex2bin) refers to rt_memcpy.o(.text) for __aeabi_memcpy
    nfc_command.o(.text.hex2bin) refers to nfc_command.o(.rodata.str1.1) for [Anonymous Symbol]
    nfc_command.o(.ARM.exidx.text.hex2bin) refers to nfc_command.o(.text.hex2bin) for [Anonymous Symbol]
    nfc_command.o(.text.table_init) refers to nfc_command.o(.bss.g_buffer) for [Anonymous Symbol]
    nfc_command.o(.text.table_init) refers to nfc_command.o(.bss.g_tcb) for g_tcb
    nfc_command.o(.ARM.exidx.text.table_init) refers to nfc_command.o(.text.table_init) for [Anonymous Symbol]
    nfc_command.o(.text.prog_task) refers to fm411_driver.o(.text.dev_fm11_RFDataRx) for dev_fm11_RFDataRx
    nfc_command.o(.text.prog_task) refers to fm411_driver.o(.text.dev_fm11_RFDataTx) for dev_fm11_RFDataTx
    nfc_command.o(.text.prog_task) refers to nfc_command.o(.bss.fm411_cmd) for [Anonymous Symbol]
    nfc_command.o(.text.prog_task) refers to nfc_command.o(.bss.rfLen) for rfLen
    nfc_command.o(.text.prog_task) refers to bsp_adc.o(.bss.res_value) for res_value
    nfc_command.o(.ARM.exidx.text.prog_task) refers to nfc_command.o(.text.prog_task) for [Anonymous Symbol]
    nfc_command.o(.text.CONFIG_RESPSW) refers to rt_memcpy.o(.text) for __aeabi_memcpy
    nfc_command.o(.text.CONFIG_RESPSW) refers to nfc_command.o(.bss.g_tcb) for g_tcb
    nfc_command.o(.ARM.exidx.text.CONFIG_RESPSW) refers to nfc_command.o(.text.CONFIG_RESPSW) for [Anonymous Symbol]
    nfc_command.o(.text.CONFIG_SW) refers to nfc_command.o(.text.uwrite2) for uwrite2
    nfc_command.o(.text.CONFIG_SW) refers to nfc_command.o(.bss.g_tcb) for g_tcb
    nfc_command.o(.ARM.exidx.text.CONFIG_SW) refers to nfc_command.o(.text.CONFIG_SW) for [Anonymous Symbol]
    nfc_command.o(.ARM.exidx.text.get_random) refers to nfc_command.o(.text.get_random) for [Anonymous Symbol]
    nfc_command.o(.text.get_adc) refers to nfc_command.o(.text.uwrite4) for uwrite4
    nfc_command.o(.text.get_adc) refers to nfc_command.o(.bss.get_adc.dis) for [Anonymous Symbol]
[...]
    Removing gd32c2x1_usart.o(.ARM.exidx.text.usart_lin_mode_enable), (8 bytes).
    Removing gd32c2x1_usart.o(.text.usart_lin_mode_disable), (30 bytes).
    Removing gd32c2x1_usart.o(.ARM.exidx.text.usart_lin_mode_disable), (8 bytes).
    Removing gd32c2x1_usart.o(.text.usart_lin_break_detection_length_config), (42 bytes).
    Removing gd32c2x1_usart.o(.ARM.exidx.text.usart_lin_break_detection_length_config), (8 bytes).
    Removing gd32c2x1_usart.o(.text.usart_halfduplex_enable), (28 bytes).
    Removing gd32c2x1_usart.o(.ARM.exidx.text.usart_halfduplex_enable), (8 bytes).
    Removing gd32c2x1_usart.o(.text.usart_halfduplex_disable), (28 bytes).
    Removing gd32c2x1_usart.o(.ARM.exidx.text.usart_halfduplex_disable), (8 bytes).
    Removing gd32c2x1_usart.o(.text.usart_clock_enable), (30 bytes).
    Removing gd32c2x1_usart.o(.ARM.exidx.text.usart_clock_enable), (8 bytes).
    Removing gd32c2x1_usart.o(.text.usart_clock_disable), (30 bytes).
    Removing gd32c2x1_usart.o(.ARM.exidx.text.usart_clock_disable), (8 bytes).
    Removing gd32c2x1_usart.o(.text.usart_synchronous_clock_config), (84 bytes).
    Removing gd32c2x1_usart.o(.ARM.exidx.text.usart_synchronous_clock_config), (8 bytes).
    Removing gd32c2x1_usart.o(.text.usart_guard_time_config), (46 bytes).
    Removing gd32c2x1_usart.o(.ARM.exidx.text.usart_guard_time_config), (8 bytes).
    Removing gd32c2x1_usart.o(.text.usart_smartcard_mode_enable), (28 bytes).
    Removing gd32c2x1_usart.o(.ARM.exidx.text.usart_smartcard_mode_enable), (8 bytes).
    Removing gd32c2x1_usart.o(.text.usart_smartcard_mode_disable), (28 bytes).
    Removing gd32c2x1_usart.o(.ARM.exidx.text.usart_smartcard_mode_disable), (8 bytes).
    Removing gd32c2x1_usart.o(.text.usart_smartcard_mode_nack_enable), (28 bytes).
    Removing gd32c2x1_usart.o(.ARM.exidx.text.usart_smartcard_mode_nack_enable), (8 bytes).
    Removing gd32c2x1_usart.o(.text.usart_smartcard_mode_nack_disable), (28 bytes).
    Removing gd32c2x1_usart.o(.ARM.exidx.text.usart_smartcard_mode_nack_disable), (8 bytes).
    Removing gd32c2x1_usart.o(.text.usart_smartcard_mode_early_nack_enable), (20 bytes).
    Removing gd32c2x1_usart.o(.ARM.exidx.text.usart_smartcard_mode_early_nack_enable), (8 bytes).
    Removing gd32c2x1_usart.o(.text.usart_smartcard_mode_early_nack_disable), (20 bytes).
    Removing gd32c2x1_usart.o(.ARM.exidx.text.usart_smartcard_mode_early_nack_disable), (8 bytes).
    Removing gd32c2x1_usart.o(.text.usart_smartcard_autoretry_config), (48 bytes).
    Removing gd32c2x1_usart.o(.ARM.exidx.text.usart_smartcard_autoretry_config), (8 bytes).
    Removing gd32c2x1_usart.o(.text.usart_block_length_config), (36 bytes).
    Removing gd32c2x1_usart.o(.ARM.exidx.text.usart_block_length_config), (8 bytes).
    Removing gd32c2x1_usart.o(.text.usart_irda_mode_enable), (28 bytes).
    Removing gd32c2x1_usart.o(.ARM.exidx.text.usart_irda_mode_enable), (8 bytes).
    Removing gd32c2x1_usart.o(.text.usart_irda_mode_disable), (28 bytes).
    Removing gd32c2x1_usart.o(.ARM.exidx.text.usart_irda_mode_disable), (8 bytes).
    Removing gd32c2x1_usart.o(.text.usart_prescaler_config), (42 bytes).
    Removing gd32c2x1_usart.o(.ARM.exidx.text.usart_prescaler_config), (8 bytes).
    Removing gd32c2x1_usart.o(.text.usart_irda_lowpower_config), (42 bytes).
    Removing gd32c2x1_usart.o(.ARM.exidx.text.usart_irda_lowpower_config), (8 bytes).
    Removing gd32c2x1_usart.o(.text.usart_hardware_flow_rts_config), (44 bytes).
    Removing gd32c2x1_usart.o(.ARM.exidx.text.usart_hardware_flow_rts_config), (8 bytes).
    Removing gd32c2x1_usart.o(.text.usart_hardware_flow_cts_config), (44 bytes).
    Removing gd32c2x1_usart.o(.ARM.exidx.text.usart_hardware_flow_cts_config), (8 bytes).
    Removing gd32c2x1_usart.o(.text.usart_hardware_flow_coherence_config), (34 bytes).
    Removing gd32c2x1_usart.o(.ARM.exidx.text.usart_hardware_flow_coherence_config), (8 bytes).
    Removing gd32c2x1_usart.o(.text.usart_rs485_driver_enable), (30 bytes).
    Removing gd32c2x1_usart.o(.ARM.exidx.text.usart_rs485_driver_enable), (8 bytes).
    Removing gd32c2x1_usart.o(.text.usart_rs485_driver_disable), (30 bytes).
    Removing gd32c2x1_usart.o(.ARM.exidx.text.usart_rs485_driver_disable), (8 bytes).
    Removing gd32c2x1_usart.o(.text.usart_driver_assertime_config), (48 bytes).
    Removing gd32c2x1_usart.o(.ARM.exidx.text.usart_driver_assertime_config), (8 bytes).
    Removing gd32c2x1_usart.o(.text.usart_driver_deassertime_config), (48 bytes).
    Removing gd32c2x1_usart.o(.ARM.exidx.text.usart_driver_deassertime_config), (8 bytes).
    Removing gd32c2x1_usart.o(.text.usart_depolarity_config), (44 bytes).
    Removing gd32c2x1_usart.o(.ARM.exidx.text.usart_depolarity_config), (8 bytes).
    Removing gd32c2x1_usart.o(.text.usart_dma_receive_config), (32 bytes).
    Removing gd32c2x1_usart.o(.ARM.exidx.text.usart_dma_receive_config), (8 bytes).
    Removing gd32c2x1_usart.o(.text.usart_dma_transmit_config), (32 bytes).
    Removing gd32c2x1_usart.o(.ARM.exidx.text.usart_dma_transmit_config), (8 bytes).
    Removing gd32c2x1_usart.o(.text.usart_reception_error_dma_disable), (30 bytes).
    Removing gd32c2x1_usart.o(.ARM.exidx.text.usart_reception_error_dma_disable), (8 bytes).
    Removing gd32c2x1_usart.o(.text.usart_reception_error_dma_enable), (30 bytes).
    Removing gd32c2x1_usart.o(.ARM.exidx.text.usart_reception_error_dma_enable), (8 bytes).
    Removing gd32c2x1_usart.o(.text.usart_wakeup_enable), (18 bytes).
    Removing gd32c2x1_usart.o(.ARM.exidx.text.usart_wakeup_enable), (8 bytes).
    Removing gd32c2x1_usart.o(.text.usart_wakeup_disable), (18 bytes).
    Removing gd32c2x1_usart.o(.ARM.exidx.text.usart_wakeup_disable), (8 bytes).
    Removing gd32c2x1_usart.o(.text.usart_wakeup_mode_config), (44 bytes).
    Removing gd32c2x1_usart.o(.ARM.exidx.text.usart_wakeup_mode_config), (8 bytes).
    Removing gd32c2x1_usart.o(.text.usart_receive_fifo_enable), (22 bytes).
    Removing gd32c2x1_usart.o(.ARM.exidx.text.usart_receive_fifo_enable), (8 bytes).
    Removing gd32c2x1_usart.o(.text.usart_receive_fifo_disable), (22 bytes).
    Removing gd32c2x1_usart.o(.ARM.exidx.text.usart_receive_fifo_disable), (8 bytes).
    Removing gd32c2x1_usart.o(.text.usart_receive_fifo_counter_number), (32 bytes).
    Removing gd32c2x1_usart.o(.ARM.exidx.text.usart_receive_fifo_counter_number), (8 bytes).
    Removing gd32c2x1_usart.o(.text.usart_flag_get), (66 bytes).
    Removing gd32c2x1_usart.o(.ARM.exidx.text.usart_flag_get), (8 bytes).
    Removing gd32c2x1_usart.o(.text.usart_flag_clear), (30 bytes).
    Removing gd32c2x1_usart.o(.ARM.exidx.text.usart_flag_clear), (8 bytes).
    Removing gd32c2x1_usart.o(.text.usart_interrupt_enable), (34 bytes).
    Removing gd32c2x1_usart.o(.ARM.exidx.text.usart_interrupt_enable), (8 bytes).
    Removing gd32c2x1_usart.o(.text.usart_interrupt_disable), (34 bytes).
    Removing gd32c2x1_usart.o(.ARM.exidx.text.usart_interrupt_disable), (8 bytes).
    Removing gd32c2x1_usart.o(.text.usart_interrupt_flag_get), (98 bytes).
    Removing gd32c2x1_usart.o(.ARM.exidx.text.usart_interrupt_flag_get), (8 bytes).
    Removing gd32c2x1_usart.o(.text.usart_interrupt_flag_clear), (64 bytes).
    Removing gd32c2x1_usart.o(.ARM.exidx.text.usart_interrupt_flag_clear), (8 bytes).
    Removing gd32c2x1_wwdgt.o(.text), (0 bytes).
    Removing gd32c2x1_wwdgt.o(.text.wwdgt_deinit), (28 bytes).
    Removing gd32c2x1_wwdgt.o(.ARM.exidx.text.wwdgt_deinit), (8 bytes).
    Removing gd32c2x1_wwdgt.o(.text.wwdgt_enable), (16 bytes).
    Removing gd32c2x1_wwdgt.o(.ARM.exidx.text.wwdgt_enable), (8 bytes).
    Removing gd32c2x1_wwdgt.o(.text.wwdgt_prescaler_value_config), (48 bytes).
    Removing gd32c2x1_wwdgt.o(.ARM.exidx.text.wwdgt_prescaler_value_config), (8 bytes).
    Removing gd32c2x1_wwdgt.o(.text.wwdgt_window_value_config), (40 bytes).
    Removing gd32c2x1_wwdgt.o(.ARM.exidx.text.wwdgt_window_value_config), (8 bytes).
    Removing gd32c2x1_wwdgt.o(.text.wwdgt_counter_update), (28 bytes).
    Removing gd32c2x1_wwdgt.o(.ARM.exidx.text.wwdgt_counter_update), (8 bytes).
    Removing gd32c2x1_wwdgt.o(.text.wwdgt_config), (56 bytes).
    Removing gd32c2x1_wwdgt.o(.ARM.exidx.text.wwdgt_config), (8 bytes).
    Removing gd32c2x1_wwdgt.o(.text.wwdgt_flag_get), (40 bytes).
    Removing gd32c2x1_wwdgt.o(.ARM.exidx.text.wwdgt_flag_get), (8 bytes).
    Removing gd32c2x1_wwdgt.o(.text.wwdgt_flag_clear), (16 bytes).
    Removing gd32c2x1_wwdgt.o(.ARM.exidx.text.wwdgt_flag_clear), (8 bytes).
    Removing gd32c2x1_wwdgt.o(.text.wwdgt_interrupt_enable), (20 bytes).
    Removing gd32c2x1_wwdgt.o(.ARM.exidx.text.wwdgt_interrupt_enable), (8 bytes).

1319 unused section(s) (total 42579 bytes) removed from the image.

==============================================================================

Image Symbol Table

    Local Symbols

    Symbol Name                              Value     Ov Type        Size  Object(Section)

    ../clib/angel/boardlib.s                 0x00000000   Number         0  boardinit1.o ABSOLUTE
    ../clib/angel/boardlib.s                 0x00000000   Number         0  boardinit2.o ABSOLUTE
    ../clib/angel/boardlib.s                 0x00000000   Number         0  boardinit3.o ABSOLUTE
    ../clib/angel/boardlib.s                 0x00000000   Number         0  boardshut.o ABSOLUTE
    ../clib/angel/handlers.s                 0x00000000   Number         0  __scatter_copy.o ABSOLUTE
    ../clib/angel/handlers.s                 0x00000000   Number         0  __scatter_zi.o ABSOLUTE
    ../clib/angel/kernel.s                   0x00000000   Number         0  __rtentry.o ABSOLUTE
    ../clib/angel/kernel.s                   0x00000000   Number         0  __rtentry2.o ABSOLUTE
    ../clib/angel/kernel.s                   0x00000000   Number         0  __rtentry4.o ABSOLUTE
    ../clib/angel/kernel.s                   0x00000000   Number         0  rtexit.o ABSOLUTE
    ../clib/angel/kernel.s                   0x00000000   Number         0  rtexit2.o ABSOLUTE
    ../clib/angel/rt.s                       0x00000000   Number         0  aeabi_ldiv0.o ABSOLUTE
    ../clib/angel/rt.s                       0x00000000   Number         0  aeabi_ldiv0_sigfpe.o ABSOLUTE
    ../clib/angel/rt.s                       0x00000000   Number         0  rt_div0.o ABSOLUTE
    ../clib/angel/rt.s                       0x00000000   Number         0  rt_raise.o ABSOLUTE
    ../clib/angel/scatterp.s                 0x00000000   Number         0  __scatter.o ABSOLUTE
    ../clib/angel/startup.s                  0x00000000   Number         0  __main.o ABSOLUTE
    ../clib/angel/sys.s                      0x00000000   Number         0  sys_stackheap_outer.o ABSOLUTE
    ../clib/angel/sys.s                      0x00000000   Number         0  libspace.o ABSOLUTE
    ../clib/angel/sys.s                      0x00000000   Number         0  tempstk.o ABSOLUTE
    ../clib/angel/sys.s                      0x00000000   Number         0  use_no_semi.o ABSOLUTE
    ../clib/angel/sys.s                      0x00000000   Number         0  indicate_semi.o ABSOLUTE
    ../clib/angel/sysapp.c                   0x00000000   Number         0  sys_exit.o ABSOLUTE
    ../clib/angel/sysapp.c                   0x00000000   Number         0  sys_exit_hlt.o ABSOLUTE
    ../clib/angel/sysapp.c                   0x00000000   Number         0  sys_wrch.o ABSOLUTE
    ../clib/angel/sysapp.c                   0x00000000   Number         0  sys_wrch_hlt.o ABSOLUTE
    ../clib/angel/sysapp.c                   0x00000000   Number         0  sys_command.o ABSOLUTE
    ../clib/angel/sysapp.c                   0x00000000   Number         0  sys_command_hlt.o ABSOLUTE
    ../clib/armsys.c                         0x00000000   Number         0  argv_veneer.o ABSOLUTE
    ../clib/armsys.c                         0x00000000   Number         0  _get_argv_nomalloc.o ABSOLUTE
    ../clib/armsys.c                         0x00000000   Number         0  no_argv.o ABSOLUTE
    ../clib/division.c                       0x00000000   Number         0  llsdiv.o ABSOLUTE
    ../clib/division.c                       0x00000000   Number         0  lludiv.o ABSOLUTE
    ../clib/heapalloc.c                      0x00000000   Number         0  hrguard.o ABSOLUTE
    ../clib/heapaux.c                        0x00000000   Number         0  heapauxi.o ABSOLUTE
    ../clib/libinit.s                        0x00000000   Number         0  libinit.o ABSOLUTE
    ../clib/libinit.s                        0x00000000   Number         0  libinit2.o ABSOLUTE
    ../clib/libinit.s                        0x00000000   Number         0  libshutdown.o ABSOLUTE
    ../clib/libinit.s                        0x00000000   Number         0  libshutdown2.o ABSOLUTE
    ../clib/longlong.c                       0x00000000   Number         0  llmul.o ABSOLUTE
    ../clib/memcpset.c                       0x00000000   Number         0  rt_memcpy.o ABSOLUTE
    ../clib/memcpset.c                       0x00000000   Number         0  rt_memcpy.o ABSOLUTE
    ../clib/signal.c                         0x00000000   Number         0  defsig_fpe_outer.o ABSOLUTE
    ../clib/signal.c                         0x00000000   Number         0  defsig_fpe_formal.o ABSOLUTE
    ../clib/signal.c                         0x00000000   Number         0  defsig_exit.o ABSOLUTE
    ../clib/signal.c                         0x00000000   Number         0  defsig_fpe_inner.o ABSOLUTE
    ../clib/signal.c                         0x00000000   Number         0  __raise.o ABSOLUTE
    ../clib/signal.c                         0x00000000   Number         0  defsig_general.o ABSOLUTE
    ../clib/signal.c                         0x00000000   Number         0  defsig_abrt_inner.o ABSOLUTE
    ../clib/signal.c                         0x00000000   Number         0  defsig_rtred_inner.o ABSOLUTE
    ../clib/signal.c                         0x00000000   Number         0  defsig_rtmem_inner.o ABSOLUTE
    ../clib/signal.c                         0x00000000   Number         0  defsig_rtmem_outer.o ABSOLUTE
    ../clib/signal.c                         0x00000000   Number         0  defsig_rtmem_formal.o ABSOLUTE
    ../clib/signal.c                         0x00000000   Number         0  defsig_stak_inner.o ABSOLUTE
    ../clib/signal.c                         0x00000000   Number         0  defsig_pvfn_inner.o ABSOLUTE
    ../clib/signal.c                         0x00000000   Number         0  defsig_cppl_inner.o ABSOLUTE
    ../clib/signal.c                         0x00000000   Number         0  defsig_segv_inner.o ABSOLUTE
    ../clib/signal.c                         0x00000000   Number         0  defsig_other.o ABSOLUTE
    ../clib/signal.s                         0x00000000   Number         0  defsig.o ABSOLUTE
    ../clib/stdlib.c                         0x00000000   Number         0  exit.o ABSOLUTE
    ../fplib/cfplib/fpinit.c                 0x00000000   Number         0  fpinit.o ABSOLUTE
    ../std/GD32C2x1_Firmware_Library/CMSIS/GD/GD32C2x1/Source/ARM/startup_gd32c2x1.s 0x00000000   Number         0  startup_gd32c2x1.o ABSOLUTE
    bsp_adc.c                                0x00000000   Number         0  bsp_adc.o ABSOLUTE
    bsp_delay.c                              0x00000000   Number         0  bsp_delay.o ABSOLUTE
    bsp_gpio.c                               0x00000000   Number         0  bsp_gpio.o ABSOLUTE
    bsp_i2c.c                                0x00000000   Number         0  bsp_i2c.o ABSOLUTE
    dc.s                                     0x00000000   Number         0  dc.o ABSOLUTE
    filter.c                                 0x00000000   Number         0  filter.o ABSOLUTE
    fm411_driver.c                           0x00000000   Number         0  fm411_driver.o ABSOLUTE
    gd32c2x1_adc.c                           0x00000000   Number         0  gd32c2x1_adc.o ABSOLUTE
    gd32c2x1_cmp.c                           0x00000000   Number         0  gd32c2x1_cmp.o ABSOLUTE
    gd32c2x1_crc.c                           0x00000000   Number         0  gd32c2x1_crc.o ABSOLUTE
    gd32c2x1_dbg.c                           0x00000000   Number         0  gd32c2x1_dbg.o ABSOLUTE
    gd32c2x1_dma.c                           0x00000000   Number         0  gd32c2x1_dma.o ABSOLUTE
    gd32c2x1_err_report.c                    0x00000000   Number         0  gd32c2x1_err_report.o ABSOLUTE
    gd32c2x1_exti.c                          0x00000000   Number         0  gd32c2x1_exti.o ABSOLUTE
    gd32c2x1_fmc.c                           0x00000000   Number         0  gd32c2x1_fmc.o ABSOLUTE
    gd32c2x1_fwdgt.c                         0x00000000   Number         0  gd32c2x1_fwdgt.o ABSOLUTE
    gd32c2x1_gpio.c                          0x00000000   Number         0  gd32c2x1_gpio.o ABSOLUTE
    gd32c2x1_i2c.c                           0x00000000   Number         0  gd32c2x1_i2c.o ABSOLUTE
    gd32c2x1_it.c                            0x00000000   Number         0  gd32c2x1_it.o ABSOLUTE
    gd32c2x1_misc.c                          0x00000000   Number         0  gd32c2x1_misc.o ABSOLUTE
    gd32c2x1_pmu.c                           0x00000000   Number         0  gd32c2x1_pmu.o ABSOLUTE
    gd32c2x1_rcu.c                           0x00000000   Number         0  gd32c2x1_rcu.o ABSOLUTE
    gd32c2x1_rtc.c                           0x00000000   Number         0  gd32c2x1_rtc.o ABSOLUTE
    gd32c2x1_spi.c                           0x00000000   Number         0  gd32c2x1_spi.o ABSOLUTE
    gd32c2x1_syscfg.c                        0x00000000   Number         0  gd32c2x1_syscfg.o ABSOLUTE
    gd32c2x1_timer.c                         0x00000000   Number         0  gd32c2x1_timer.o ABSOLUTE
    gd32c2x1_usart.c                         0x00000000   Number         0  gd32c2x1_usart.o ABSOLUTE
    gd32c2x1_wwdgt.c                         0x00000000   Number         0  gd32c2x1_wwdgt.o ABSOLUTE
    hns_ntc.c                                0x00000000   Number         0  hns_ntc.o ABSOLUTE
    i2c_bus_device.c                         0x00000000   Number         0  i2c_bus_device.o ABSOLUTE
    main.c                                   0x00000000   Number         0  main.o ABSOLUTE
    nfc_command.c                            0x00000000   Number         0  nfc_command.o ABSOLUTE
    system_gd32c2x1.c                        0x00000000   Number         0  system_gd32c2x1.o ABSOLUTE
    RESET                                    0x08000000   Section      220  startup_gd32c2x1.o(RESET)
    !!!main                                  0x080000dc   Section        8  __main.o(!!!main)
    !!!scatter                               0x080000e4   Section       60  __scatter.o(!!!scatter)
    !!handler_copy                           0x08000120   Section       26  __scatter_copy.o(!!handler_copy)
    !!handler_zi                             0x0800013c   Section       28  __scatter_zi.o(!!handler_zi)
    .ARM.Collect$$libinit$$00000000          0x08000158   Section        2  libinit.o(.ARM.Collect$$libinit$$00000000)
    .ARM.Collect$$libinit$$00000002          0x0800015a   Section        0  libinit2.o(.ARM.Collect$$libinit$$00000002)
    .ARM.Collect$$libinit$$00000004          0x0800015a   Section        0  libinit2.o(.ARM.Collect$$libinit$$00000004)
    .ARM.Collect$$libinit$$0000000A          0x0800015a   Section        0  libinit2.o(.ARM.Collect$$libinit$$0000000A)
    .ARM.Collect$$libinit$$0000000C          0x0800015a   Section        0  libinit2.o(.ARM.Collect$$libinit$$0000000C)
    .ARM.Collect$$libinit$$0000000E          0x0800015a   Section        0  libinit2.o(.ARM.Collect$$libinit$$0000000E)
    .ARM.Collect$$libinit$$00000011          0x0800015a   Section        0  libinit2.o(.ARM.Collect$$libinit$$00000011)
    .ARM.Collect$$libinit$$00000013          0x0800015a   Section        0  libinit2.o(.ARM.Collect$$libinit$$00000013)
    .ARM.Collect$$libinit$$00000015          0x0800015a   Section        0  libinit2.o(.ARM.Collect$$libinit$$00000015)
    .ARM.Collect$$libinit$$00000017          0x0800015a   Section        0  libinit2.o(.ARM.Collect$$libinit$$00000017)
    .ARM.Collect$$libinit$$00000019          0x0800015a   Section        0  libinit2.o(.ARM.Collect$$libinit$$00000019)
    .ARM.Collect$$libinit$$0000001B          0x0800015a   Section        0  libinit2.o(.ARM.Collect$$libinit$$0000001B)
    .ARM.Collect$$libinit$$0000001D          0x0800015a   Section        0  libinit2.o(.ARM.Collect$$libinit$$0000001D)
    .ARM.Collect$$libinit$$0000001F          0x0800015a   Section        0  libinit2.o(.ARM.Collect$$libinit$$0000001F)
    .ARM.Collect$$libinit$$00000021          0x0800015a   Section        0  libinit2.o(.ARM.Collect$$libinit$$00000021)
    .ARM.Collect$$libinit$$00000023          0x0800015a   Section        0  libinit2.o(.ARM.Collect$$libinit$$00000023)
    .ARM.Collect$$libinit$$00000025          0x0800015a   Section        0  libinit2.o(.ARM.Collect$$libinit$$00000025)
    .ARM.Collect$$libinit$$0000002C          0x0800015a   Section        0  libinit2.o(.ARM.Collect$$libinit$$0000002C)
    .ARM.Collect$$libinit$$0000002E          0x0800015a   Section        0  libinit2.o(.ARM.Collect$$libinit$$0000002E)
    .ARM.Collect$$libinit$$00000030          0x0800015a   Section        0  libinit2.o(.ARM.Collect$$libinit$$00000030)
    .ARM.Collect$$libinit$$00000032          0x0800015a   Section        0  libinit2.o(.ARM.Collect$$libinit$$00000032)
    .ARM.Collect$$libinit$$00000033          0x0800015a   Section        2  libinit2.o(.ARM.Collect$$libinit$$00000033)
    .ARM.Collect$$libshutdown$$00000000      0x0800015c   Section        2  libshutdown.o(.ARM.Collect$$libshutdown$$00000000)
    .ARM.Collect$$libshutdown$$00000002      0x0800015e   Section        0  libshutdown2.o(.ARM.Collect$$libshutdown$$00000002)
    .ARM.Collect$$libshutdown$$00000004      0x0800015e   Section        0  libshutdown2.o(.ARM.Collect$$libshutdown$$00000004)
    .ARM.Collect$$libshutdown$$00000007      0x0800015e   Section        0  libshutdown2.o(.ARM.Collect$$libshutdown$$00000007)
    .ARM.Collect$$libshutdown$$0000000A      0x0800015e   Section        0  libshutdown2.o(.ARM.Collect$$libshutdown$$0000000A)
    .ARM.Collect$$libshutdown$$0000000C      0x0800015e   Section        0  libshutdown2.o(.ARM.Collect$$libshutdown$$0000000C)
    .ARM.Collect$$libshutdown$$0000000F      0x0800015e   Section        0  libshutdown2.o(.ARM.Collect$$libshutdown$$0000000F)
    .ARM.Collect$$libshutdown$$00000010      0x0800015e   Section        2  libshutdown2.o(.ARM.Collect$$libshutdown$$00000010)
    .ARM.Collect$$rtentry$$00000000          0x08000160   Section        0  __rtentry.o(.ARM.Collect$$rtentry$$00000000)
    .ARM.Collect$$rtentry$$00000002          0x08000160   Section        0  __rtentry2.o(.ARM.Collect$$rtentry$$00000002)
    .ARM.Collect$$rtentry$$00000004          0x08000160   Section        6  __rtentry4.o(.ARM.Collect$$rtentry$$00000004)
    .ARM.Collect$$rtentry$$00000009          0x08000166   Section        0  __rtentry2.o(.ARM.Collect$$rtentry$$00000009)
    .ARM.Collect$$rtentry$$0000000A          0x08000166   Section        4  __rtentry2.o(.ARM.Collect$$rtentry$$0000000A)
    .ARM.Collect$$rtentry$$0000000C          0x0800016a   Section        0  __rtentry2.o(.ARM.Collect$$rtentry$$0000000C)
    .ARM.Collect$$rtentry$$0000000D          0x0800016a   Section        8  __rtentry2.o(.ARM.Collect$$rtentry$$0000000D)
    .ARM.Collect$$rtexit$$00000000           0x08000172   Section        2  rtexit.o(.ARM.Collect$$rtexit$$00000000)
    .ARM.Collect$$rtexit$$00000002           0x08000174   Section        0  rtexit2.o(.ARM.Collect$$rtexit$$00000002)
    .ARM.Collect$$rtexit$$00000003           0x08000174   Section        4  rtexit2.o(.ARM.Collect$$rtexit$$00000003)
    .ARM.Collect$$rtexit$$00000004           0x08000178   Section        6  rtexit2.o(.ARM.Collect$$rtexit$$00000004)
    .text                                    0x08000180   Section       96  startup_gd32c2x1.o(.text)
    .text                                    0x080001e0   Section        0  llmul.o(.text)
    .text                                    0x08000210   Section        0  llsdiv.o(.text)
    .text                                    0x080002b6   Section        0  lludiv.o(.text)
    .text                                    0x080003c6   Section        0  heapauxi.o(.text)
    .text                                    0x080003cc   Section       62  sys_stackheap_outer.o(.text)
    .text                                    0x0800040a   Section        0  exit.o(.text)
    .text                                    0x0800041c   Section        8  libspace.o(.text)
    .text                                    0x08000424   Section        0  sys_exit.o(.text)
    .text                                    0x08000430   Section        2  use_no_semi.o(.text)
    .text                                    0x08000432   Section        0  indicate_semi.o(.text)
    [Anonymous Symbol]                       0x08000434   Section        0  bsp_gpio.o(.text.EXTI4_IRQHandler)
    __arm_cp.1_0                             0x0800045c   Number         4  bsp_gpio.o(.text.EXTI4_IRQHandler)
    [Anonymous Symbol]                       0x08000460   Section        0  gd32c2x1_it.o(.text.HardFault_Handler)
    [Anonymous Symbol]                       0x08000464   Section        0  gd32c2x1_it.o(.text.NMI_Handler)
    [Anonymous Symbol]                       0x080004a2   Section        0  gd32c2x1_it.o(.text.PendSV_Handler)
    [Anonymous Symbol]                       0x080004a6   Section        0  gd32c2x1_it.o(.text.SVC_Handler)
    [Anonymous Symbol]                       0x080004aa   Section        0  gd32c2x1_it.o(.text.SysTick_Handler)
    [Anonymous Symbol]                       0x080004ac   Section        0  system_gd32c2x1.o(.text.SystemInit)
    __arm_cp.0_0                             0x0800050c   Number         4  system_gd32c2x1.o(.text.SystemInit)
    __arm_cp.0_1                             0x08000510   Number         4  system_gd32c2x1.o(.text.SystemInit)
    __arm_cp.0_2                             0x08000514   Number         4  system_gd32c2x1.o(.text.SystemInit)
    __arm_cp.0_3                             0x08000518   Number         4  system_gd32c2x1.o(.text.SystemInit)
    __arm_cp.0_4                             0x0800051c   Number         4  system_gd32c2x1.o(.text.SystemInit)
    __arm_cp.0_5                             0x08000520   Number         4  system_gd32c2x1.o(.text.SystemInit)
    __NVIC_EnableIRQ                         0x08000525   Thumb Code    48  gd32c2x1_misc.o(.text.__NVIC_EnableIRQ)
    [Anonymous Symbol]                       0x08000524   Section        0  gd32c2x1_misc.o(.text.__NVIC_EnableIRQ)
    __arm_cp.2_0                             0x08000554   Number         4  gd32c2x1_misc.o(.text.__NVIC_EnableIRQ)
    __NVIC_SetPriority                       0x08000559   Thumb Code   128  gd32c2x1_misc.o(.text.__NVIC_SetPriority)
    [Anonymous Symbol]                       0x08000558   Section        0  gd32c2x1_misc.o(.text.__NVIC_SetPriority)
    __arm_cp.1_0                             0x080005d8   Number         4  gd32c2x1_misc.o(.text.__NVIC_SetPriority)
    __arm_cp.1_1                             0x080005dc   Number         4  gd32c2x1_misc.o(.text.__NVIC_SetPriority)
    [Anonymous Symbol]                       0x080005e0   Section        0  gd32c2x1_adc.o(.text.adc_channel_length_config)
    __arm_cp.9_1                             0x08000660   Number         4  gd32c2x1_adc.o(.text.adc_channel_length_config)
    __arm_cp.9_2                             0x08000664   Number         4  gd32c2x1_adc.o(.text.adc_channel_length_config)
    [Anonymous Symbol]                       0x08000668   Section        0  bsp_adc.o(.text.adc_channel_sample)
    __arm_cp.3_1                             0x080006e8   Number         4  bsp_adc.o(.text.adc_channel_sample)
    [Anonymous Symbol]                       0x080006ec   Section        0  bsp_adc.o(.text.adc_config)
    [Anonymous Symbol]                       0x08000758   Section        0  gd32c2x1_adc.o(.text.adc_data_alignment_config)
    [Anonymous Symbol]                       0x08000784   Section        0  gd32c2x1_adc.o(.text.adc_enable)
    [Anonymous Symbol]                       0x0800079c   Section        0  gd32c2x1_adc.o(.text.adc_external_trigger_config)
    [Anonymous Symbol]                       0x0800081c   Section        0  gd32c2x1_adc.o(.text.adc_external_trigger_source_config)
    [Anonymous Symbol]                       0x08000870   Section        0  gd32c2x1_adc.o(.text.adc_flag_clear)
    __arm_cp.33_0                            0x08000888   Number         4  gd32c2x1_adc.o(.text.adc_flag_clear)
    [Anonymous Symbol]                       0x0800088c   Section        0  gd32c2x1_adc.o(.text.adc_flag_get)
    __arm_cp.32_0                            0x080008b4   Number         4  gd32c2x1_adc.o(.text.adc_flag_get)
    [Anonymous Symbol]                       0x080008b8   Section        0  bsp_adc.o(.text.adc_gpio_config)
    __arm_cp.1_0                             0x080008e8   Number         4  bsp_adc.o(.text.adc_gpio_config)
    [Anonymous Symbol]                       0x080008ec   Section        0  bsp_adc.o(.text.adc_init)
    __arm_cp.4_0                             0x08000908   Number         4  bsp_adc.o(.text.adc_init)
    __arm_cp.4_1                             0x0800090c   Number         4  bsp_adc.o(.text.adc_init)
    [Anonymous Symbol]                       0x08000910   Section        0  gd32c2x1_adc.o(.text.adc_inserted_channel_config)
    __arm_cp.11_0                            0x080009f0   Number         4  gd32c2x1_adc.o(.text.adc_inserted_channel_config)
    __arm_cp.11_1                            0x080009f4   Number         4  gd32c2x1_adc.o(.text.adc_inserted_channel_config)
    __arm_cp.11_2                            0x080009f8   Number         4  gd32c2x1_adc.o(.text.adc_inserted_channel_config)
    [Anonymous Symbol]                       0x080009fc   Section        0  gd32c2x1_adc.o(.text.adc_inserted_data_read)
    __arm_cp.17_0                            0x08000a58   Number         4  gd32c2x1_adc.o(.text.adc_inserted_data_read)
    __arm_cp.17_1                            0x08000a5c   Number         4  gd32c2x1_adc.o(.text.adc_inserted_data_read)
    __arm_cp.17_2                            0x08000a60   Number         4  gd32c2x1_adc.o(.text.adc_inserted_data_read)
    __arm_cp.17_3                            0x08000a64   Number         4  gd32c2x1_adc.o(.text.adc_inserted_data_read)
    [Anonymous Symbol]                       0x08000a68   Section        0  gd32c2x1_adc.o(.text.adc_internal_channel_config)
    __arm_cp.7_0                             0x08000aa0   Number         4  gd32c2x1_adc.o(.text.adc_internal_channel_config)
    [Anonymous Symbol]                       0x08000aa4   Section        0  gd32c2x1_adc.o(.text.adc_software_trigger_enable)
    __arm_cp.15_0                            0x08000ae0   Number         4  gd32c2x1_adc.o(.text.adc_software_trigger_enable)
    [Anonymous Symbol]                       0x08000ae4   Section        0  gd32c2x1_adc.o(.text.adc_special_function_config)
    __arm_cp.6_0                             0x08000b90   Number         4  gd32c2x1_adc.o(.text.adc_special_function_config)
    __arm_cp.6_1                             0x08000b94   Number         4  gd32c2x1_adc.o(.text.adc_special_function_config)
    [Anonymous Symbol]                       0x08000b98   Section        0  filter.o(.text.avg16_filter_init)
    [Anonymous Symbol]                       0x08000bcc   Section        0  filter.o(.text.avg16_filter_update)
    [Anonymous Symbol]                       0x08000c1c   Section        0  bsp_gpio.o(.text.bsp_gpio_int_callback_reg)
    [Anonymous Symbol]                       0x08000c40   Section        0  bsp_gpio.o(.text.bsp_gpio_int_init)
    __arm_cp.0_0                             0x08000d0c   Number         4  bsp_gpio.o(.text.bsp_gpio_int_init)
    [Anonymous Symbol]                       0x08000d10   Section        0  bsp_i2c.o(.text.bsp_i2c_bus_init)
    __arm_cp.12_0                            0x08000d74   Number         4  bsp_i2c.o(.text.bsp_i2c_bus_init)
    __arm_cp.12_1                            0x08000d78   Number         4  bsp_i2c.o(.text.bsp_i2c_bus_init)
    __arm_cp.12_2                            0x08000d7c   Number         4  bsp_i2c.o(.text.bsp_i2c_bus_init)
    __arm_cp.12_3                            0x08000d80   Number         4  bsp_i2c.o(.text.bsp_i2c_bus_init)
    __arm_cp.12_4                            0x08000d84   Number         4  bsp_i2c.o(.text.bsp_i2c_bus_init)
    __arm_cp.12_5                            0x08000d88   Number         4  bsp_i2c.o(.text.bsp_i2c_bus_init)
    [Anonymous Symbol]                       0x08000d8c   Section        0  bsp_delay.o(.text.delay_loop)
    [Anonymous Symbol]                       0x08000d9c   Section        0  bsp_delay.o(.text.delay_us)
    [Anonymous Symbol]                       0x08000dcc   Section        0  fm411_driver.o(.text.dev_fm11_RFDataRx)
    [Anonymous Symbol]                       0x08000e7c   Section        0  fm411_driver.o(.text.dev_fm11_RFDataTx)
    __arm_cp.12_1                            0x08000f30   Number         4  fm411_driver.o(.text.dev_fm11_RFDataTx)
    [Anonymous Symbol]                       0x08000f34   Section        0  fm411_driver.o(.text.dev_fm11_ReadE2)
    [Anonymous Symbol]                       0x08000f94   Section        0  fm411_driver.o(.text.dev_fm11_ReadFIFO)
    [Anonymous Symbol]                       0x08000fd4   Section        0  fm411_driver.o(.text.dev_fm11_ReadReg)
    [Anonymous Symbol]                       0x08001010   Section        0  fm411_driver.o(.text.dev_fm11_WriteE2)
    __arm_cp.2_0                             0x08001178   Number         4  fm411_driver.o(.text.dev_fm11_WriteE2)
    [Anonymous Symbol]                       0x0800117c   Section        0  fm411_driver.o(.text.dev_fm11_WriteFIFO)
    __arm_cp.7_0                             0x080011a0   Number         4  fm411_driver.o(.text.dev_fm11_WriteFIFO)
    [Anonymous Symbol]                       0x080011a4   Section        0  fm411_driver.o(.text.dev_fm11_WriteReg)
    [Anonymous Symbol]                       0x080011c6   Section        0  fm411_driver.o(.text.dev_fm11_get_irq)
    [Anonymous Symbol]                       0x080011e4   Section        0  fm411_driver.o(.text.dev_fm11_init)
    __arm_cp.0_0                             0x08001284   Number         4  fm411_driver.o(.text.dev_fm11_init)
    __arm_cp.0_1                             0x08001288   Number         4  fm411_driver.o(.text.dev_fm11_init)
    __arm_cp.0_3                             0x0800128c   Number         4  fm411_driver.o(.text.dev_fm11_init)
    [Anonymous Symbol]                       0x08001290   Section        0  fm411_driver.o(.text.dev_fm11_irq_procee)
    __arm_cp.9_0                             0x08001368   Number         4  fm411_driver.o(.text.dev_fm11_irq_procee)
    __arm_cp.9_1                             0x0800136c   Number         4  fm411_driver.o(.text.dev_fm11_irq_procee)
    __arm_cp.9_2                             0x08001370   Number         4  fm411_driver.o(.text.dev_fm11_irq_procee)
    __arm_cp.9_3                             0x08001374   Number         4  fm411_driver.o(.text.dev_fm11_irq_procee)
    __arm_cp.9_4                             0x08001378   Number         4  fm411_driver.o(.text.dev_fm11_irq_procee)
    __arm_cp.9_5                             0x0800137c   Number         4  fm411_driver.o(.text.dev_fm11_irq_procee)
    [Anonymous Symbol]                       0x08001380   Section        0  fm411_driver.o(.text.dev_fm11_sEE_WritePage)
    [Anonymous Symbol]                       0x080013c0   Section        0  gd32c2x1_exti.o(.text.exti_init)
    __arm_cp.1_0                             0x08001490   Number         4  gd32c2x1_exti.o(.text.exti_init)
    __arm_cp.1_1                             0x08001494   Number         4  gd32c2x1_exti.o(.text.exti_init)
    __arm_cp.1_2                             0x08001498   Number         4  gd32c2x1_exti.o(.text.exti_init)
    __arm_cp.1_3                             0x0800149c   Number         4  gd32c2x1_exti.o(.text.exti_init)
    [Anonymous Symbol]                       0x080014a0   Section        0  gd32c2x1_exti.o(.text.exti_interrupt_flag_clear)
    [Anonymous Symbol]                       0x080014b0   Section        0  gd32c2x1_exti.o(.text.exti_interrupt_flag_get)
    __arm_cp.10_0                            0x080014e0   Number         4  gd32c2x1_exti.o(.text.exti_interrupt_flag_get)
    [Anonymous Symbol]                       0x080014e4   Section        0  bsp_i2c.o(.text.fm11_csn_ctl)
    [Anonymous Symbol]                       0x08001510   Section        0  bsp_i2c.o(.text.fm11_dev_init)
    __arm_cp.15_1                            0x08001548   Number         4  bsp_i2c.o(.text.fm11_dev_init)
    __arm_cp.15_2                            0x0800154c   Number         4  bsp_i2c.o(.text.fm11_dev_init)
    __arm_cp.15_3                            0x08001550   Number         4  bsp_i2c.o(.text.fm11_dev_init)
    __arm_cp.15_4                            0x08001554   Number         4  bsp_i2c.o(.text.fm11_dev_init)
    [Anonymous Symbol]                       0x08001558   Section        0  bsp_i2c.o(.text.fm11_irq_pro)
    __arm_cp.14_0                            0x0800157c   Number         4  bsp_i2c.o(.text.fm11_irq_pro)
    __arm_cp.14_1                            0x08001580   Number         4  bsp_i2c.o(.text.fm11_irq_pro)
    [Anonymous Symbol]                       0x08001584   Section        0  gd32c2x1_gpio.o(.text.gpio_bit_write)
    [Anonymous Symbol]                       0x080015ac   Section        0  gd32c2x1_gpio.o(.text.gpio_input_bit_get)
    [Anonymous Symbol]                       0x080015d8   Section        0  gd32c2x1_gpio.o(.text.gpio_mode_set)
    [Anonymous Symbol]                       0x08001670   Section        0  gd32c2x1_gpio.o(.text.gpio_output_options_set)
    __arm_cp.2_0                             0x08001704   Number         4  gd32c2x1_gpio.o(.text.gpio_output_options_set)
    [Anonymous Symbol]                       0x08001708   Section        0  hns_ntc.o(.text.hns_ntc_get_temp_c)
    __arm_cp.1_0                             0x08001750   Number         4  hns_ntc.o(.text.hns_ntc_get_temp_c)
    [Anonymous Symbol]                       0x08001754   Section        0  bsp_i2c.o(.text.i2c_bus0_gpio_init)
    __arm_cp.9_0                             0x080017c0   Number         4  bsp_i2c.o(.text.i2c_bus0_gpio_init)
    __arm_cp.9_1                             0x080017c4   Number         4  bsp_i2c.o(.text.i2c_bus0_gpio_init)
    [Anonymous Symbol]                       0x080017c8   Section        0  bsp_i2c.o(.text.i2c_bus0_gpio_pinCtl)
    [Anonymous Symbol]                       0x080017fc   Section        0  bsp_i2c.o(.text.i2c_bus0_gpio_read)
    __arm_cp.11_0                            0x08001830   Number         4  bsp_i2c.o(.text.i2c_bus0_gpio_read)
    [Anonymous Symbol]                       0x08001834   Section        0  i2c_bus_device.o(.text.i2c_bus_device_Ack)
    [Anonymous Symbol]                       0x0800188c   Section        0  i2c_bus_device.o(.text.i2c_bus_device_CheckDevice)
    [Anonymous Symbol]                       0x0800192a   Section        0  i2c_bus_device.o(.text.i2c_bus_device_NAck)
    [Anonymous Symbol]                       0x08001978   Section        0  i2c_bus_device.o(.text.i2c_bus_device_Read)
    [Anonymous Symbol]                       0x08001a96   Section        0  i2c_bus_device.o(.text.i2c_bus_device_ReadByte)
    [Anonymous Symbol]                       0x08001b34   Section        0  i2c_bus_device.o(.text.i2c_bus_device_SendByte)
    [Anonymous Symbol]                       0x08001bdc   Section        0  i2c_bus_device.o(.text.i2c_bus_device_Start)
    [Anonymous Symbol]                       0x08001c2a   Section        0  i2c_bus_device.o(.text.i2c_bus_device_Stop)
    [Anonymous Symbol]                       0x08001c78   Section        0  i2c_bus_device.o(.text.i2c_bus_device_WaitAck)
    [Anonymous Symbol]                       0x08001cee   Section        0  i2c_bus_device.o(.text.i2c_bus_device_Write)
    [Anonymous Symbol]                       0x08001dd4   Section        0  i2c_bus_device.o(.text.i2c_bus_device_init)
    __arm_cp.0_0                             0x08001e04   Number         4  i2c_bus_device.o(.text.i2c_bus_device_init)
    ln_q16                                   0x08001e09   Thumb Code   148  hns_ntc.o(.text.ln_q16)
    [Anonymous Symbol]                       0x08001e08   Section        0  hns_ntc.o(.text.ln_q16)
    __arm_cp.2_0                             0x08001e9c   Number         4  hns_ntc.o(.text.ln_q16)
    __arm_cp.2_1                             0x08001ea0   Number         4  hns_ntc.o(.text.ln_q16)
    __arm_cp.2_2                             0x08001ea4   Number         4  hns_ntc.o(.text.ln_q16)
    [Anonymous Symbol]                       0x08001ea8   Section        0  main.o(.text.main)
    __arm_cp.3_0                             0x08001ed4   Number         4  main.o(.text.main)
    [Anonymous Symbol]                       0x08001ed8   Section        0  hns_ntc.o(.text.ntc_calc_resistance)
    __arm_cp.3_0                             0x08001f08   Number         4  hns_ntc.o(.text.ntc_calc_resistance)
    __arm_cp.3_1                             0x08001f0c   Number         4  hns_ntc.o(.text.ntc_calc_resistance)
    __arm_cp.3_2                             0x08001f10   Number         4  hns_ntc.o(.text.ntc_calc_resistance)
    [Anonymous Symbol]                       0x08001f14   Section        0  gd32c2x1_misc.o(.text.nvic_irq_enable)
    [Anonymous Symbol]                       0x08001f44   Section        0  gd32c2x1_misc.o(.text.nvic_vector_table_set)
    __arm_cp.5_0                             0x08001f60   Number         4  gd32c2x1_misc.o(.text.nvic_vector_table_set)
    __arm_cp.5_1                             0x08001f64   Number         4  gd32c2x1_misc.o(.text.nvic_vector_table_set)
    [Anonymous Symbol]                       0x08001f68   Section        0  nfc_command.o(.text.prog_task)
    __arm_cp.7_0                             0x08001fb4   Number         4  nfc_command.o(.text.prog_task)
    __arm_cp.7_1                             0x08001fb8   Number         4  nfc_command.o(.text.prog_task)
    __arm_cp.7_2                             0x08001fbc   Number         4  nfc_command.o(.text.prog_task)
    [Anonymous Symbol]                       0x08001fc0   Section        0  gd32c2x1_rcu.o(.text.rcu_adc_clock_config)
    __arm_cp.13_0                            0x08001ffc   Number         4  gd32c2x1_rcu.o(.text.rcu_adc_clock_config)
    [Anonymous Symbol]                       0x08002000   Section        0  bsp_adc.o(.text.rcu_config)
    __arm_cp.0_0                             0x08002014   Number         4  bsp_adc.o(.text.rcu_config)
    [Anonymous Symbol]                       0x08002018   Section        0  gd32c2x1_rcu.o(.text.rcu_irc48mdiv_sys_clock_config)
    [Anonymous Symbol]                       0x08002040   Section        0  gd32c2x1_rcu.o(.text.rcu_periph_clock_enable)
    [Anonymous Symbol]                       0x08002064   Section        0  gd32c2x1_syscfg.o(.text.syscfg_exti_line_config)
    __arm_cp.6_0                             0x08002108   Number         4  gd32c2x1_syscfg.o(.text.syscfg_exti_line_config)
    __arm_cp.6_1                             0x0800210c   Number         4  gd32c2x1_syscfg.o(.text.syscfg_exti_line_config)
    __arm_cp.6_2                             0x08002110   Number         4  gd32c2x1_syscfg.o(.text.syscfg_exti_line_config)
    __arm_cp.6_3                             0x08002114   Number         4  gd32c2x1_syscfg.o(.text.syscfg_exti_line_config)
    [Anonymous Symbol]                       0x08002118   Section        0  gd32c2x1_syscfg.o(.text.syscfg_interrupt_flag_get)
    __arm_cp.13_0                            0x08002144   Number         4  gd32c2x1_syscfg.o(.text.syscfg_interrupt_flag_get)
    system_clock_config                      0x08002149   Thumb Code     8  system_gd32c2x1.o(.text.system_clock_config)
    [Anonymous Symbol]                       0x08002148   Section        0  system_gd32c2x1.o(.text.system_clock_config)
    system_clock_irc48m                      0x08002151   Thumb Code   156  system_gd32c2x1.o(.text.system_clock_irc48m)
    [Anonymous Symbol]                       0x08002150   Section        0  system_gd32c2x1.o(.text.system_clock_irc48m)
    __arm_cp.4_0                             0x080021ec   Number         4  system_gd32c2x1.o(.text.system_clock_irc48m)
    __arm_cp.4_1                             0x080021f0   Number         4  system_gd32c2x1.o(.text.system_clock_irc48m)
    __arm_cp.4_2                             0x080021f4   Number         4  system_gd32c2x1.o(.text.system_clock_irc48m)
    [Anonymous Symbol]                       0x080021f8   Section        0  nfc_command.o(.text.table_init)
    __arm_cp.6_0                             0x0800220c   Number         4  nfc_command.o(.text.table_init)
    __arm_cp.6_1                             0x08002210   Number         4  nfc_command.o(.text.table_init)
    .bss                                     0x20000020   Section       96  libspace.o(.bss)
    fm411_cmd                                0x20000134   Data         256  nfc_command.o(.bss.fm411_cmd)
    [Anonymous Symbol]                       0x20000134   Section        0  nfc_command.o(.bss.fm411_cmd)
    g_buffer                                 0x20000234   Data         519  nfc_command.o(.bss.g_buffer)
    [Anonymous Symbol]                       0x20000234   Section        0  nfc_command.o(.bss.g_buffer)
    Heap_Mem                                 0x20000498   Data        1024  startup_gd32c2x1.o(HEAP)
    HEAP                                     0x20000498   Section     1024  startup_gd32c2x1.o(HEAP)
    Stack_Mem                                0x20000898   Data        1024  startup_gd32c2x1.o(STACK)
    STACK                                    0x20000898   Section     1024  startup_gd32c2x1.o(STACK)
    __initial_sp                             0x20000c98   Data           0  startup_gd32c2x1.o(STACK)

    Global Symbols

    Symbol Name                              Value     Ov Type        Size  Object(Section)

    BuildAttributes$$THM_ISAv3M$S$8M$PE$A:L22$X:L11$S22$IEEE1$IW$~IW$USESV6$~STKCKD$USESV7$~SHL$OSPACE$ROPI$EBA8$UX$STANDARDLIB$REQ8$PRES8$EABIv2 0x00000000   Number         0  anon$$obj.o ABSOLUTE
    __ARM_exceptions_init                     - Undefined Weak Reference
    __alloca_initialize                       - Undefined Weak Reference
    __arm_preinit_                            - Undefined Weak Reference
    __cpp_initialize__aeabi_                  - Undefined Weak Reference
    __cxa_finalize                            - Undefined Weak Reference
    __rt_locale                               - Undefined Weak Reference
    __sigvec_lookup                           - Undefined Weak Reference
    _atexit_init                              - Undefined Weak Reference
    _call_atexit_fns                          - Undefined Weak Reference
    _clock_init                               - Undefined Weak Reference
    _fp_trap_init                             - Undefined Weak Reference
    _fp_trap_shutdown                         - Undefined Weak Reference
    _get_lc_collate                           - Undefined Weak Reference
    _get_lc_ctype                             - Undefined Weak Reference
    _get_lc_monetary                          - Undefined Weak Reference
    _get_lc_numeric                           - Undefined Weak Reference
    _get_lc_time                              - Undefined Weak Reference
    _getenv_init                              - Undefined Weak Reference
    _handle_redirection                       - Undefined Weak Reference
    _init_alloc                               - Undefined Weak Reference
    _init_user_alloc                          - Undefined Weak Reference
    _initio                                   - Undefined Weak Reference
    _rand_init                                - Undefined Weak Reference
    _signal_finish                            - Undefined Weak Reference
    _signal_init                              - Undefined Weak Reference
    _terminate_alloc                          - Undefined Weak Reference
    _terminate_user_alloc                     - Undefined Weak Reference
    _terminateio                              - Undefined Weak Reference
    __Vectors_Size                           0x000000dc   Number         0  startup_gd32c2x1.o ABSOLUTE
    __Vectors                                0x08000000   Data           4  startup_gd32c2x1.o(RESET)
    __Vectors_End                            0x080000dc   Data           0  startup_gd32c2x1.o(RESET)
    __main                                   0x080000dd   Thumb Code     8  __main.o(!!!main)
    __scatterload                            0x080000e5   Thumb Code     0  __scatter.o(!!!scatter)
    __scatterload_rt2                        0x080000e5   Thumb Code    52  __scatter.o(!!!scatter)
    __scatterload_rt2_thumb_only             0x080000e5   Thumb Code     0  __scatter.o(!!!scatter)
    __scatterload_null                       0x080000f5   Thumb Code     0  __scatter.o(!!!scatter)
    __scatterload_copy                       0x08000121   Thumb Code    26  __scatter_copy.o(!!handler_copy)
    __scatterload_zeroinit                   0x0800013d   Thumb Code    28  __scatter_zi.o(!!handler_zi)
    __rt_lib_init                            0x08000159   Thumb Code     0  libinit.o(.ARM.Collect$$libinit$$00000000)
    __rt_lib_init_alloca_1                   0x0800015b   Thumb Code     0  libinit2.o(.ARM.Collect$$libinit$$0000002E)
    __rt_lib_init_argv_1                     0x0800015b   Thumb Code     0  libinit2.o(.ARM.Collect$$libinit$$0000002C)
    __rt_lib_init_atexit_1                   0x0800015b   Thumb Code     0  libinit2.o(.ARM.Collect$$libinit$$0000001B)
    __rt_lib_init_clock_1                    0x0800015b   Thumb Code     0  libinit2.o(.ARM.Collect$$libinit$$00000021)
    __rt_lib_init_cpp_1                      0x0800015b   Thumb Code     0  libinit2.o(.ARM.Collect$$libinit$$00000032)
    __rt_lib_init_exceptions_1               0x0800015b   Thumb Code     0  libinit2.o(.ARM.Collect$$libinit$$00000030)
    __rt_lib_init_fp_1                       0x0800015b   Thumb Code     0  libinit2.o(.ARM.Collect$$libinit$$00000002)
    __rt_lib_init_fp_trap_1                  0x0800015b   Thumb Code     0  libinit2.o(.ARM.Collect$$libinit$$0000001F)
    __rt_lib_init_getenv_1                   0x0800015b   Thumb Code     0  libinit2.o(.ARM.Collect$$libinit$$00000023)
    __rt_lib_init_heap_1                     0x0800015b   Thumb Code     0  libinit2.o(.ARM.Collect$$libinit$$0000000A)
    __rt_lib_init_lc_collate_1               0x0800015b   Thumb Code     0  libinit2.o(.ARM.Collect$$libinit$$00000011)
    __rt_lib_init_lc_ctype_1                 0x0800015b   Thumb Code     0  libinit2.o(.ARM.Collect$$libinit$$00000013)
    __rt_lib_init_lc_monetary_1              0x0800015b   Thumb Code     0  libinit2.o(.ARM.Collect$$libinit$$00000015)
    __rt_lib_init_lc_numeric_1               0x0800015b   Thumb Code     0  libinit2.o(.ARM.Collect$$libinit$$00000017)
    __rt_lib_init_lc_time_1                  0x0800015b   Thumb Code     0  libinit2.o(.ARM.Collect$$libinit$$00000019)
    __rt_lib_init_preinit_1                  0x0800015b   Thumb Code     0  libinit2.o(.ARM.Collect$$libinit$$00000004)
    __rt_lib_init_rand_1                     0x0800015b   Thumb Code     0  libinit2.o(.ARM.Collect$$libinit$$0000000E)
    __rt_lib_init_return                     0x0800015b   Thumb Code     0  libinit2.o(.ARM.Collect$$libinit$$00000033)
    __rt_lib_init_signal_1                   0x0800015b   Thumb Code     0  libinit2.o(.ARM.Collect$$libinit$$0000001D)
    __rt_lib_init_stdio_1                    0x0800015b   Thumb Code     0  libinit2.o(.ARM.Collect$$libinit$$00000025)
    __rt_lib_init_user_alloc_1               0x0800015b   Thumb Code     0  libinit2.o(.ARM.Collect$$libinit$$0000000C)
    __rt_lib_shutdown                        0x0800015d   Thumb Code     0  libshutdown.o(.ARM.Collect$$libshutdown$$00000000)
    __rt_lib_shutdown_cpp_1                  0x0800015f   Thumb Code     0  libshutdown2.o(.ARM.Collect$$libshutdown$$00000002)
    __rt_lib_shutdown_fp_trap_1              0x0800015f   Thumb Code     0  libshutdown2.o(.ARM.Collect$$libshutdown$$00000007)
    __rt_lib_shutdown_heap_1                 0x0800015f   Thumb Code     0  libshutdown2.o(.ARM.Collect$$libshutdown$$0000000F)
    __rt_lib_shutdown_return                 0x0800015f   Thumb Code     0  libshutdown2.o(.ARM.Collect$$libshutdown$$00000010)
    __rt_lib_shutdown_signal_1               0x0800015f   Thumb Code     0  libshutdown2.o(.ARM.Collect$$libshutdown$$0000000A)
    __rt_lib_shutdown_stdio_1                0x0800015f   Thumb Code     0  libshutdown2.o(.ARM.Collect$$libshutdown$$00000004)
    __rt_lib_shutdown_user_alloc_1           0x0800015f   Thumb Code     0  libshutdown2.o(.ARM.Collect$$libshutdown$$0000000C)
    __rt_entry                               0x08000161   Thumb Code     0  __rtentry.o(.ARM.Collect$$rtentry$$00000000)
    __rt_entry_presh_1                       0x08000161   Thumb Code     0  __rtentry2.o(.ARM.Collect$$rtentry$$00000002)
    __rt_entry_sh                            0x08000161   Thumb Code     0  __rtentry4.o(.ARM.Collect$$rtentry$$00000004)
    __rt_entry_li                            0x08000167   Thumb Code     0  __rtentry2.o(.ARM.Collect$$rtentry$$0000000A)
    __rt_entry_postsh_1                      0x08000167   Thumb Code     0  __rtentry2.o(.ARM.Collect$$rtentry$$00000009)
    __rt_entry_main                          0x0800016b   Thumb Code     0  __rtentry2.o(.ARM.Collect$$rtentry$$0000000D)
    __rt_entry_postli_1                      0x0800016b   Thumb Code     0  __rtentry2.o(.ARM.Collect$$rtentry$$0000000C)
    __rt_exit                                0x08000173   Thumb Code     0  rtexit.o(.ARM.Collect$$rtexit$$00000000)
    __rt_exit_ls                             0x08000175   Thumb Code     0  rtexit2.o(.ARM.Collect$$rtexit$$00000003)
    __rt_exit_prels_1                        0x08000175   Thumb Code     0  rtexit2.o(.ARM.Collect$$rtexit$$00000002)
    __rt_exit_exit                           0x08000179   Thumb Code     0  rtexit2.o(.ARM.Collect$$rtexit$$00000004)
    Reset_Handler                            0x08000181   Thumb Code    34  startup_gd32c2x1.o(.text)
    ADC_IRQHandler                           0x080001ad   Thumb Code     0  startup_gd32c2x1.o(.text)
    CMP0_IRQHandler                          0x080001ad   Thumb Code     0  startup_gd32c2x1.o(.text)
    CMP1_IRQHandler                          0x080001ad   Thumb Code     0  startup_gd32c2x1.o(.text)
    DMAMUX_IRQHandler                        0x080001ad   Thumb Code     0  startup_gd32c2x1.o(.text)
    DMA_Channel0_IRQHandler                  0x080001ad   Thumb Code     0  startup_gd32c2x1.o(.text)
    DMA_Channel1_IRQHandler                  0x080001ad   Thumb Code     0  startup_gd32c2x1.o(.text)
    DMA_Channel2_IRQHandler                  0x080001ad   Thumb Code     0  startup_gd32c2x1.o(.text)
    EXTI0_IRQHandler                         0x080001ad   Thumb Code     0  startup_gd32c2x1.o(.text)
    EXTI10_15_IRQHandler                     0x080001ad   Thumb Code     0  startup_gd32c2x1.o(.text)
    EXTI1_IRQHandler                         0x080001ad   Thumb Code     0  startup_gd32c2x1.o(.text)
    EXTI2_IRQHandler                         0x080001ad   Thumb Code     0  startup_gd32c2x1.o(.text)
    EXTI3_IRQHandler                         0x080001ad   Thumb Code     0  startup_gd32c2x1.o(.text)
    EXTI5_9_IRQHandler                       0x080001ad   Thumb Code     0  startup_gd32c2x1.o(.text)
    FMC_IRQHandler                           0x080001ad   Thumb Code     0  startup_gd32c2x1.o(.text)
    I2C0_ER_IRQHandler                       0x080001ad   Thumb Code     0  startup_gd32c2x1.o(.text)
    I2C0_EV_IRQHandler                       0x080001ad   Thumb Code     0  startup_gd32c2x1.o(.text)
    I2C0_WKUP_IRQHandler                     0x080001ad   Thumb Code     0  startup_gd32c2x1.o(.text)
    I2C1_ER_IRQHandler                       0x080001ad   Thumb Code     0  startup_gd32c2x1.o(.text)
    I2C1_EV_IRQHandler                       0x080001ad   Thumb Code     0  startup_gd32c2x1.o(.text)
    I2C1_WKUP_IRQHandler                     0x080001ad   Thumb Code     0  startup_gd32c2x1.o(.text)
    RCU_IRQHandler                           0x080001ad   Thumb Code     0  startup_gd32c2x1.o(.text)
    RTC_Alarm_IRQHandler                     0x080001ad   Thumb Code     0  startup_gd32c2x1.o(.text)
    SPI0_IRQHandler                          0x080001ad   Thumb Code     0  startup_gd32c2x1.o(.text)
    SPI1_IRQHandler                          0x080001ad   Thumb Code     0  startup_gd32c2x1.o(.text)
    TIMER0_Channel_IRQHandler                0x080001ad   Thumb Code     0  startup_gd32c2x1.o(.text)
    TIMER0_TRG_CMT_UP_BRK_IRQHandler         0x080001ad   Thumb Code     0  startup_gd32c2x1.o(.text)
    TIMER13_IRQHandler                       0x080001ad   Thumb Code     0  startup_gd32c2x1.o(.text)
    TIMER15_IRQHandler                       0x080001ad   Thumb Code     0  startup_gd32c2x1.o(.text)
    TIMER16_IRQHandler                       0x080001ad   Thumb Code     0  startup_gd32c2x1.o(.text)
    TIMER2_IRQHandler                        0x080001ad   Thumb Code     0  startup_gd32c2x1.o(.text)
    TIMESTAMP_IRQHandler                     0x080001ad   Thumb Code     0  startup_gd32c2x1.o(.text)
    USART0_IRQHandler                        0x080001ad   Thumb Code     0  startup_gd32c2x1.o(.text)
    USART0_WKUP_IRQHandler                   0x080001ad   Thumb Code     0  startup_gd32c2x1.o(.text)
    USART1_IRQHandler                        0x080001ad   Thumb Code     0  startup_gd32c2x1.o(.text)
    USART2_IRQHandler                        0x080001ad   Thumb Code     0  startup_gd32c2x1.o(.text)
    WWDGT_IRQHandler                         0x080001ad   Thumb Code     0  startup_gd32c2x1.o(.text)
    __user_initial_stackheap                 0x080001b1   Thumb Code    10  startup_gd32c2x1.o(.text)
    __aeabi_lmul                             0x080001e1   Thumb Code    48  llmul.o(.text)
    _ll_mul                                  0x080001e1   Thumb Code     0  llmul.o(.text)
    __aeabi_ldivmod                          0x08000211   Thumb Code   166  llsdiv.o(.text)
    _ll_sdiv                                 0x08000211   Thumb Code     0  llsdiv.o(.text)
    __aeabi_uldivmod                         0x080002b7   Thumb Code   272  lludiv.o(.text)
    _ll_udiv                                 0x080002b7   Thumb Code     0  lludiv.o(.text)
    __use_two_region_memory                  0x080003c7   Thumb Code     2  heapauxi.o(.text)
    __rt_heap_escrow$2region                 0x080003c9   Thumb Code     2  heapauxi.o(.text)
    __rt_heap_expand$2region                 0x080003cb   Thumb Code     2  heapauxi.o(.text)
    __user_setup_stackheap                   0x080003cd   Thumb Code    62  sys_stackheap_outer.o(.text)
    exit                                     0x0800040b   Thumb Code    16  exit.o(.text)
    __user_libspace                          0x0800041d   Thumb Code     8  libspace.o(.text)
    __user_perproc_libspace                  0x0800041d   Thumb Code     0  libspace.o(.text)
    __user_perthread_libspace                0x0800041d   Thumb Code     0  libspace.o(.text)
    _sys_exit                                0x08000425   Thumb Code     8  sys_exit.o(.text)
    __I$use$semihosting                      0x08000431   Thumb Code     0  use_no_semi.o(.text)
    __use_no_semihosting_swi                 0x08000431   Thumb Code     2  use_no_semi.o(.text)
    __semihosting_library_function           0x08000433   Thumb Code     0  indicate_semi.o(.text)
    EXTI4_IRQHandler                         0x08000435   Thumb Code    40  bsp_gpio.o(.text.EXTI4_IRQHandler)
    HardFault_Handler                        0x08000461   Thumb Code     4  gd32c2x1_it.o(.text.HardFault_Handler)
    NMI_Handler                              0x08000465   Thumb Code    62  gd32c2x1_it.o(.text.NMI_Handler)
    PendSV_Handler                           0x080004a3   Thumb Code     4  gd32c2x1_it.o(.text.PendSV_Handler)
    SVC_Handler                              0x080004a7   Thumb Code     4  gd32c2x1_it.o(.text.SVC_Handler)
    SysTick_Handler                          0x080004ab   Thumb Code     2  gd32c2x1_it.o(.text.SysTick_Handler)
    SystemInit                               0x080004ad   Thumb Code    96  system_gd32c2x1.o(.text.SystemInit)
    adc_channel_length_config                0x080005e1   Thumb Code   128  gd32c2x1_adc.o(.text.adc_channel_length_config)
    adc_channel_sample                       0x08000669   Thumb Code   128  bsp_adc.o(.text.adc_channel_sample)
    adc_config                               0x080006ed   Thumb Code   106  bsp_adc.o(.text.adc_config)
    adc_data_alignment_config                0x08000759   Thumb Code    44  gd32c2x1_adc.o(.text.adc_data_alignment_config)
    adc_enable                               0x08000785   Thumb Code    24  gd32c2x1_adc.o(.text.adc_enable)
    adc_external_trigger_config              0x0800079d   Thumb Code   128  gd32c2x1_adc.o(.text.adc_external_trigger_config)
    adc_external_trigger_source_config       0x0800081d   Thumb Code    84  gd32c2x1_adc.o(.text.adc_external_trigger_source_config)
    adc_flag_clear                           0x08000871   Thumb Code    24  gd32c2x1_adc.o(.text.adc_flag_clear)
    adc_flag_get                             0x0800088d   Thumb Code    40  gd32c2x1_adc.o(.text.adc_flag_get)
    adc_gpio_config                          0x080008b9   Thumb Code    48  bsp_adc.o(.text.adc_gpio_config)
    adc_init                                 0x080008ed   Thumb Code    28  bsp_adc.o(.text.adc_init)
    adc_inserted_channel_config              0x08000911   Thumb Code   224  gd32c2x1_adc.o(.text.adc_inserted_channel_config)
    adc_inserted_data_read                   0x080009fd   Thumb Code    92  gd32c2x1_adc.o(.text.adc_inserted_data_read)
    adc_internal_channel_config              0x08000a69   Thumb Code    56  gd32c2x1_adc.o(.text.adc_internal_channel_config)
    adc_software_trigger_enable              0x08000aa5   Thumb Code    60  gd32c2x1_adc.o(.text.adc_software_trigger_enable)
    adc_special_function_config              0x08000ae5   Thumb Code   172  gd32c2x1_adc.o(.text.adc_special_function_config)
    avg16_filter_init                        0x08000b99   Thumb Code    52  filter.o(.text.avg16_filter_init)
    avg16_filter_update                      0x08000bcd   Thumb Code    80  filter.o(.text.avg16_filter_update)
    bsp_gpio_int_callback_reg                0x08000c1d   Thumb Code    36  bsp_gpio.o(.text.bsp_gpio_int_callback_reg)
    bsp_gpio_int_init                        0x08000c41   Thumb Code   204  bsp_gpio.o(.text.bsp_gpio_int_init)
    bsp_i2c_bus_init                         0x08000d11   Thumb Code   100  bsp_i2c.o(.text.bsp_i2c_bus_init)
    delay_loop                               0x08000d8d   Thumb Code    16  bsp_delay.o(.text.delay_loop)
    delay_us                                 0x08000d9d   Thumb Code    46  bsp_delay.o(.text.delay_us)
    dev_fm11_RFDataRx                        0x08000dcd   Thumb Code   176  fm411_driver.o(.text.dev_fm11_RFDataRx)
    dev_fm11_RFDataTx                        0x08000e7d   Thumb Code   180  fm411_driver.o(.text.dev_fm11_RFDataTx)
    dev_fm11_ReadE2                          0x08000f35   Thumb Code    94  fm411_driver.o(.text.dev_fm11_ReadE2)
    dev_fm11_ReadFIFO                        0x08000f95   Thumb Code    64  fm411_driver.o(.text.dev_fm11_ReadFIFO)
    dev_fm11_ReadReg                         0x08000fd5   Thumb Code    60  fm411_driver.o(.text.dev_fm11_ReadReg)
    dev_fm11_WriteE2                         0x08001011   Thumb Code   360  fm411_driver.o(.text.dev_fm11_WriteE2)
    dev_fm11_WriteFIFO                       0x0800117d   Thumb Code    36  fm411_driver.o(.text.dev_fm11_WriteFIFO)
    dev_fm11_WriteReg                        0x080011a5   Thumb Code    34  fm411_driver.o(.text.dev_fm11_WriteReg)
    dev_fm11_get_irq                         0x080011c7   Thumb Code    28  fm411_driver.o(.text.dev_fm11_get_irq)
    dev_fm11_init                            0x080011e5   Thumb Code   160  fm411_driver.o(.text.dev_fm11_init)
    dev_fm11_irq_procee                      0x08001291   Thumb Code   216  fm411_driver.o(.text.dev_fm11_irq_procee)
    dev_fm11_sEE_WritePage                   0x08001381   Thumb Code    64  fm411_driver.o(.text.dev_fm11_sEE_WritePage)
    exti_init                                0x080013c1   Thumb Code   208  gd32c2x1_exti.o(.text.exti_init)
    exti_interrupt_flag_clear                0x080014a1   Thumb Code    16  gd32c2x1_exti.o(.text.exti_interrupt_flag_clear)
    exti_interrupt_flag_get                  0x080014b1   Thumb Code    48  gd32c2x1_exti.o(.text.exti_interrupt_flag_get)
    fm11_csn_ctl                             0x080014e5   Thumb Code    44  bsp_i2c.o(.text.fm11_csn_ctl)
    fm11_dev_init                            0x08001511   Thumb Code    56  bsp_i2c.o(.text.fm11_dev_init)
    fm11_irq_pro                             0x08001559   Thumb Code    36  bsp_i2c.o(.text.fm11_irq_pro)
    gpio_bit_write                           0x08001585   Thumb Code    40  gd32c2x1_gpio.o(.text.gpio_bit_write)
    gpio_input_bit_get                       0x080015ad   Thumb Code    44  gd32c2x1_gpio.o(.text.gpio_input_bit_get)
    gpio_mode_set                            0x080015d9   Thumb Code   150  gd32c2x1_gpio.o(.text.gpio_mode_set)
    gpio_output_options_set                  0x08001671   Thumb Code   148  gd32c2x1_gpio.o(.text.gpio_output_options_set)
    hns_ntc_get_temp_c                       0x08001709   Thumb Code    72  hns_ntc.o(.text.hns_ntc_get_temp_c)
    i2c_bus0_gpio_init                       0x08001755   Thumb Code   108  bsp_i2c.o(.text.i2c_bus0_gpio_init)
    i2c_bus0_gpio_pinCtl                     0x080017c9   Thumb Code    52  bsp_i2c.o(.text.i2c_bus0_gpio_pinCtl)
    i2c_bus0_gpio_read                       0x080017fd   Thumb Code    52  bsp_i2c.o(.text.i2c_bus0_gpio_read)
    i2c_bus_device_Ack                       0x08001835   Thumb Code    88  i2c_bus_device.o(.text.i2c_bus_device_Ack)
    i2c_bus_device_CheckDevice               0x0800188d   Thumb Code   158  i2c_bus_device.o(.text.i2c_bus_device_CheckDevice)
    i2c_bus_device_NAck                      0x0800192b   Thumb Code    78  i2c_bus_device.o(.text.i2c_bus_device_NAck)
    i2c_bus_device_Read                      0x08001979   Thumb Code   286  i2c_bus_device.o(.text.i2c_bus_device_Read)
    i2c_bus_device_ReadByte                  0x08001a97   Thumb Code   158  i2c_bus_device.o(.text.i2c_bus_device_ReadByte)
    i2c_bus_device_SendByte                  0x08001b35   Thumb Code   168  i2c_bus_device.o(.text.i2c_bus_device_SendByte)
    i2c_bus_device_Start                     0x08001bdd   Thumb Code    78  i2c_bus_device.o(.text.i2c_bus_device_Start)
    i2c_bus_device_Stop                      0x08001c2b   Thumb Code    78  i2c_bus_device.o(.text.i2c_bus_device_Stop)
    i2c_bus_device_WaitAck                   0x08001c79   Thumb Code   118  i2c_bus_device.o(.text.i2c_bus_device_WaitAck)
    i2c_bus_device_Write                     0x08001cef   Thumb Code   230  i2c_bus_device.o(.text.i2c_bus_device_Write)
    i2c_bus_device_init                      0x08001dd5   Thumb Code    48  i2c_bus_device.o(.text.i2c_bus_device_init)
    main                                     0x08001ea9   Thumb Code    44  main.o(.text.main)
    ntc_calc_resistance                      0x08001ed9   Thumb Code    48  hns_ntc.o(.text.ntc_calc_resistance)
    nvic_irq_enable                          0x08001f15   Thumb Code    46  gd32c2x1_misc.o(.text.nvic_irq_enable)
    nvic_vector_table_set                    0x08001f45   Thumb Code    28  gd32c2x1_misc.o(.text.nvic_vector_table_set)
    prog_task                                0x08001f69   Thumb Code    76  nfc_command.o(.text.prog_task)
    rcu_adc_clock_config                     0x08001fc1   Thumb Code    60  gd32c2x1_rcu.o(.text.rcu_adc_clock_config)
    rcu_config                               0x08002001   Thumb Code    20  bsp_adc.o(.text.rcu_config)
    rcu_irc48mdiv_sys_clock_config           0x08002019   Thumb Code    40  gd32c2x1_rcu.o(.text.rcu_irc48mdiv_sys_clock_config)
    rcu_periph_clock_enable                  0x08002041   Thumb Code    36  gd32c2x1_rcu.o(.text.rcu_periph_clock_enable)
    syscfg_exti_line_config                  0x08002065   Thumb Code   164  gd32c2x1_syscfg.o(.text.syscfg_exti_line_config)
    syscfg_interrupt_flag_get                0x08002119   Thumb Code    44  gd32c2x1_syscfg.o(.text.syscfg_interrupt_flag_get)
    table_init                               0x080021f9   Thumb Code    20  nfc_command.o(.text.table_init)
    Region$$Table$$Base                      0x08002214   Number         0  anon$$obj.o(Region$$Table)
    Region$$Table$$Limit                     0x08002234   Number         0  anon$$obj.o(Region$$Table)
    gpio_int_cfg                             0x20000000   Data          28  bsp_gpio.o(.data.gpio_int_cfg)
    __libspace_start                         0x20000020   Data          96  libspace.o(.bss)
    __temporary_stack_top$libspace           0x20000080   Data           0  libspace.o(.bss)
    avg16_filter1                            0x20000080   Data          72  bsp_adc.o(.bss.avg16_filter1)
    avg16_filter2                            0x200000c8   Data          72  bsp_adc.o(.bss.avg16_filter2)
    dev_fm11                                 0x20000110   Data          36  bsp_i2c.o(.bss.dev_fm11)
    g_tcb                                    0x2000043c   Data          24  nfc_command.o(.bss.g_tcb)
    i2c_bus0                                 0x20000454   Data          56  bsp_i2c.o(.bss.i2c_bus0)
    res_value                                0x2000048c   Data           8  bsp_adc.o(.bss.res_value)
    rfLen                                    0x20000494   Data           1  nfc_command.o(.bss.rfLen)



==============================================================================

Memory Map of the image

  Image Entry point : 0x080000dd

  Load Region LR_IROM1 (Base: 0x08000000, Size: 0x00002258, Max: 0x00010000, ABSOLUTE)

    Execution Region ER_IROM1 (Exec base: 0x08000000, Load base: 0x08000000, Size: 0x00002234, Max: 0x00010000, ABSOLUTE)

    Exec Addr    Load Addr    Size         Type   Attr      Idx    E Section Name        Object

    0x08000000   0x08000000   0x000000dc   Data   RO          277    RESET               startup_gd32c2x1.o
    0x080000dc   0x080000dc   0x00000008   Code   RO         1630  * !!!main             c_p.l(__main.o)
    0x080000e4   0x080000e4   0x0000003c   Code   RO         1805    !!!scatter          c_p.l(__scatter.o)
    0x08000120   0x08000120   0x0000001a   Code   RO         1807    !!handler_copy      c_p.l(__scatter_copy.o)
    0x0800013a   0x0800013a   0x00000002   PAD
    0x0800013c   0x0800013c   0x0000001c   Code   RO         1809    !!handler_zi        c_p.l(__scatter_zi.o)
    0x08000158   0x08000158   0x00000002   Code   RO         1668    .ARM.Collect$$libinit$$00000000  c_p.l(libinit.o)
    0x0800015a   0x0800015a   0x00000000   Code   RO         1682    .ARM.Collect$$libinit$$00000002  c_p.l(libinit2.o)
    0x0800015a   0x0800015a   0x00000000   Code   RO         1684    .ARM.Collect$$libinit$$00000004  c_p.l(libinit2.o)
    0x0800015a   0x0800015a   0x00000000   Code   RO         1687    .ARM.Collect$$libinit$$0000000A  c_p.l(libinit2.o)
    0x0800015a   0x0800015a   0x00000000   Code   RO         1689    .ARM.Collect$$libinit$$0000000C  c_p.l(libinit2.o)
    0x0800015a   0x0800015a   0x00000000   Code   RO         1691    .ARM.Collect$$libinit$$0000000E  c_p.l(libinit2.o)
    0x0800015a   0x0800015a   0x00000000   Code   RO         1694    .ARM.Collect$$libinit$$00000011  c_p.l(libinit2.o)
    0x0800015a   0x0800015a   0x00000000   Code   RO         1696    .ARM.Collect$$libinit$$00000013  c_p.l(libinit2.o)
    0x0800015a   0x0800015a   0x00000000   Code   RO         1698    .ARM.Collect$$libinit$$00000015  c_p.l(libinit2.o)
    0x0800015a   0x0800015a   0x00000000   Code   RO         1700    .ARM.Collect$$libinit$$00000017  c_p.l(libinit2.o)
    0x0800015a   0x0800015a   0x00000000   Code   RO         1702    .ARM.Collect$$libinit$$00000019  c_p.l(libinit2.o)
    0x0800015a   0x0800015a   0x00000000   Code   RO         1704    .ARM.Collect$$libinit$$0000001B  c_p.l(libinit2.o)
    0x0800015a   0x0800015a   0x00000000   Code   RO         1706    .ARM.Collect$$libinit$$0000001D  c_p.l(libinit2.o)
    0x0800015a   0x0800015a   0x00000000   Code   RO         1708    .ARM.Collect$$libinit$$0000001F  c_p.l(libinit2.o)
    0x0800015a   0x0800015a   0x00000000   Code   RO         1710    .ARM.Collect$$libinit$$00000021  c_p.l(libinit2.o)
    0x0800015a   0x0800015a   0x00000000   Code   RO         1712    .ARM.Collect$$libinit$$00000023  c_p.l(libinit2.o)
    0x0800015a   0x0800015a   0x00000000   Code   RO         1714    .ARM.Collect$$libinit$$00000025  c_p.l(libinit2.o)
    0x0800015a   0x0800015a   0x00000000   Code   RO         1718    .ARM.Collect$$libinit$$0000002C  c_p.l(libinit2.o)
    0x0800015a   0x0800015a   0x00000000   Code   RO         1720    .ARM.Collect$$libinit$$0000002E  c_p.l(libinit2.o)
    0x0800015a   0x0800015a   0x00000000   Code   RO         1722    .ARM.Collect$$libinit$$00000030  c_p.l(libinit2.o)
    0x0800015a   0x0800015a   0x00000000   Code   RO         1724    .ARM.Collect$$libinit$$00000032  c_p.l(libinit2.o)
    0x0800015a   0x0800015a   0x00000002   Code   RO         1725    .ARM.Collect$$libinit$$00000033  c_p.l(libinit2.o)
    0x0800015c   0x0800015c   0x00000002   Code   RO         1760    .ARM.Collect$$libshutdown$$00000000  c_p.l(libshutdown.o)
    0x0800015e   0x0800015e   0x00000000   Code   RO         1788    .ARM.Collect$$libshutdown$$00000002  c_p.l(libshutdown2.o)
    0x0800015e   0x0800015e   0x00000000   Code   RO         1790    .ARM.Collect$$libshutdown$$00000004  c_p.l(libshutdown2.o)
    0x0800015e   0x0800015e   0x00000000   Code   RO         1793    .ARM.Collect$$libshutdown$$00000007  c_p.l(libshutdown2.o)
    0x0800015e   0x0800015e   0x00000000   Code   RO         1796    .ARM.Collect$$libshutdown$$0000000A  c_p.l(libshutdown2.o)
    0x0800015e   0x0800015e   0x00000000   Code   RO         1798    .ARM.Collect$$libshutdown$$0000000C  c_p.l(libshutdown2.o)
    0x0800015e   0x0800015e   0x00000000   Code   RO         1801    .ARM.Collect$$libshutdown$$0000000F  c_p.l(libshutdown2.o)
    0x0800015e   0x0800015e   0x00000002   Code   RO         1802    .ARM.Collect$$libshutdown$$00000010  c_p.l(libshutdown2.o)
    0x08000160   0x08000160   0x00000000   Code   RO         1632    .ARM.Collect$$rtentry$$00000000  c_p.l(__rtentry.o)
    0x08000160   0x08000160   0x00000000   Code   RO         1638    .ARM.Collect$$rtentry$$00000002  c_p.l(__rtentry2.o)
    0x08000160   0x08000160   0x00000006   Code   RO         1650    .ARM.Collect$$rtentry$$00000004  c_p.l(__rtentry4.o)
    0x08000166   0x08000166   0x00000000   Code   RO         1640    .ARM.Collect$$rtentry$$00000009  c_p.l(__rtentry2.o)
    0x08000166   0x08000166   0x00000004   Code   RO         1641    .ARM.Collect$$rtentry$$0000000A  c_p.l(__rtentry2.o)
    0x0800016a   0x0800016a   0x00000000   Code   RO         1643    .ARM.Collect$$rtentry$$0000000C  c_p.l(__rtentry2.o)
    0x0800016a   0x0800016a   0x00000008   Code   RO         1644    .ARM.Collect$$rtentry$$0000000D  c_p.l(__rtentry2.o)
    0x08000172   0x08000172   0x00000002   Code   RO         1673    .ARM.Collect$$rtexit$$00000000  c_p.l(rtexit.o)
    0x08000174   0x08000174   0x00000000   Code   RO         1731    .ARM.Collect$$rtexit$$00000002  c_p.l(rtexit2.o)
    0x08000174   0x08000174   0x00000004   Code   RO         1732    .ARM.Collect$$rtexit$$00000003  c_p.l(rtexit2.o)
    0x08000178   0x08000178   0x00000006   Code   RO         1733    .ARM.Collect$$rtexit$$00000004  c_p.l(rtexit2.o)
    0x0800017e   0x0800017e   0x00000002   PAD
    0x08000180   0x08000180   0x00000060   Code   RO          278    .text               startup_gd32c2x1.o
    0x080001e0   0x080001e0   0x00000030   Code   RO         1618    .text               c_p.l(llmul.o)
    0x08000210   0x08000210   0x000000a6   Code   RO         1620    .text               c_p.l(llsdiv.o)
    0x080002b6   0x080002b6   0x00000110   Code   RO         1622    .text               c_p.l(lludiv.o)
    0x080003c6   0x080003c6   0x00000006   Code   RO         1628    .text               c_p.l(heapauxi.o)
    0x080003cc   0x080003cc   0x0000003e   Code   RO         1654    .text               c_p.l(sys_stackheap_outer.o)
    0x0800040a   0x0800040a   0x00000010   Code   RO         1657    .text               c_p.l(exit.o)
    0x0800041a   0x0800041a   0x00000002   PAD
    0x0800041c   0x0800041c   0x00000008   Code   RO         1669    .text               c_p.l(libspace.o)
    0x08000424   0x08000424   0x0000000c   Code   RO         1726    .text               c_p.l(sys_exit.o)
    0x08000430   0x08000430   0x00000002   Code   RO         1749    .text               c_p.l(use_no_semi.o)
    0x08000432   0x08000432   0x00000000   Code   RO         1751    .text               c_p.l(indicate_semi.o)
    0x08000432   0x08000432   0x00000002   PAD
    0x08000434   0x08000434   0x0000002c   Code   RO          178    .text.EXTI4_IRQHandler  bsp_gpio.o
    0x08000460   0x08000460   0x00000004   Code   RO           20    .text.HardFault_Handler  gd32c2x1_it.o
    0x08000464   0x08000464   0x0000003e   Code   RO           18    .text.NMI_Handler   gd32c2x1_it.o
    0x080004a2   0x080004a2   0x00000004   Code   RO           24    .text.PendSV_Handler  gd32c2x1_it.o
    0x080004a6   0x080004a6   0x00000004   Code   RO           22    .text.SVC_Handler   gd32c2x1_it.o
    0x080004aa   0x080004aa   0x00000002   Code   RO           26    .text.SysTick_Handler  gd32c2x1_it.o
    0x080004ac   0x080004ac   0x00000078   Code   RO          285    .text.SystemInit    system_gd32c2x1.o
    0x08000524   0x08000524   0x00000034   Code   RO          909    .text.__NVIC_EnableIRQ  gd32c2x1_misc.o
    0x08000558   0x08000558   0x00000088   Code   RO          907    .text.__NVIC_SetPriority  gd32c2x1_misc.o
    0x080005e0   0x080005e0   0x00000088   Code   RO          335    .text.adc_channel_length_config  gd32c2x1_adc.o
    0x08000668   0x08000668   0x00000084   Code   RO          196    .text.adc_channel_sample  bsp_adc.o
    0x080006ec   0x080006ec   0x0000006a   Code   RO          194    .text.adc_config    bsp_adc.o
    0x08000756   0x08000756   0x00000002   PAD
    0x08000758   0x08000758   0x0000002c   Code   RO          333    .text.adc_data_alignment_config  gd32c2x1_adc.o
    0x08000784   0x08000784   0x00000018   Code   RO          319    .text.adc_enable    gd32c2x1_adc.o
    0x0800079c   0x0800079c   0x00000080   Code   RO          343    .text.adc_external_trigger_config  gd32c2x1_adc.o
    0x0800081c   0x0800081c   0x00000054   Code   RO          345    .text.adc_external_trigger_source_config  gd32c2x1_adc.o
    0x08000870   0x08000870   0x0000001c   Code   RO          383    .text.adc_flag_clear  gd32c2x1_adc.o
    0x0800088c   0x0800088c   0x0000002c   Code   RO          381    .text.adc_flag_get  gd32c2x1_adc.o
    0x080008b8   0x080008b8   0x00000034   Code   RO          192    .text.adc_gpio_config  bsp_adc.o
    0x080008ec   0x080008ec   0x00000024   Code   RO          198    .text.adc_init      bsp_adc.o
    0x08000910   0x08000910   0x000000ec   Code   RO          339    .text.adc_inserted_channel_config  gd32c2x1_adc.o
    0x080009fc   0x080009fc   0x0000006c   Code   RO          351    .text.adc_inserted_data_read  gd32c2x1_adc.o
    0x08000a68   0x08000a68   0x0000003c   Code   RO          331    .text.adc_internal_channel_config  gd32c2x1_adc.o
    0x08000aa4   0x08000aa4   0x00000040   Code   RO          347    .text.adc_software_trigger_enable  gd32c2x1_adc.o
    0x08000ae4   0x08000ae4   0x000000b4   Code   RO          329    .text.adc_special_function_config  gd32c2x1_adc.o
    0x08000b98   0x08000b98   0x00000034   Code   RO           96    .text.avg16_filter_init  filter.o
    0x08000bcc   0x08000bcc   0x00000050   Code   RO           98    .text.avg16_filter_update  filter.o
    0x08000c1c   0x08000c1c   0x00000024   Code   RO          180    .text.bsp_gpio_int_callback_reg  bsp_gpio.o
    0x08000c40   0x08000c40   0x000000d0   Code   RO          176    .text.bsp_gpio_int_init  bsp_gpio.o
    0x08000d10   0x08000d10   0x0000007c   Code   RO          146    .text.bsp_i2c_bus_init  bsp_i2c.o
    0x08000d8c   0x08000d8c   0x00000010   Code   RO          163    .text.delay_loop    bsp_delay.o
    0x08000d9c   0x08000d9c   0x0000002e   Code   RO          165    .text.delay_us      bsp_delay.o
    0x08000dca   0x08000dca   0x00000002   PAD
    0x08000dcc   0x08000dcc   0x000000b0   Code   RO          263    .text.dev_fm11_RFDataRx  fm411_driver.o
    0x08000e7c   0x08000e7c   0x000000b8   Code   RO          265    .text.dev_fm11_RFDataTx  fm411_driver.o
    0x08000f34   0x08000f34   0x0000005e   Code   RO          243    .text.dev_fm11_ReadE2  fm411_driver.o
    0x08000f92   0x08000f92   0x00000002   PAD
    0x08000f94   0x08000f94   0x00000040   Code   RO          261    .text.dev_fm11_ReadFIFO  fm411_driver.o
    0x08000fd4   0x08000fd4   0x0000003c   Code   RO          253    .text.dev_fm11_ReadReg  fm411_driver.o
    0x08001010   0x08001010   0x0000016c   Code   RO          245    .text.dev_fm11_WriteE2  fm411_driver.o
    0x0800117c   0x0800117c   0x00000028   Code   RO          255    .text.dev_fm11_WriteFIFO  fm411_driver.o
    0x080011a4   0x080011a4   0x00000022   Code   RO          247    .text.dev_fm11_WriteReg  fm411_driver.o
    0x080011c6   0x080011c6   0x0000001c   Code   RO          257    .text.dev_fm11_get_irq  fm411_driver.o
    0x080011e2   0x080011e2   0x00000002   PAD
    0x080011e4   0x080011e4   0x000000ac   Code   RO          241    .text.dev_fm11_init  fm411_driver.o
    0x08001290   0x08001290   0x000000f0   Code   RO          259    .text.dev_fm11_irq_procee  fm411_driver.o
    0x08001380   0x08001380   0x00000040   Code   RO          249    .text.dev_fm11_sEE_WritePage  fm411_driver.o
    0x080013c0   0x080013c0   0x000000e0   Code   RO          596    .text.exti_init     gd32c2x1_exti.o
    0x080014a0   0x080014a0   0x00000010   Code   RO          616    .text.exti_interrupt_flag_clear  gd32c2x1_exti.o
    0x080014b0   0x080014b0   0x00000034   Code   RO          614    .text.exti_interrupt_flag_get  gd32c2x1_exti.o
    0x080014e4   0x080014e4   0x0000002c   Code   RO          148    .text.fm11_csn_ctl  bsp_i2c.o
    0x08001510   0x08001510   0x00000048   Code   RO          152    .text.fm11_dev_init  bsp_i2c.o
    0x08001558   0x08001558   0x0000002c   Code   RO          150    .text.fm11_irq_pro  bsp_i2c.o
    0x08001584   0x08001584   0x00000028   Code   RO          747    .text.gpio_bit_write  gd32c2x1_gpio.o
    0x080015ac   0x080015ac   0x0000002c   Code   RO          751    .text.gpio_input_bit_get  gd32c2x1_gpio.o
    0x080015d8   0x080015d8   0x00000096   Code   RO          739    .text.gpio_mode_set  gd32c2x1_gpio.o
    0x0800166e   0x0800166e   0x00000002   PAD
    0x08001670   0x08001670   0x00000098   Code   RO          741    .text.gpio_output_options_set  gd32c2x1_gpio.o
    0x08001708   0x08001708   0x0000004c   Code   RO          109    .text.hns_ntc_get_temp_c  hns_ntc.o
    0x08001754   0x08001754   0x00000074   Code   RO          140    .text.i2c_bus0_gpio_init  bsp_i2c.o
    0x080017c8   0x080017c8   0x00000034   Code   RO          142    .text.i2c_bus0_gpio_pinCtl  bsp_i2c.o
    0x080017fc   0x080017fc   0x00000038   Code   RO          144    .text.i2c_bus0_gpio_read  bsp_i2c.o
    0x08001834   0x08001834   0x00000058   Code   RO          224    .text.i2c_bus_device_Ack  i2c_bus_device.o
    0x0800188c   0x0800188c   0x0000009e   Code   RO          228    .text.i2c_bus_device_CheckDevice  i2c_bus_device.o
    0x0800192a   0x0800192a   0x0000004e   Code   RO          226    .text.i2c_bus_device_NAck  i2c_bus_device.o
    0x08001978   0x08001978   0x0000011e   Code   RO          230    .text.i2c_bus_device_Read  i2c_bus_device.o
    0x08001a96   0x08001a96   0x0000009e   Code   RO          220    .text.i2c_bus_device_ReadByte  i2c_bus_device.o
    0x08001b34   0x08001b34   0x000000a8   Code   RO          218    .text.i2c_bus_device_SendByte  i2c_bus_device.o
    0x08001bdc   0x08001bdc   0x0000004e   Code   RO          214    .text.i2c_bus_device_Start  i2c_bus_device.o
    0x08001c2a   0x08001c2a   0x0000004e   Code   RO          216    .text.i2c_bus_device_Stop  i2c_bus_device.o
    0x08001c78   0x08001c78   0x00000076   Code   RO          222    .text.i2c_bus_device_WaitAck  i2c_bus_device.o
    0x08001cee   0x08001cee   0x000000e6   Code   RO          232    .text.i2c_bus_device_Write  i2c_bus_device.o
    0x08001dd4   0x08001dd4   0x00000034   Code   RO          212    .text.i2c_bus_device_init  i2c_bus_device.o
    0x08001e08   0x08001e08   0x000000a0   Code   RO          111    .text.ln_q16        hns_ntc.o
    0x08001ea8   0x08001ea8   0x00000030   Code   RO            8    .text.main          main.o
    0x08001ed8   0x08001ed8   0x0000003c   Code   RO          113    .text.ntc_calc_resistance  hns_ntc.o
    0x08001f14   0x08001f14   0x0000002e   Code   RO          905    .text.nvic_irq_enable  gd32c2x1_misc.o
    0x08001f42   0x08001f42   0x00000002   PAD
    0x08001f44   0x08001f44   0x00000024   Code   RO          915    .text.nvic_vector_table_set  gd32c2x1_misc.o
    0x08001f68   0x08001f68   0x00000058   Code   RO           49    .text.prog_task     nfc_command.o
    0x08001fc0   0x08001fc0   0x00000040   Code   RO         1001    .text.rcu_adc_clock_config  gd32c2x1_rcu.o
    0x08002000   0x08002000   0x00000018   Code   RO          190    .text.rcu_config    bsp_adc.o
    0x08002018   0x08002018   0x00000028   Code   RO         1019    .text.rcu_irc48mdiv_sys_clock_config  gd32c2x1_rcu.o
    0x08002040   0x08002040   0x00000024   Code   RO          977    .text.rcu_periph_clock_enable  gd32c2x1_rcu.o
    0x08002064   0x08002064   0x000000b4   Code   RO         1253    .text.syscfg_exti_line_config  gd32c2x1_syscfg.o
    0x08002118   0x08002118   0x00000030   Code   RO         1267    .text.syscfg_interrupt_flag_get  gd32c2x1_syscfg.o
    0x08002148   0x08002148   0x00000008   Code   RO          287    .text.system_clock_config  system_gd32c2x1.o
    0x08002150   0x08002150   0x000000a8   Code   RO          293    .text.system_clock_irc48m  system_gd32c2x1.o
    0x080021f8   0x080021f8   0x0000001c   Code   RO           47    .text.table_init    nfc_command.o
    0x08002214   0x08002214   0x00000020   Data   RO         1804    Region$$Table       anon$$obj.o


    Execution Region RW_IRAM1 (Exec base: 0x20000000, Load base: 0x08002238, Size: 0x00000c98, Max: 0x00003000, ABSOLUTE)

    Exec Addr    Load Addr    Size         Type   Attr      Idx    E Section Name        Object

    0x20000000   0x08002238   0x0000001c   Data   RW          182    .data.gpio_int_cfg  bsp_gpio.o
    0x2000001c   0x08002254   0x00000004   PAD
    0x20000020        -       0x00000060   Zero   RW         1670    .bss                c_p.l(libspace.o)
    0x20000080        -       0x00000048   Zero   RW          200    .bss.avg16_filter1  bsp_adc.o
    0x200000c8        -       0x00000048   Zero   RW          202    .bss.avg16_filter2  bsp_adc.o
    0x20000110        -       0x00000024   Zero   RW          155    .bss.dev_fm11       bsp_i2c.o
    0x20000134        -       0x00000100   Zero   RW           78    .bss.fm411_cmd      nfc_command.o
    0x20000234        -       0x00000207   Zero   RW           76    .bss.g_buffer       nfc_command.o
    0x2000043b   0x08002254   0x00000001   PAD
    0x2000043c        -       0x00000018   Zero   RW           77    .bss.g_tcb          nfc_command.o
    0x20000454        -       0x00000038   Zero   RW          154    .bss.i2c_bus0       bsp_i2c.o
    0x2000048c        -       0x00000008   Zero   RW          201    .bss.res_value      bsp_adc.o
    0x20000494        -       0x00000001   Zero   RW           79    .bss.rfLen          nfc_command.o
    0x20000495   0x08002254   0x00000003   PAD
    0x20000498        -       0x00000400   Zero   RW          276    HEAP                startup_gd32c2x1.o
    0x20000898        -       0x00000400   Zero   RW          275    STACK               startup_gd32c2x1.o


==============================================================================

Image component sizes


      Code (inc. data)   RO Data    RW Data    ZI Data      Debug   Object Name

       350         20          0          0        152       2279   bsp_adc.o
        62          0          0          0          0        879   bsp_delay.o
       288          8          0         28          0       2974   bsp_gpio.o
       508         60          0          0         92       6338   bsp_i2c.o
       132          0          0          0          0       1058   filter.o
      1520         48          0          0          0       5724   fm411_driver.o
      1136         60          0          0          0       8535   gd32c2x1_adc.o
       292         20          0          0          0       3171   gd32c2x1_exti.o
       386          4          0          0          0       4424   gd32c2x1_gpio.o
        76          0          0          0          0        978   gd32c2x1_it.o
       270         20          0          0          0       4117   gd32c2x1_misc.o
       140          4          0          0          0      12206   gd32c2x1_rcu.o
       228         20          0          0          0       3769   gd32c2x1_syscfg.o
       296         28          0          0          0       1468   hns_ntc.o
      1492          4          0          0          0       5031   i2c_bus_device.o
        48          4          0          0          0       2969   main.o
       116         20          0          0        800       7966   nfc_command.o
        96         40        220          0       2048        772   startup_gd32c2x1.o
       296         36          0          0          0       1749   system_gd32c2x1.o

    ----------------------------------------------------------------------
      7744        396        252         28       3100      76407   Object Totals
         0          0         32          0          0          0   (incl. Generated)
        12          0          0          0          8          0   (incl. Padding)

    ----------------------------------------------------------------------

      Code (inc. data)   RO Data    RW Data    ZI Data      Debug   Library Member Name

         8          0          0          0          0         68   __main.o
         0          0          0          0          0          0   __rtentry.o
        12          0          0          0          0          0   __rtentry2.o
         6          0          0          0          0          0   __rtentry4.o
        60          8          0          0          0          0   __scatter.o
        26          0          0          0          0          0   __scatter_copy.o
        28          0          0          0          0          0   __scatter_zi.o
        16          0          0          0          0         68   exit.o
         6          0          0          0          0        136   heapauxi.o
         0          0          0          0          0          0   indicate_semi.o
         2          0          0          0          0          0   libinit.o
         2          0          0          0          0          0   libinit2.o
         2          0          0          0          0          0   libshutdown.o
         2          0          0          0          0          0   libshutdown2.o
         8          4          0          0         96         68   libspace.o
        48          0          0          0          0         72   llmul.o
       166          0          0          0          0         72   llsdiv.o
       272          0          0          0          0         88   lludiv.o
         2          0          0          0          0          0   rtexit.o
        10          0          0          0          0          0   rtexit2.o
        12          4          0          0          0         60   sys_exit.o
        62          0          0          0          0         80   sys_stackheap_outer.o
         2          0          0          0          0         68   use_no_semi.o

    ----------------------------------------------------------------------
       760         16          0          0         96        780   Library Totals
         8          0          0          0          0          0   (incl. Padding)

    ----------------------------------------------------------------------

      Code (inc. data)   RO Data    RW Data    ZI Data      Debug   Library Name

       752         16          0          0         96        780   c_p.l

    ----------------------------------------------------------------------
       760         16          0          0         96        780   Library Totals

    ----------------------------------------------------------------------

==============================================================================


      Code (inc. data)   RO Data    RW Data    ZI Data      Debug   

      8504        412        252         28       3196      76623   Grand Totals
      8504        412        252         28       3196      76623   ELF Image Totals
      8504        412        252         28          0          0   ROM Totals

==============================================================================

    Total RO  Size (Code + RO Data)                 8756 (   8.55kB)
    Total RW  Size (RW Data + ZI Data)              3224 (   3.15kB)
    Total ROM Size (Code + RO Data + RW Data)       8784 (   8.58kB)

==============================================================================

