	.text
	.syntax unified
	.eabi_attribute	67, "2.09"	@ Tag_conformance
	.cpu	cortex-m23
	.eabi_attribute	6, 16	@ Tag_CPU_arch
	.eabi_attribute	7, 77	@ Tag_CPU_arch_profile
	.eabi_attribute	8, 0	@ Tag_ARM_ISA_use
	.eabi_attribute	9, 3	@ Tag_THUMB_ISA_use
	.eabi_attribute	34, 0	@ Tag_CPU_unaligned_access
	.eabi_attribute	17, 1	@ Tag_ABI_PCS_GOT_use
	.eabi_attribute	20, 2	@ Tag_ABI_FP_denormal
	.eabi_attribute	21, 0	@ Tag_ABI_FP_exceptions
	.eabi_attribute	23, 1	@ Tag_ABI_FP_number_model
	.eabi_attribute	24, 1	@ Tag_ABI_align_needed
	.eabi_attribute	25, 1	@ Tag_ABI_align_preserved
	.eabi_attribute	38, 1	@ Tag_ABI_FP_16bit_format
	.eabi_attribute	18, 2	@ Tag_ABI_PCS_wchar_t
	.eabi_attribute	26, 1	@ Tag_ABI_enum_size
	.eabi_attribute	14, 0	@ Tag_ABI_PCS_R9_use
	.file	"filter.c"
	.file	1 "D:\\Keil_v5\\ARM\\ARMCLANG\\Bin\\..\\include" "stdint.h"
	.section	.text.avg16_filter_init,"ax",%progbits
	.hidden	avg16_filter_init               @ -- Begin function avg16_filter_init
	.globl	avg16_filter_init
	.p2align	1
	.type	avg16_filter_init,%function
	.code	16                              @ @avg16_filter_init
	.thumb_func
avg16_filter_init:
.Lfunc_begin0:
	.file	2 "E:\\work\\CX_NFC_RX\\prj" "../app/filter.c"
	.loc	2 6 0                           @ ../app/filter.c:6:0
	.fnstart
	.cfi_sections .debug_frame
	.cfi_startproc
@ %bb.0:
	.pad	#8
	sub	sp, #8
	.cfi_def_cfa_offset 8
	str	r0, [sp, #4]
.Ltmp0:
	.loc	2 7 5 prologue_end              @ ../app/filter.c:7:5
	ldr	r1, [sp, #4]
	movs	r2, #64
	movs	r0, #0
	.loc	2 7 14 is_stmt 0                @ ../app/filter.c:7:14
	strb	r0, [r1, r2]
	.loc	2 8 5 is_stmt 1                 @ ../app/filter.c:8:5
	ldr	r1, [sp, #4]
	.loc	2 8 14 is_stmt 0                @ ../app/filter.c:8:14
	str	r0, [r1, #68]
.Ltmp1:
	.loc	2 9 14 is_stmt 1                @ ../app/filter.c:9:14
	str	r0, [sp]
	.loc	2 9 10 is_stmt 0                @ ../app/filter.c:9:10
	b	.LBB0_1
.LBB0_1:                                @ =>This Inner Loop Header: Depth=1
.Ltmp2:
	.loc	2 9 21                          @ ../app/filter.c:9:21
	ldr	r0, [sp]
.Ltmp3:
	.loc	2 9 5                           @ ../app/filter.c:9:5
	cmp	r0, #15
	bgt	.LBB0_4
	b	.LBB0_2
.LBB0_2:                                @   in Loop: Header=BB0_1 Depth=1
.Ltmp4:
	.loc	2 11 9 is_stmt 1                @ ../app/filter.c:11:9
	ldr	r1, [sp, #4]
	.loc	2 11 16 is_stmt 0               @ ../app/filter.c:11:16
	ldr	r0, [sp]
	.loc	2 11 9                          @ ../app/filter.c:11:9
	lsls	r2, r0, #2
	movs	r0, #0
	.loc	2 11 19                         @ ../app/filter.c:11:19
	str	r0, [r1, r2]
	.loc	2 12 5 is_stmt 1                @ ../app/filter.c:12:5
	b	.LBB0_3
.Ltmp5:
.LBB0_3:                                @   in Loop: Header=BB0_1 Depth=1
	.loc	2 9 39                          @ ../app/filter.c:9:39
	ldr	r0, [sp]
	adds	r0, r0, #1
	str	r0, [sp]
	.loc	2 9 5 is_stmt 0                 @ ../app/filter.c:9:5
	b	.LBB0_1
.Ltmp6:
.LBB0_4:
	.loc	2 13 1 is_stmt 1                @ ../app/filter.c:13:1
	add	sp, #8
	bx	lr
.Ltmp7:
.Lfunc_end0:
	.size	avg16_filter_init, .Lfunc_end0-avg16_filter_init
	.cfi_endproc
	.cantunwind
	.fnend
                                        @ -- End function
	.section	.text.avg16_filter_update,"ax",%progbits
	.hidden	avg16_filter_update             @ -- Begin function avg16_filter_update
	.globl	avg16_filter_update
	.p2align	1
	.type	avg16_filter_update,%function
	.code	16                              @ @avg16_filter_update
	.thumb_func
avg16_filter_update:
.Lfunc_begin1:
	.loc	2 17 0                          @ ../app/filter.c:17:0
	.fnstart
	.cfi_startproc
@ %bb.0:
	.pad	#8
	sub	sp, #8
	.cfi_def_cfa_offset 8
	str	r0, [sp, #4]
	str	r1, [sp]
.Ltmp8:
	.loc	2 19 15 prologue_end            @ ../app/filter.c:19:15
	ldr	r2, [sp, #4]
	movs	r1, #64
	.loc	2 19 25 is_stmt 0               @ ../app/filter.c:19:25
	ldrb	r0, [r2, r1]
	.loc	2 19 15                         @ ../app/filter.c:19:15
	lsls	r0, r0, #2
	ldr	r3, [r2, r0]
	.loc	2 19 12                         @ ../app/filter.c:19:12
	ldr	r0, [r2, #68]
	subs	r0, r0, r3
	str	r0, [r2, #68]
	.loc	2 22 24 is_stmt 1               @ ../app/filter.c:22:24
	ldr	r0, [sp]
	.loc	2 22 5 is_stmt 0                @ ../app/filter.c:22:5
	ldr	r2, [sp, #4]
	.loc	2 22 15                         @ ../app/filter.c:22:15
	ldrb	r3, [r2, r1]
	.loc	2 22 5                          @ ../app/filter.c:22:5
	lsls	r3, r3, #2
	.loc	2 22 22                         @ ../app/filter.c:22:22
	str	r0, [r2, r3]
	.loc	2 23 15 is_stmt 1               @ ../app/filter.c:23:15
	ldr	r3, [sp]
	.loc	2 23 5 is_stmt 0                @ ../app/filter.c:23:5
	ldr	r2, [sp, #4]
	.loc	2 23 12                         @ ../app/filter.c:23:12
	ldr	r0, [r2, #68]
	adds	r0, r0, r3
	str	r0, [r2, #68]
	.loc	2 26 5 is_stmt 1                @ ../app/filter.c:26:5
	ldr	r2, [sp, #4]
	.loc	2 26 13 is_stmt 0               @ ../app/filter.c:26:13
	ldrb	r0, [r2, r1]
	adds	r0, r0, #1
	strb	r0, [r2, r1]
.Ltmp9:
	.loc	2 27 9 is_stmt 1                @ ../app/filter.c:27:9
	ldr	r0, [sp, #4]
	.loc	2 27 12 is_stmt 0               @ ../app/filter.c:27:12
	ldrb	r0, [r0, r1]
.Ltmp10:
	.loc	2 27 9                          @ ../app/filter.c:27:9
	cmp	r0, #16
	blt	.LBB1_2
	b	.LBB1_1
.LBB1_1:
.Ltmp11:
	.loc	2 29 9 is_stmt 1                @ ../app/filter.c:29:9
	ldr	r1, [sp, #4]
	movs	r2, #64
	movs	r0, #0
	.loc	2 29 18 is_stmt 0               @ ../app/filter.c:29:18
	strb	r0, [r1, r2]
	.loc	2 30 5 is_stmt 1                @ ../app/filter.c:30:5
	b	.LBB1_2
.Ltmp12:
.LBB1_2:
	.loc	2 33 23                         @ ../app/filter.c:33:23
	ldr	r0, [sp, #4]
	.loc	2 33 26 is_stmt 0               @ ../app/filter.c:33:26
	ldr	r0, [r0, #68]
	.loc	2 33 30                         @ ../app/filter.c:33:30
	lsrs	r0, r0, #4
	.loc	2 33 5                          @ ../app/filter.c:33:5
	add	sp, #8
	bx	lr
.Ltmp13:
.Lfunc_end1:
	.size	avg16_filter_update, .Lfunc_end1-avg16_filter_update
	.cfi_endproc
	.cantunwind
	.fnend
                                        @ -- End function
	.file	3 "E:\\work\\CX_NFC_RX\\prj" "../app/filter.h"
	.section	.debug_abbrev,"",%progbits
	.byte	1                               @ Abbreviation Code
	.byte	17                              @ DW_TAG_compile_unit
	.byte	1                               @ DW_CHILDREN_yes
	.byte	37                              @ DW_AT_producer
	.byte	14                              @ DW_FORM_strp
	.byte	19                              @ DW_AT_language
	.byte	5                               @ DW_FORM_data2
	.byte	3                               @ DW_AT_name
	.byte	14                              @ DW_FORM_strp
	.byte	16                              @ DW_AT_stmt_list
	.byte	23                              @ DW_FORM_sec_offset
	.byte	27                              @ DW_AT_comp_dir
	.byte	14                              @ DW_FORM_strp
	.byte	17                              @ DW_AT_low_pc
	.byte	1                               @ DW_FORM_addr
	.byte	85                              @ DW_AT_ranges
	.byte	23                              @ DW_FORM_sec_offset
	.byte	0                               @ EOM(1)
	.byte	0                               @ EOM(2)
	.byte	2                               @ Abbreviation Code
	.byte	22                              @ DW_TAG_typedef
	.byte	0                               @ DW_CHILDREN_no
	.byte	73                              @ DW_AT_type
	.byte	19                              @ DW_FORM_ref4
	.byte	3                               @ DW_AT_name
	.byte	14                              @ DW_FORM_strp
	.byte	58                              @ DW_AT_decl_file
	.byte	11                              @ DW_FORM_data1
	.byte	59                              @ DW_AT_decl_line
	.byte	11                              @ DW_FORM_data1
	.byte	0                               @ EOM(1)
	.byte	0                               @ EOM(2)
	.byte	3                               @ Abbreviation Code
	.byte	36                              @ DW_TAG_base_type
	.byte	0                               @ DW_CHILDREN_no
	.byte	3                               @ DW_AT_name
	.byte	14                              @ DW_FORM_strp
	.byte	62                              @ DW_AT_encoding
	.byte	11                              @ DW_FORM_data1
	.byte	11                              @ DW_AT_byte_size
	.byte	11                              @ DW_FORM_data1
	.byte	0                               @ EOM(1)
	.byte	0                               @ EOM(2)
	.byte	4                               @ Abbreviation Code
	.byte	46                              @ DW_TAG_subprogram
	.byte	1                               @ DW_CHILDREN_yes
	.byte	17                              @ DW_AT_low_pc
	.byte	1                               @ DW_FORM_addr
	.byte	18                              @ DW_AT_high_pc
	.byte	6                               @ DW_FORM_data4
	.byte	64                              @ DW_AT_frame_base
	.byte	24                              @ DW_FORM_exprloc
	.byte	3                               @ DW_AT_name
	.byte	14                              @ DW_FORM_strp
	.byte	58                              @ DW_AT_decl_file
	.byte	11                              @ DW_FORM_data1
	.byte	59                              @ DW_AT_decl_line
	.byte	11                              @ DW_FORM_data1
	.byte	39                              @ DW_AT_prototyped
	.byte	25                              @ DW_FORM_flag_present
	.byte	63                              @ DW_AT_external
	.byte	25                              @ DW_FORM_flag_present
	.byte	0                               @ EOM(1)
	.byte	0                               @ EOM(2)
	.byte	5                               @ Abbreviation Code
	.byte	5                               @ DW_TAG_formal_parameter
	.byte	0                               @ DW_CHILDREN_no
	.byte	2                               @ DW_AT_location
	.byte	24                              @ DW_FORM_exprloc
	.byte	3                               @ DW_AT_name
	.byte	14                              @ DW_FORM_strp
	.byte	58                              @ DW_AT_decl_file
	.byte	11                              @ DW_FORM_data1
	.byte	59                              @ DW_AT_decl_line
	.byte	11                              @ DW_FORM_data1
	.byte	73                              @ DW_AT_type
	.byte	19                              @ DW_FORM_ref4
	.byte	0                               @ EOM(1)
	.byte	0                               @ EOM(2)
	.byte	6                               @ Abbreviation Code
	.byte	11                              @ DW_TAG_lexical_block
	.byte	1                               @ DW_CHILDREN_yes
	.byte	17                              @ DW_AT_low_pc
	.byte	1                               @ DW_FORM_addr
	.byte	18                              @ DW_AT_high_pc
	.byte	6                               @ DW_FORM_data4
	.byte	0                               @ EOM(1)
	.byte	0                               @ EOM(2)
	.byte	7                               @ Abbreviation Code
	.byte	52                              @ DW_TAG_variable
	.byte	0                               @ DW_CHILDREN_no
	.byte	2                               @ DW_AT_location
	.byte	24                              @ DW_FORM_exprloc
	.byte	3                               @ DW_AT_name
	.byte	14                              @ DW_FORM_strp
	.byte	58                              @ DW_AT_decl_file
	.byte	11                              @ DW_FORM_data1
	.byte	59                              @ DW_AT_decl_line
	.byte	11                              @ DW_FORM_data1
	.byte	73                              @ DW_AT_type
	.byte	19                              @ DW_FORM_ref4
	.byte	0                               @ EOM(1)
	.byte	0                               @ EOM(2)
	.byte	8                               @ Abbreviation Code
	.byte	46                              @ DW_TAG_subprogram
	.byte	1                               @ DW_CHILDREN_yes
	.byte	17                              @ DW_AT_low_pc
	.byte	1                               @ DW_FORM_addr
	.byte	18                              @ DW_AT_high_pc
	.byte	6                               @ DW_FORM_data4
	.byte	64                              @ DW_AT_frame_base
	.byte	24                              @ DW_FORM_exprloc
	.byte	3                               @ DW_AT_name
	.byte	14                              @ DW_FORM_strp
	.byte	58                              @ DW_AT_decl_file
	.byte	11                              @ DW_FORM_data1
	.byte	59                              @ DW_AT_decl_line
	.byte	11                              @ DW_FORM_data1
	.byte	39                              @ DW_AT_prototyped
	.byte	25                              @ DW_FORM_flag_present
	.byte	73                              @ DW_AT_type
	.byte	19                              @ DW_FORM_ref4
	.byte	63                              @ DW_AT_external
	.byte	25                              @ DW_FORM_flag_present
	.byte	0                               @ EOM(1)
	.byte	0                               @ EOM(2)
	.byte	9                               @ Abbreviation Code
	.byte	15                              @ DW_TAG_pointer_type
	.byte	0                               @ DW_CHILDREN_no
	.byte	73                              @ DW_AT_type
	.byte	19                              @ DW_FORM_ref4
	.byte	0                               @ EOM(1)
	.byte	0                               @ EOM(2)
	.byte	10                              @ Abbreviation Code
	.byte	19                              @ DW_TAG_structure_type
	.byte	1                               @ DW_CHILDREN_yes
	.byte	11                              @ DW_AT_byte_size
	.byte	11                              @ DW_FORM_data1
	.byte	58                              @ DW_AT_decl_file
	.byte	11                              @ DW_FORM_data1
	.byte	59                              @ DW_AT_decl_line
	.byte	11                              @ DW_FORM_data1
	.byte	0                               @ EOM(1)
	.byte	0                               @ EOM(2)
	.byte	11                              @ Abbreviation Code
	.byte	13                              @ DW_TAG_member
	.byte	0                               @ DW_CHILDREN_no
	.byte	3                               @ DW_AT_name
	.byte	14                              @ DW_FORM_strp
	.byte	73                              @ DW_AT_type
	.byte	19                              @ DW_FORM_ref4
	.byte	58                              @ DW_AT_decl_file
	.byte	11                              @ DW_FORM_data1
	.byte	59                              @ DW_AT_decl_line
	.byte	11                              @ DW_FORM_data1
	.byte	56                              @ DW_AT_data_member_location
	.byte	11                              @ DW_FORM_data1
	.byte	0                               @ EOM(1)
	.byte	0                               @ EOM(2)
	.byte	12                              @ Abbreviation Code
	.byte	1                               @ DW_TAG_array_type
	.byte	1                               @ DW_CHILDREN_yes
	.byte	73                              @ DW_AT_type
	.byte	19                              @ DW_FORM_ref4
	.byte	0                               @ EOM(1)
	.byte	0                               @ EOM(2)
	.byte	13                              @ Abbreviation Code
	.byte	33                              @ DW_TAG_subrange_type
	.byte	0                               @ DW_CHILDREN_no
	.byte	73                              @ DW_AT_type
	.byte	19                              @ DW_FORM_ref4
	.byte	55                              @ DW_AT_count
	.byte	11                              @ DW_FORM_data1
	.byte	0                               @ EOM(1)
	.byte	0                               @ EOM(2)
	.byte	14                              @ Abbreviation Code
	.byte	36                              @ DW_TAG_base_type
	.byte	0                               @ DW_CHILDREN_no
	.byte	3                               @ DW_AT_name
	.byte	14                              @ DW_FORM_strp
	.byte	11                              @ DW_AT_byte_size
	.byte	11                              @ DW_FORM_data1
	.byte	62                              @ DW_AT_encoding
	.byte	11                              @ DW_FORM_data1
	.byte	0                               @ EOM(1)
	.byte	0                               @ EOM(2)
	.byte	0                               @ EOM(3)
	.section	.debug_info,"",%progbits
.Lcu_begin0:
	.long	.Ldebug_info_end0-.Ldebug_info_start0 @ Length of Unit
.Ldebug_info_start0:
	.short	4                               @ DWARF version number
	.long	.debug_abbrev                   @ Offset Into Abbrev. Section
	.byte	4                               @ Address Size (in bytes)
	.byte	1                               @ Abbrev [1] 0xb:0xfd DW_TAG_compile_unit
	.long	.Linfo_string0                  @ DW_AT_producer
	.short	12                              @ DW_AT_language
	.long	.Linfo_string1                  @ DW_AT_name
	.long	.Lline_table_start0             @ DW_AT_stmt_list
	.long	.Linfo_string2                  @ DW_AT_comp_dir
	.long	0                               @ DW_AT_low_pc
	.long	.Ldebug_ranges0                 @ DW_AT_ranges
	.byte	2                               @ Abbrev [2] 0x26:0xb DW_TAG_typedef
	.long	49                              @ DW_AT_type
	.long	.Linfo_string4                  @ DW_AT_name
	.byte	1                               @ DW_AT_decl_file
	.byte	64                              @ DW_AT_decl_line
	.byte	3                               @ Abbrev [3] 0x31:0x7 DW_TAG_base_type
	.long	.Linfo_string3                  @ DW_AT_name
	.byte	7                               @ DW_AT_encoding
	.byte	4                               @ DW_AT_byte_size
	.byte	4                               @ Abbrev [4] 0x38:0x38 DW_TAG_subprogram
	.long	.Lfunc_begin0                   @ DW_AT_low_pc
	.long	.Lfunc_end0-.Lfunc_begin0       @ DW_AT_high_pc
	.byte	1                               @ DW_AT_frame_base
	.byte	93
	.long	.Linfo_string5                  @ DW_AT_name
	.byte	2                               @ DW_AT_decl_file
	.byte	5                               @ DW_AT_decl_line
                                        @ DW_AT_prototyped
                                        @ DW_AT_external
	.byte	5                               @ Abbrev [5] 0x49:0xe DW_TAG_formal_parameter
	.byte	2                               @ DW_AT_location
	.byte	145
	.byte	4
	.long	.Linfo_string7                  @ DW_AT_name
	.byte	2                               @ DW_AT_decl_file
	.byte	5                               @ DW_AT_decl_line
	.long	162                             @ DW_AT_type
	.byte	6                               @ Abbrev [6] 0x57:0x18 DW_TAG_lexical_block
	.long	.Ltmp1                          @ DW_AT_low_pc
	.long	.Ltmp6-.Ltmp1                   @ DW_AT_high_pc
	.byte	7                               @ Abbrev [7] 0x60:0xe DW_TAG_variable
	.byte	2                               @ DW_AT_location
	.byte	145
	.byte	0
	.long	.Linfo_string15                 @ DW_AT_name
	.byte	2                               @ DW_AT_decl_file
	.byte	9                               @ DW_AT_decl_line
	.long	256                             @ DW_AT_type
	.byte	0                               @ End Of Children Mark
	.byte	0                               @ End Of Children Mark
	.byte	8                               @ Abbrev [8] 0x70:0x32 DW_TAG_subprogram
	.long	.Lfunc_begin1                   @ DW_AT_low_pc
	.long	.Lfunc_end1-.Lfunc_begin1       @ DW_AT_high_pc
	.byte	1                               @ DW_AT_frame_base
	.byte	93
	.long	.Linfo_string6                  @ DW_AT_name
	.byte	2                               @ DW_AT_decl_file
	.byte	16                              @ DW_AT_decl_line
                                        @ DW_AT_prototyped
	.long	38                              @ DW_AT_type
                                        @ DW_AT_external
	.byte	5                               @ Abbrev [5] 0x85:0xe DW_TAG_formal_parameter
	.byte	2                               @ DW_AT_location
	.byte	145
	.byte	4
	.long	.Linfo_string7                  @ DW_AT_name
	.byte	2                               @ DW_AT_decl_file
	.byte	16                              @ DW_AT_decl_line
	.long	162                             @ DW_AT_type
	.byte	5                               @ Abbrev [5] 0x93:0xe DW_TAG_formal_parameter
	.byte	2                               @ DW_AT_location
	.byte	145
	.byte	0
	.long	.Linfo_string17                 @ DW_AT_name
	.byte	2                               @ DW_AT_decl_file
	.byte	16                              @ DW_AT_decl_line
	.long	38                              @ DW_AT_type
	.byte	0                               @ End Of Children Mark
	.byte	9                               @ Abbrev [9] 0xa2:0x5 DW_TAG_pointer_type
	.long	167                             @ DW_AT_type
	.byte	2                               @ Abbrev [2] 0xa7:0xb DW_TAG_typedef
	.long	178                             @ DW_AT_type
	.long	.Linfo_string14                 @ DW_AT_name
	.byte	3                               @ DW_AT_decl_file
	.byte	14                              @ DW_AT_decl_line
	.byte	10                              @ Abbrev [10] 0xb2:0x29 DW_TAG_structure_type
	.byte	72                              @ DW_AT_byte_size
	.byte	3                               @ DW_AT_decl_file
	.byte	9                               @ DW_AT_decl_line
	.byte	11                              @ Abbrev [11] 0xb6:0xc DW_TAG_member
	.long	.Linfo_string8                  @ DW_AT_name
	.long	219                             @ DW_AT_type
	.byte	3                               @ DW_AT_decl_file
	.byte	11                              @ DW_AT_decl_line
	.byte	0                               @ DW_AT_data_member_location
	.byte	11                              @ Abbrev [11] 0xc2:0xc DW_TAG_member
	.long	.Linfo_string10                 @ DW_AT_name
	.long	238                             @ DW_AT_type
	.byte	3                               @ DW_AT_decl_file
	.byte	12                              @ DW_AT_decl_line
	.byte	64                              @ DW_AT_data_member_location
	.byte	11                              @ Abbrev [11] 0xce:0xc DW_TAG_member
	.long	.Linfo_string13                 @ DW_AT_name
	.long	38                              @ DW_AT_type
	.byte	3                               @ DW_AT_decl_file
	.byte	13                              @ DW_AT_decl_line
	.byte	68                              @ DW_AT_data_member_location
	.byte	0                               @ End Of Children Mark
	.byte	12                              @ Abbrev [12] 0xdb:0xc DW_TAG_array_type
	.long	38                              @ DW_AT_type
	.byte	13                              @ Abbrev [13] 0xe0:0x6 DW_TAG_subrange_type
	.long	231                             @ DW_AT_type
	.byte	16                              @ DW_AT_count
	.byte	0                               @ End Of Children Mark
	.byte	14                              @ Abbrev [14] 0xe7:0x7 DW_TAG_base_type
	.long	.Linfo_string9                  @ DW_AT_name
	.byte	8                               @ DW_AT_byte_size
	.byte	7                               @ DW_AT_encoding
	.byte	2                               @ Abbrev [2] 0xee:0xb DW_TAG_typedef
	.long	249                             @ DW_AT_type
	.long	.Linfo_string12                 @ DW_AT_name
	.byte	1                               @ DW_AT_decl_file
	.byte	62                              @ DW_AT_decl_line
	.byte	3                               @ Abbrev [3] 0xf9:0x7 DW_TAG_base_type
	.long	.Linfo_string11                 @ DW_AT_name
	.byte	8                               @ DW_AT_encoding
	.byte	1                               @ DW_AT_byte_size
	.byte	3                               @ Abbrev [3] 0x100:0x7 DW_TAG_base_type
	.long	.Linfo_string16                 @ DW_AT_name
	.byte	5                               @ DW_AT_encoding
	.byte	4                               @ DW_AT_byte_size
	.byte	0                               @ End Of Children Mark
.Ldebug_info_end0:
	.section	.debug_ranges,"",%progbits
.Ldebug_ranges0:
	.long	.Lfunc_begin0
	.long	.Lfunc_end0
	.long	.Lfunc_begin1
	.long	.Lfunc_end1
	.long	0
	.long	0
	.section	.debug_str,"MS",%progbits,1
.Linfo_string0:
	.asciz	"Component: ARM Compiler 6.16 Tool: armclang [5dfeb700]" @ string offset=0
.Linfo_string1:
	.asciz	"../app\\filter.c"              @ string offset=55
.Linfo_string2:
	.asciz	"E:\\work\\CX_NFC_RX\\prj"      @ string offset=71
.Linfo_string3:
	.asciz	"unsigned int"                  @ string offset=93
.Linfo_string4:
	.asciz	"uint32_t"                      @ string offset=106
.Linfo_string5:
	.asciz	"avg16_filter_init"             @ string offset=115
.Linfo_string6:
	.asciz	"avg16_filter_update"           @ string offset=133
.Linfo_string7:
	.asciz	"f"                             @ string offset=153
.Linfo_string8:
	.asciz	"buf"                           @ string offset=155
.Linfo_string9:
	.asciz	"__ARRAY_SIZE_TYPE__"           @ string offset=159
.Linfo_string10:
	.asciz	"index"                         @ string offset=179
.Linfo_string11:
	.asciz	"unsigned char"                 @ string offset=185
.Linfo_string12:
	.asciz	"uint8_t"                       @ string offset=199
.Linfo_string13:
	.asciz	"sum"                           @ string offset=207
.Linfo_string14:
	.asciz	"avg16_filter_t"                @ string offset=211
.Linfo_string15:
	.asciz	"i"                             @ string offset=226
.Linfo_string16:
	.asciz	"int"                           @ string offset=228
.Linfo_string17:
	.asciz	"input"                         @ string offset=232
	.ident	"Component: ARM Compiler 6.16 Tool: armclang [5dfeb700]"
	.section	".note.GNU-stack","",%progbits
	.eabi_attribute	30, 6	@ Tag_ABI_optimization_goals
	.ARM_attribute	16, 1	@ Tag_AV_eba
	.section	.debug_line,"",%progbits
.Lline_table_start0:
