	.text
	.syntax unified
	.eabi_attribute	67, "2.09"	@ Tag_conformance
	.cpu	cortex-m23
	.eabi_attribute	6, 16	@ Tag_CPU_arch
	.eabi_attribute	7, 77	@ Tag_CPU_arch_profile
	.eabi_attribute	8, 0	@ Tag_ARM_ISA_use
	.eabi_attribute	9, 3	@ Tag_THUMB_ISA_use
	.eabi_attribute	34, 0	@ Tag_CPU_unaligned_access
	.eabi_attribute	17, 1	@ Tag_ABI_PCS_GOT_use
	.eabi_attribute	20, 2	@ Tag_ABI_FP_denormal
	.eabi_attribute	21, 0	@ Tag_ABI_FP_exceptions
	.eabi_attribute	23, 1	@ Tag_ABI_FP_number_model
	.eabi_attribute	24, 1	@ Tag_ABI_align_needed
	.eabi_attribute	25, 1	@ Tag_ABI_align_preserved
	.eabi_attribute	38, 1	@ Tag_ABI_FP_16bit_format
	.eabi_attribute	18, 2	@ Tag_ABI_PCS_wchar_t
	.eabi_attribute	26, 1	@ Tag_ABI_enum_size
	.eabi_attribute	14, 0	@ Tag_ABI_PCS_R9_use
	.file	"main.c"
	.file	1 "E:\\work\\CX_NFC_RX\\prj" "../std/GD32C2x1_Firmware_Library/CMSIS/GD/GD32C2x1/Include/gd32c2x1.h"
	.file	2 "D:\\Keil_v5\\ARM\\ARMCLANG\\Bin\\..\\include" "stdint.h"
	.file	3 "D:/Users\\121593\\AppData\\Local\\Arm\\Packs\\ARM\\CMSIS\\5.8.0\\CMSIS\\Core\\Include" "core_cm23.h"
	.section	.text.systick_config,"ax",%progbits
	.hidden	systick_config                  @ -- Begin function systick_config
	.globl	systick_config
	.p2align	2
	.type	systick_config,%function
	.code	16                              @ @systick_config
	.thumb_func
systick_config:
.Lfunc_begin0:
	.file	4 "E:\\work\\CX_NFC_RX\\prj" "../app/main.c"
	.loc	4 9 0                           @ ../app/main.c:9:0
	.fnstart
	.cfi_sections .debug_frame
	.cfi_startproc
@ %bb.0:
	.save	{r7, lr}
	push	{r7, lr}
	.cfi_def_cfa_offset 8
	.cfi_offset lr, -4
	.cfi_offset r7, -8
.Ltmp0:
	.loc	4 11 23 prologue_end            @ ../app/main.c:11:23
	ldr	r0, __arm_cp.0_0
	ldr	r0, [r0]
	movw	r1, #1000
	.loc	4 11 39 is_stmt 0               @ ../app/main.c:11:39
	udiv	r0, r0, r1
	.loc	4 11 8                          @ ../app/main.c:11:8
	bl	SysTick_Config
.Ltmp1:
	.loc	4 11 8                          @ ../app/main.c:11:8
	cbz	r0, .LBB0_3
	b	.LBB0_1
.LBB0_1:
.Ltmp2:
	.loc	4 13 9 is_stmt 1                @ ../app/main.c:13:9
	b	.LBB0_2
.LBB0_2:                                @ =>This Inner Loop Header: Depth=1
	b	.LBB0_2
.Ltmp3:
.LBB0_3:
	.loc	4 0 9 is_stmt 0                 @ ../app/main.c:0:9
	movs	r1, #0
	mvns	r0, r1
	.loc	4 17 5 is_stmt 1                @ ../app/main.c:17:5
	bl	__NVIC_SetPriority
	.loc	4 18 1                          @ ../app/main.c:18:1
	pop	{r7, pc}
.Ltmp4:
	.p2align	2
@ %bb.4:
	.loc	4 0 1 is_stmt 0                 @ ../app/main.c:0:1
__arm_cp.0_0:
	.long	SystemCoreClock
.Lcpi_end0:
	.size	__arm_cp.0_0, .Lcpi_end0-__arm_cp.0_0
.Lfunc_end0:
	.size	systick_config, .Lfunc_end0-systick_config
	.cfi_endproc
	.cantunwind
	.fnend
                                        @ -- End function
	.section	.text.SysTick_Config,"ax",%progbits
	.p2align	2                               @ -- Begin function SysTick_Config
	.type	SysTick_Config,%function
	.code	16                              @ @SysTick_Config
	.thumb_func
SysTick_Config:
.Lfunc_begin1:
	.loc	3 2239 0 is_stmt 1              @ D:/Users\121593\AppData\Local\Arm\Packs\ARM\CMSIS\5.8.0\CMSIS\Core\Include\core_cm23.h:2239:0
	.fnstart
	.cfi_startproc
@ %bb.0:
	.save	{r7, lr}
	push	{r7, lr}
	.cfi_def_cfa_offset 8
	.cfi_offset lr, -4
	.cfi_offset r7, -8
	.pad	#16
	sub	sp, #16
	.cfi_def_cfa_offset 24
	str	r0, [sp, #8]
.Ltmp5:
	.loc	3 2240 8 prologue_end           @ D:/Users\121593\AppData\Local\Arm\Packs\ARM\CMSIS\5.8.0\CMSIS\Core\Include\core_cm23.h:2240:8
	ldr	r0, [sp, #8]
	.loc	3 2240 14 is_stmt 0             @ D:/Users\121593\AppData\Local\Arm\Packs\ARM\CMSIS\5.8.0\CMSIS\Core\Include\core_cm23.h:2240:14
	subs	r0, r0, #1
.Ltmp6:
	.loc	3 2240 7                        @ D:/Users\121593\AppData\Local\Arm\Packs\ARM\CMSIS\5.8.0\CMSIS\Core\Include\core_cm23.h:2240:7
	lsrs	r0, r0, #24
	cbz	r0, .LBB1_2
	b	.LBB1_1
.LBB1_1:
	.loc	3 0 7                           @ D:/Users\121593\AppData\Local\Arm\Packs\ARM\CMSIS\5.8.0\CMSIS\Core\Include\core_cm23.h:0:7
	movs	r0, #1
.Ltmp7:
	.loc	3 2242 5 is_stmt 1              @ D:/Users\121593\AppData\Local\Arm\Packs\ARM\CMSIS\5.8.0\CMSIS\Core\Include\core_cm23.h:2242:5
	str	r0, [sp, #12]
	b	.LBB1_3
.Ltmp8:
.LBB1_2:
	.loc	3 2245 31                       @ D:/Users\121593\AppData\Local\Arm\Packs\ARM\CMSIS\5.8.0\CMSIS\Core\Include\core_cm23.h:2245:31
	ldr	r0, [sp, #8]
	.loc	3 2245 37 is_stmt 0             @ D:/Users\121593\AppData\Local\Arm\Packs\ARM\CMSIS\5.8.0\CMSIS\Core\Include\core_cm23.h:2245:37
	subs	r0, r0, #1
	ldr	r1, __arm_cp.1_0
	.loc	3 2245 18                       @ D:/Users\121593\AppData\Local\Arm\Packs\ARM\CMSIS\5.8.0\CMSIS\Core\Include\core_cm23.h:2245:18
	str	r0, [r1]
	movs	r0, #0
	str	r0, [sp, #4]                    @ 4-byte Spill
	mvns	r0, r0
	movs	r1, #3
	.loc	3 2246 3 is_stmt 1              @ D:/Users\121593\AppData\Local\Arm\Packs\ARM\CMSIS\5.8.0\CMSIS\Core\Include\core_cm23.h:2246:3
	bl	__NVIC_SetPriority
	ldr	r0, [sp, #4]                    @ 4-byte Reload
	ldr	r1, __arm_cp.1_1
	.loc	3 2247 18                       @ D:/Users\121593\AppData\Local\Arm\Packs\ARM\CMSIS\5.8.0\CMSIS\Core\Include\core_cm23.h:2247:18
	str	r0, [r1]
	ldr	r2, __arm_cp.1_2
	movs	r1, #7
	.loc	3 2248 18                       @ D:/Users\121593\AppData\Local\Arm\Packs\ARM\CMSIS\5.8.0\CMSIS\Core\Include\core_cm23.h:2248:18
	str	r1, [r2]
	.loc	3 2251 3                        @ D:/Users\121593\AppData\Local\Arm\Packs\ARM\CMSIS\5.8.0\CMSIS\Core\Include\core_cm23.h:2251:3
	str	r0, [sp, #12]
	b	.LBB1_3
.LBB1_3:
	.loc	3 2252 1                        @ D:/Users\121593\AppData\Local\Arm\Packs\ARM\CMSIS\5.8.0\CMSIS\Core\Include\core_cm23.h:2252:1
	ldr	r0, [sp, #12]
	add	sp, #16
	pop	{r7, pc}
.Ltmp9:
	.p2align	2
@ %bb.4:
	.loc	3 0 1 is_stmt 0                 @ D:/Users\121593\AppData\Local\Arm\Packs\ARM\CMSIS\5.8.0\CMSIS\Core\Include\core_cm23.h:0:1
__arm_cp.1_0:
	.long	3758153748                      @ 0xe000e014
.Lcpi_end1:
	.size	__arm_cp.1_0, .Lcpi_end1-__arm_cp.1_0
__arm_cp.1_1:
	.long	3758153752                      @ 0xe000e018
.Lcpi_end2:
	.size	__arm_cp.1_1, .Lcpi_end2-__arm_cp.1_1
__arm_cp.1_2:
	.long	3758153744                      @ 0xe000e010
.Lcpi_end3:
	.size	__arm_cp.1_2, .Lcpi_end3-__arm_cp.1_2
.Lfunc_end1:
	.size	SysTick_Config, .Lfunc_end1-SysTick_Config
	.cfi_endproc
	.cantunwind
	.fnend
                                        @ -- End function
	.section	.text.__NVIC_SetPriority,"ax",%progbits
	.p2align	2                               @ -- Begin function __NVIC_SetPriority
	.type	__NVIC_SetPriority,%function
	.code	16                              @ @__NVIC_SetPriority
	.thumb_func
__NVIC_SetPriority:
.Lfunc_begin2:
	.loc	3 1722 0 is_stmt 1              @ D:/Users\121593\AppData\Local\Arm\Packs\ARM\CMSIS\5.8.0\CMSIS\Core\Include\core_cm23.h:1722:0
	.fnstart
	.cfi_startproc
@ %bb.0:
	.save	{r4, r5, r6, lr}
	push	{r4, r5, r6, lr}
	.cfi_def_cfa_offset 16
	.cfi_offset lr, -4
	.cfi_offset r6, -8
	.cfi_offset r5, -12
	.cfi_offset r4, -16
	.pad	#8
	sub	sp, #8
	.cfi_def_cfa_offset 24
	mov	r2, r0
                                        @ kill: def $r0 killed $r2
	add	r0, sp, #4
	strb	r2, [r0]
	str	r1, [sp]
.Ltmp10:
	.loc	3 1723 17 prologue_end          @ D:/Users\121593\AppData\Local\Arm\Packs\ARM\CMSIS\5.8.0\CMSIS\Core\Include\core_cm23.h:1723:17
	ldrb	r0, [r0]
	sxtb	r0, r0
.Ltmp11:
	.loc	3 1723 7 is_stmt 0              @ D:/Users\121593\AppData\Local\Arm\Packs\ARM\CMSIS\5.8.0\CMSIS\Core\Include\core_cm23.h:1723:7
	cmp	r0, #0
	bmi	.LBB2_2
	b	.LBB2_1
.LBB2_1:
	.loc	3 0 7                           @ D:/Users\121593\AppData\Local\Arm\Packs\ARM\CMSIS\5.8.0\CMSIS\Core\Include\core_cm23.h:0:7
	add	r1, sp, #4
.Ltmp12:
	.loc	3 1725 55 is_stmt 1             @ D:/Users\121593\AppData\Local\Arm\Packs\ARM\CMSIS\5.8.0\CMSIS\Core\Include\core_cm23.h:1725:55
	ldrb	r0, [r1]
	sxtb	r0, r0
	movs	r2, #3
	mvns	r3, r2
	ands	r0, r3
	ldr	r2, __arm_cp.2_1
	.loc	3 1725 45 is_stmt 0             @ D:/Users\121593\AppData\Local\Arm\Packs\ARM\CMSIS\5.8.0\CMSIS\Core\Include\core_cm23.h:1725:45
	ldr	r0, [r0, r2]
	.loc	3 1725 85                       @ D:/Users\121593\AppData\Local\Arm\Packs\ARM\CMSIS\5.8.0\CMSIS\Core\Include\core_cm23.h:1725:85
	ldrb	r1, [r1]
	sxtb	r1, r1
	lsls	r4, r1, #30
	lsrs	r5, r4, #27
	movs	r4, #255
	.loc	3 1725 82                       @ D:/Users\121593\AppData\Local\Arm\Packs\ARM\CMSIS\5.8.0\CMSIS\Core\Include\core_cm23.h:1725:82
	lsls	r4, r5
	.loc	3 1725 71                       @ D:/Users\121593\AppData\Local\Arm\Packs\ARM\CMSIS\5.8.0\CMSIS\Core\Include\core_cm23.h:1725:71
	bics	r0, r4
	.loc	3 1726 11 is_stmt 1             @ D:/Users\121593\AppData\Local\Arm\Packs\ARM\CMSIS\5.8.0\CMSIS\Core\Include\core_cm23.h:1726:11
	ldr	r4, [sp]
	.loc	3 1726 20 is_stmt 0             @ D:/Users\121593\AppData\Local\Arm\Packs\ARM\CMSIS\5.8.0\CMSIS\Core\Include\core_cm23.h:1726:20
	lsls	r4, r4, #6
	.loc	3 1726 48                       @ D:/Users\121593\AppData\Local\Arm\Packs\ARM\CMSIS\5.8.0\CMSIS\Core\Include\core_cm23.h:1726:48
	uxtb	r4, r4
	.loc	3 1726 68                       @ D:/Users\121593\AppData\Local\Arm\Packs\ARM\CMSIS\5.8.0\CMSIS\Core\Include\core_cm23.h:1726:68
	lsls	r4, r5
	.loc	3 1725 104 is_stmt 1            @ D:/Users\121593\AppData\Local\Arm\Packs\ARM\CMSIS\5.8.0\CMSIS\Core\Include\core_cm23.h:1725:104
	orrs	r0, r4
	.loc	3 1725 15 is_stmt 0             @ D:/Users\121593\AppData\Local\Arm\Packs\ARM\CMSIS\5.8.0\CMSIS\Core\Include\core_cm23.h:1725:15
	ands	r1, r3
	.loc	3 1725 31                       @ D:/Users\121593\AppData\Local\Arm\Packs\ARM\CMSIS\5.8.0\CMSIS\Core\Include\core_cm23.h:1725:31
	str	r0, [r1, r2]
	.loc	3 1727 3 is_stmt 1              @ D:/Users\121593\AppData\Local\Arm\Packs\ARM\CMSIS\5.8.0\CMSIS\Core\Include\core_cm23.h:1727:3
	b	.LBB2_3
.Ltmp13:
.LBB2_2:
	.loc	3 0 3 is_stmt 0                 @ D:/Users\121593\AppData\Local\Arm\Packs\ARM\CMSIS\5.8.0\CMSIS\Core\Include\core_cm23.h:0:3
	add	r1, sp, #4
.Ltmp14:
	.loc	3 1730 55 is_stmt 1             @ D:/Users\121593\AppData\Local\Arm\Packs\ARM\CMSIS\5.8.0\CMSIS\Core\Include\core_cm23.h:1730:55
	ldrb	r0, [r1]
	movs	r4, #15
	ands	r0, r4
	subs	r0, #8
	movs	r2, #3
	mvns	r3, r2
	ands	r0, r3
	ldr	r2, __arm_cp.2_0
	.loc	3 1730 45 is_stmt 0             @ D:/Users\121593\AppData\Local\Arm\Packs\ARM\CMSIS\5.8.0\CMSIS\Core\Include\core_cm23.h:1730:45
	ldr	r0, [r0, r2]
	.loc	3 1730 85                       @ D:/Users\121593\AppData\Local\Arm\Packs\ARM\CMSIS\5.8.0\CMSIS\Core\Include\core_cm23.h:1730:85
	ldrb	r1, [r1]
	sxtb	r1, r1
	lsls	r5, r1, #30
	lsrs	r6, r5, #27
	movs	r5, #255
	.loc	3 1730 82                       @ D:/Users\121593\AppData\Local\Arm\Packs\ARM\CMSIS\5.8.0\CMSIS\Core\Include\core_cm23.h:1730:82
	lsls	r5, r6
	.loc	3 1730 71                       @ D:/Users\121593\AppData\Local\Arm\Packs\ARM\CMSIS\5.8.0\CMSIS\Core\Include\core_cm23.h:1730:71
	bics	r0, r5
	.loc	3 1731 11 is_stmt 1             @ D:/Users\121593\AppData\Local\Arm\Packs\ARM\CMSIS\5.8.0\CMSIS\Core\Include\core_cm23.h:1731:11
	ldr	r5, [sp]
	.loc	3 1731 20 is_stmt 0             @ D:/Users\121593\AppData\Local\Arm\Packs\ARM\CMSIS\5.8.0\CMSIS\Core\Include\core_cm23.h:1731:20
	lsls	r5, r5, #6
	.loc	3 1731 48                       @ D:/Users\121593\AppData\Local\Arm\Packs\ARM\CMSIS\5.8.0\CMSIS\Core\Include\core_cm23.h:1731:48
	uxtb	r5, r5
	.loc	3 1731 68                       @ D:/Users\121593\AppData\Local\Arm\Packs\ARM\CMSIS\5.8.0\CMSIS\Core\Include\core_cm23.h:1731:68
	lsls	r5, r6
	.loc	3 1730 104 is_stmt 1            @ D:/Users\121593\AppData\Local\Arm\Packs\ARM\CMSIS\5.8.0\CMSIS\Core\Include\core_cm23.h:1730:104
	orrs	r0, r5
	.loc	3 1730 15 is_stmt 0             @ D:/Users\121593\AppData\Local\Arm\Packs\ARM\CMSIS\5.8.0\CMSIS\Core\Include\core_cm23.h:1730:15
	ands	r1, r4
	subs	r1, #8
	ands	r1, r3
	.loc	3 1730 31                       @ D:/Users\121593\AppData\Local\Arm\Packs\ARM\CMSIS\5.8.0\CMSIS\Core\Include\core_cm23.h:1730:31
	str	r0, [r1, r2]
	b	.LBB2_3
.Ltmp15:
.LBB2_3:
	.loc	3 1733 1 is_stmt 1              @ D:/Users\121593\AppData\Local\Arm\Packs\ARM\CMSIS\5.8.0\CMSIS\Core\Include\core_cm23.h:1733:1
	add	sp, #8
	pop	{r4, r5, r6, pc}
.Ltmp16:
	.p2align	2
@ %bb.4:
	.loc	3 0 1 is_stmt 0                 @ D:/Users\121593\AppData\Local\Arm\Packs\ARM\CMSIS\5.8.0\CMSIS\Core\Include\core_cm23.h:0:1
__arm_cp.2_0:
	.long	3758157084                      @ 0xe000ed1c
.Lcpi_end4:
	.size	__arm_cp.2_0, .Lcpi_end4-__arm_cp.2_0
__arm_cp.2_1:
	.long	3758154752                      @ 0xe000e400
.Lcpi_end5:
	.size	__arm_cp.2_1, .Lcpi_end5-__arm_cp.2_1
.Lfunc_end2:
	.size	__NVIC_SetPriority, .Lfunc_end2-__NVIC_SetPriority
	.cfi_endproc
	.cantunwind
	.fnend
                                        @ -- End function
	.section	.text.main,"ax",%progbits
	.hidden	main                            @ -- Begin function main
	.globl	main
	.p2align	2
	.type	main,%function
	.code	16                              @ @main
	.thumb_func
main:
.Lfunc_begin3:
	.loc	4 21 0 is_stmt 1                @ ../app/main.c:21:0
	.fnstart
	.cfi_startproc
@ %bb.0:
	.save	{r7, lr}
	push	{r7, lr}
	.cfi_def_cfa_offset 8
	.cfi_offset lr, -4
	.cfi_offset r7, -8
	.pad	#8
	sub	sp, #8
	.cfi_def_cfa_offset 16
	movs	r0, #0
	str	r0, [sp, #4]
.Ltmp17:
	.loc	4 24 5 prologue_end             @ ../app/main.c:24:5
	bl	bsp_gpio_int_init
	.loc	4 25 5                          @ ../app/main.c:25:5
	bl	bsp_i2c_bus_init
	.loc	4 26 5                          @ ../app/main.c:26:5
	bl	fm11_dev_init
	.loc	4 27 5                          @ ../app/main.c:27:5
	bl	table_init
	.loc	4 28 5                          @ ../app/main.c:28:5
	bl	adc_init
	.loc	4 29 5                          @ ../app/main.c:29:5
	b	.LBB3_1
.LBB3_1:                                @ =>This Inner Loop Header: Depth=1
.Ltmp18:
	.loc	4 31 9                          @ ../app/main.c:31:9
	bl	adc_channel_sample
	.loc	4 32 9                          @ ../app/main.c:32:9
	ldr	r0, __arm_cp.3_0
	bl	prog_task
.Ltmp19:
	.loc	4 29 5                          @ ../app/main.c:29:5
	b	.LBB3_1
.Ltmp20:
	.p2align	2
@ %bb.2:
	.loc	4 0 5 is_stmt 0                 @ ../app/main.c:0:5
__arm_cp.3_0:
	.long	dev_fm11
.Lcpi_end6:
	.size	__arm_cp.3_0, .Lcpi_end6-__arm_cp.3_0
.Lfunc_end3:
	.size	main, .Lfunc_end3-main
	.cfi_endproc
	.cantunwind
	.fnend
                                        @ -- End function
	.type	__ARM_use_no_argv,%object       @ @__ARM_use_no_argv
	.section	.ARM.use_no_argv,"aw",%progbits
	.globl	__ARM_use_no_argv
	.p2align	2
__ARM_use_no_argv:
	.long	1                               @ 0x1
	.size	__ARM_use_no_argv, 4

	.globl	__ARM_use_no_argv
	.section	.debug_abbrev,"",%progbits
	.byte	1                               @ Abbreviation Code
	.byte	17                              @ DW_TAG_compile_unit
	.byte	1                               @ DW_CHILDREN_yes
	.byte	37                              @ DW_AT_producer
	.byte	14                              @ DW_FORM_strp
	.byte	19                              @ DW_AT_language
	.byte	5                               @ DW_FORM_data2
	.byte	3                               @ DW_AT_name
	.byte	14                              @ DW_FORM_strp
	.byte	16                              @ DW_AT_stmt_list
	.byte	23                              @ DW_FORM_sec_offset
	.byte	27                              @ DW_AT_comp_dir
	.byte	14                              @ DW_FORM_strp
	.byte	17                              @ DW_AT_low_pc
	.byte	1                               @ DW_FORM_addr
	.byte	85                              @ DW_AT_ranges
	.byte	23                              @ DW_FORM_sec_offset
	.byte	0                               @ EOM(1)
	.byte	0                               @ EOM(2)
	.byte	2                               @ Abbreviation Code
	.byte	4                               @ DW_TAG_enumeration_type
	.byte	1                               @ DW_CHILDREN_yes
	.byte	73                              @ DW_AT_type
	.byte	19                              @ DW_FORM_ref4
	.byte	3                               @ DW_AT_name
	.byte	14                              @ DW_FORM_strp
	.byte	11                              @ DW_AT_byte_size
	.byte	11                              @ DW_FORM_data1
	.byte	58                              @ DW_AT_decl_file
	.byte	11                              @ DW_FORM_data1
	.byte	59                              @ DW_AT_decl_line
	.byte	11                              @ DW_FORM_data1
	.byte	0                               @ EOM(1)
	.byte	0                               @ EOM(2)
	.byte	3                               @ Abbreviation Code
	.byte	40                              @ DW_TAG_enumerator
	.byte	0                               @ DW_CHILDREN_no
	.byte	3                               @ DW_AT_name
	.byte	14                              @ DW_FORM_strp
	.byte	28                              @ DW_AT_const_value
	.byte	13                              @ DW_FORM_sdata
	.byte	0                               @ EOM(1)
	.byte	0                               @ EOM(2)
	.byte	4                               @ Abbreviation Code
	.byte	36                              @ DW_TAG_base_type
	.byte	0                               @ DW_CHILDREN_no
	.byte	3                               @ DW_AT_name
	.byte	14                              @ DW_FORM_strp
	.byte	62                              @ DW_AT_encoding
	.byte	11                              @ DW_FORM_data1
	.byte	11                              @ DW_AT_byte_size
	.byte	11                              @ DW_FORM_data1
	.byte	0                               @ EOM(1)
	.byte	0                               @ EOM(2)
	.byte	5                               @ Abbreviation Code
	.byte	22                              @ DW_TAG_typedef
	.byte	0                               @ DW_CHILDREN_no
	.byte	73                              @ DW_AT_type
	.byte	19                              @ DW_FORM_ref4
	.byte	3                               @ DW_AT_name
	.byte	14                              @ DW_FORM_strp
	.byte	58                              @ DW_AT_decl_file
	.byte	11                              @ DW_FORM_data1
	.byte	59                              @ DW_AT_decl_line
	.byte	11                              @ DW_FORM_data1
	.byte	0                               @ EOM(1)
	.byte	0                               @ EOM(2)
	.byte	6                               @ Abbreviation Code
	.byte	15                              @ DW_TAG_pointer_type
	.byte	0                               @ DW_CHILDREN_no
	.byte	73                              @ DW_AT_type
	.byte	19                              @ DW_FORM_ref4
	.byte	0                               @ EOM(1)
	.byte	0                               @ EOM(2)
	.byte	7                               @ Abbreviation Code
	.byte	22                              @ DW_TAG_typedef
	.byte	0                               @ DW_CHILDREN_no
	.byte	73                              @ DW_AT_type
	.byte	19                              @ DW_FORM_ref4
	.byte	3                               @ DW_AT_name
	.byte	14                              @ DW_FORM_strp
	.byte	58                              @ DW_AT_decl_file
	.byte	11                              @ DW_FORM_data1
	.byte	59                              @ DW_AT_decl_line
	.byte	5                               @ DW_FORM_data2
	.byte	0                               @ EOM(1)
	.byte	0                               @ EOM(2)
	.byte	8                               @ Abbreviation Code
	.byte	19                              @ DW_TAG_structure_type
	.byte	1                               @ DW_CHILDREN_yes
	.byte	11                              @ DW_AT_byte_size
	.byte	11                              @ DW_FORM_data1
	.byte	58                              @ DW_AT_decl_file
	.byte	11                              @ DW_FORM_data1
	.byte	59                              @ DW_AT_decl_line
	.byte	5                               @ DW_FORM_data2
	.byte	0                               @ EOM(1)
	.byte	0                               @ EOM(2)
	.byte	9                               @ Abbreviation Code
	.byte	13                              @ DW_TAG_member
	.byte	0                               @ DW_CHILDREN_no
	.byte	3                               @ DW_AT_name
	.byte	14                              @ DW_FORM_strp
	.byte	73                              @ DW_AT_type
	.byte	19                              @ DW_FORM_ref4
	.byte	58                              @ DW_AT_decl_file
	.byte	11                              @ DW_FORM_data1
	.byte	59                              @ DW_AT_decl_line
	.byte	5                               @ DW_FORM_data2
	.byte	56                              @ DW_AT_data_member_location
	.byte	11                              @ DW_FORM_data1
	.byte	0                               @ EOM(1)
	.byte	0                               @ EOM(2)
	.byte	10                              @ Abbreviation Code
	.byte	53                              @ DW_TAG_volatile_type
	.byte	0                               @ DW_CHILDREN_no
	.byte	73                              @ DW_AT_type
	.byte	19                              @ DW_FORM_ref4
	.byte	0                               @ EOM(1)
	.byte	0                               @ EOM(2)
	.byte	11                              @ Abbreviation Code
	.byte	38                              @ DW_TAG_const_type
	.byte	0                               @ DW_CHILDREN_no
	.byte	73                              @ DW_AT_type
	.byte	19                              @ DW_FORM_ref4
	.byte	0                               @ EOM(1)
	.byte	0                               @ EOM(2)
	.byte	12                              @ Abbreviation Code
	.byte	19                              @ DW_TAG_structure_type
	.byte	1                               @ DW_CHILDREN_yes
	.byte	11                              @ DW_AT_byte_size
	.byte	5                               @ DW_FORM_data2
	.byte	58                              @ DW_AT_decl_file
	.byte	11                              @ DW_FORM_data1
	.byte	59                              @ DW_AT_decl_line
	.byte	5                               @ DW_FORM_data2
	.byte	0                               @ EOM(1)
	.byte	0                               @ EOM(2)
	.byte	13                              @ Abbreviation Code
	.byte	13                              @ DW_TAG_member
	.byte	0                               @ DW_CHILDREN_no
	.byte	3                               @ DW_AT_name
	.byte	14                              @ DW_FORM_strp
	.byte	73                              @ DW_AT_type
	.byte	19                              @ DW_FORM_ref4
	.byte	58                              @ DW_AT_decl_file
	.byte	11                              @ DW_FORM_data1
	.byte	59                              @ DW_AT_decl_line
	.byte	5                               @ DW_FORM_data2
	.byte	56                              @ DW_AT_data_member_location
	.byte	5                               @ DW_FORM_data2
	.byte	0                               @ EOM(1)
	.byte	0                               @ EOM(2)
	.byte	14                              @ Abbreviation Code
	.byte	1                               @ DW_TAG_array_type
	.byte	1                               @ DW_CHILDREN_yes
	.byte	73                              @ DW_AT_type
	.byte	19                              @ DW_FORM_ref4
	.byte	0                               @ EOM(1)
	.byte	0                               @ EOM(2)
	.byte	15                              @ Abbreviation Code
	.byte	33                              @ DW_TAG_subrange_type
	.byte	0                               @ DW_CHILDREN_no
	.byte	73                              @ DW_AT_type
	.byte	19                              @ DW_FORM_ref4
	.byte	55                              @ DW_AT_count
	.byte	11                              @ DW_FORM_data1
	.byte	0                               @ EOM(1)
	.byte	0                               @ EOM(2)
	.byte	16                              @ Abbreviation Code
	.byte	36                              @ DW_TAG_base_type
	.byte	0                               @ DW_CHILDREN_no
	.byte	3                               @ DW_AT_name
	.byte	14                              @ DW_FORM_strp
	.byte	11                              @ DW_AT_byte_size
	.byte	11                              @ DW_FORM_data1
	.byte	62                              @ DW_AT_encoding
	.byte	11                              @ DW_FORM_data1
	.byte	0                               @ EOM(1)
	.byte	0                               @ EOM(2)
	.byte	17                              @ Abbreviation Code
	.byte	46                              @ DW_TAG_subprogram
	.byte	0                               @ DW_CHILDREN_no
	.byte	17                              @ DW_AT_low_pc
	.byte	1                               @ DW_FORM_addr
	.byte	18                              @ DW_AT_high_pc
	.byte	6                               @ DW_FORM_data4
	.byte	64                              @ DW_AT_frame_base
	.byte	24                              @ DW_FORM_exprloc
	.byte	3                               @ DW_AT_name
	.byte	14                              @ DW_FORM_strp
	.byte	58                              @ DW_AT_decl_file
	.byte	11                              @ DW_FORM_data1
	.byte	59                              @ DW_AT_decl_line
	.byte	11                              @ DW_FORM_data1
	.byte	39                              @ DW_AT_prototyped
	.byte	25                              @ DW_FORM_flag_present
	.byte	63                              @ DW_AT_external
	.byte	25                              @ DW_FORM_flag_present
	.byte	0                               @ EOM(1)
	.byte	0                               @ EOM(2)
	.byte	18                              @ Abbreviation Code
	.byte	46                              @ DW_TAG_subprogram
	.byte	1                               @ DW_CHILDREN_yes
	.byte	17                              @ DW_AT_low_pc
	.byte	1                               @ DW_FORM_addr
	.byte	18                              @ DW_AT_high_pc
	.byte	6                               @ DW_FORM_data4
	.byte	64                              @ DW_AT_frame_base
	.byte	24                              @ DW_FORM_exprloc
	.byte	3                               @ DW_AT_name
	.byte	14                              @ DW_FORM_strp
	.byte	58                              @ DW_AT_decl_file
	.byte	11                              @ DW_FORM_data1
	.byte	59                              @ DW_AT_decl_line
	.byte	5                               @ DW_FORM_data2
	.byte	39                              @ DW_AT_prototyped
	.byte	25                              @ DW_FORM_flag_present
	.byte	73                              @ DW_AT_type
	.byte	19                              @ DW_FORM_ref4
	.byte	0                               @ EOM(1)
	.byte	0                               @ EOM(2)
	.byte	19                              @ Abbreviation Code
	.byte	5                               @ DW_TAG_formal_parameter
	.byte	0                               @ DW_CHILDREN_no
	.byte	2                               @ DW_AT_location
	.byte	24                              @ DW_FORM_exprloc
	.byte	3                               @ DW_AT_name
	.byte	14                              @ DW_FORM_strp
	.byte	58                              @ DW_AT_decl_file
	.byte	11                              @ DW_FORM_data1
	.byte	59                              @ DW_AT_decl_line
	.byte	5                               @ DW_FORM_data2
	.byte	73                              @ DW_AT_type
	.byte	19                              @ DW_FORM_ref4
	.byte	0                               @ EOM(1)
	.byte	0                               @ EOM(2)
	.byte	20                              @ Abbreviation Code
	.byte	46                              @ DW_TAG_subprogram
	.byte	1                               @ DW_CHILDREN_yes
	.byte	17                              @ DW_AT_low_pc
	.byte	1                               @ DW_FORM_addr
	.byte	18                              @ DW_AT_high_pc
	.byte	6                               @ DW_FORM_data4
	.byte	64                              @ DW_AT_frame_base
	.byte	24                              @ DW_FORM_exprloc
	.byte	3                               @ DW_AT_name
	.byte	14                              @ DW_FORM_strp
	.byte	58                              @ DW_AT_decl_file
	.byte	11                              @ DW_FORM_data1
	.byte	59                              @ DW_AT_decl_line
	.byte	5                               @ DW_FORM_data2
	.byte	39                              @ DW_AT_prototyped
	.byte	25                              @ DW_FORM_flag_present
	.byte	0                               @ EOM(1)
	.byte	0                               @ EOM(2)
	.byte	21                              @ Abbreviation Code
	.byte	46                              @ DW_TAG_subprogram
	.byte	0                               @ DW_CHILDREN_no
	.byte	17                              @ DW_AT_low_pc
	.byte	1                               @ DW_FORM_addr
	.byte	18                              @ DW_AT_high_pc
	.byte	6                               @ DW_FORM_data4
	.byte	64                              @ DW_AT_frame_base
	.byte	24                              @ DW_FORM_exprloc
	.byte	3                               @ DW_AT_name
	.byte	14                              @ DW_FORM_strp
	.byte	58                              @ DW_AT_decl_file
	.byte	11                              @ DW_FORM_data1
	.byte	59                              @ DW_AT_decl_line
	.byte	11                              @ DW_FORM_data1
	.byte	39                              @ DW_AT_prototyped
	.byte	25                              @ DW_FORM_flag_present
	.byte	73                              @ DW_AT_type
	.byte	19                              @ DW_FORM_ref4
	.byte	63                              @ DW_AT_external
	.byte	25                              @ DW_FORM_flag_present
	.byte	0                               @ EOM(1)
	.byte	0                               @ EOM(2)
	.byte	0                               @ EOM(3)
	.section	.debug_info,"",%progbits
.Lcu_begin0:
	.long	.Ldebug_info_end0-.Ldebug_info_start0 @ Length of Unit
.Ldebug_info_start0:
	.short	4                               @ DWARF version number
	.long	.debug_abbrev                   @ Offset Into Abbrev. Section
	.byte	4                               @ Address Size (in bytes)
	.byte	1                               @ Abbrev [1] 0xb:0x3ba DW_TAG_compile_unit
	.long	.Linfo_string0                  @ DW_AT_producer
	.short	12                              @ DW_AT_language
	.long	.Linfo_string1                  @ DW_AT_name
	.long	.Lline_table_start0             @ DW_AT_stmt_list
	.long	.Linfo_string2                  @ DW_AT_comp_dir
	.long	0                               @ DW_AT_low_pc
	.long	.Ldebug_ranges0                 @ DW_AT_ranges
	.byte	2                               @ Abbrev [2] 0x26:0x109 DW_TAG_enumeration_type
	.long	303                             @ DW_AT_type
	.long	.Linfo_string46                 @ DW_AT_name
	.byte	1                               @ DW_AT_byte_size
	.byte	1                               @ DW_AT_decl_file
	.byte	103                             @ DW_AT_decl_line
	.byte	3                               @ Abbrev [3] 0x32:0x6 DW_TAG_enumerator
	.long	.Linfo_string4                  @ DW_AT_name
	.byte	114                             @ DW_AT_const_value
	.byte	3                               @ Abbrev [3] 0x38:0x6 DW_TAG_enumerator
	.long	.Linfo_string5                  @ DW_AT_name
	.byte	115                             @ DW_AT_const_value
	.byte	3                               @ Abbrev [3] 0x3e:0x6 DW_TAG_enumerator
	.long	.Linfo_string6                  @ DW_AT_name
	.byte	123                             @ DW_AT_const_value
	.byte	3                               @ Abbrev [3] 0x44:0x6 DW_TAG_enumerator
	.long	.Linfo_string7                  @ DW_AT_name
	.byte	126                             @ DW_AT_const_value
	.byte	3                               @ Abbrev [3] 0x4a:0x6 DW_TAG_enumerator
	.long	.Linfo_string8                  @ DW_AT_name
	.byte	127                             @ DW_AT_const_value
	.byte	3                               @ Abbrev [3] 0x50:0x6 DW_TAG_enumerator
	.long	.Linfo_string9                  @ DW_AT_name
	.byte	0                               @ DW_AT_const_value
	.byte	3                               @ Abbrev [3] 0x56:0x6 DW_TAG_enumerator
	.long	.Linfo_string10                 @ DW_AT_name
	.byte	1                               @ DW_AT_const_value
	.byte	3                               @ Abbrev [3] 0x5c:0x6 DW_TAG_enumerator
	.long	.Linfo_string11                 @ DW_AT_name
	.byte	3                               @ DW_AT_const_value
	.byte	3                               @ Abbrev [3] 0x62:0x6 DW_TAG_enumerator
	.long	.Linfo_string12                 @ DW_AT_name
	.byte	4                               @ DW_AT_const_value
	.byte	3                               @ Abbrev [3] 0x68:0x6 DW_TAG_enumerator
	.long	.Linfo_string13                 @ DW_AT_name
	.byte	5                               @ DW_AT_const_value
	.byte	3                               @ Abbrev [3] 0x6e:0x6 DW_TAG_enumerator
	.long	.Linfo_string14                 @ DW_AT_name
	.byte	6                               @ DW_AT_const_value
	.byte	3                               @ Abbrev [3] 0x74:0x6 DW_TAG_enumerator
	.long	.Linfo_string15                 @ DW_AT_name
	.byte	7                               @ DW_AT_const_value
	.byte	3                               @ Abbrev [3] 0x7a:0x6 DW_TAG_enumerator
	.long	.Linfo_string16                 @ DW_AT_name
	.byte	8                               @ DW_AT_const_value
	.byte	3                               @ Abbrev [3] 0x80:0x6 DW_TAG_enumerator
	.long	.Linfo_string17                 @ DW_AT_name
	.byte	9                               @ DW_AT_const_value
	.byte	3                               @ Abbrev [3] 0x86:0x6 DW_TAG_enumerator
	.long	.Linfo_string18                 @ DW_AT_name
	.byte	10                              @ DW_AT_const_value
	.byte	3                               @ Abbrev [3] 0x8c:0x6 DW_TAG_enumerator
	.long	.Linfo_string19                 @ DW_AT_name
	.byte	11                              @ DW_AT_const_value
	.byte	3                               @ Abbrev [3] 0x92:0x6 DW_TAG_enumerator
	.long	.Linfo_string20                 @ DW_AT_name
	.byte	12                              @ DW_AT_const_value
	.byte	3                               @ Abbrev [3] 0x98:0x6 DW_TAG_enumerator
	.long	.Linfo_string21                 @ DW_AT_name
	.byte	13                              @ DW_AT_const_value
	.byte	3                               @ Abbrev [3] 0x9e:0x6 DW_TAG_enumerator
	.long	.Linfo_string22                 @ DW_AT_name
	.byte	14                              @ DW_AT_const_value
	.byte	3                               @ Abbrev [3] 0xa4:0x6 DW_TAG_enumerator
	.long	.Linfo_string23                 @ DW_AT_name
	.byte	15                              @ DW_AT_const_value
	.byte	3                               @ Abbrev [3] 0xaa:0x6 DW_TAG_enumerator
	.long	.Linfo_string24                 @ DW_AT_name
	.byte	16                              @ DW_AT_const_value
	.byte	3                               @ Abbrev [3] 0xb0:0x6 DW_TAG_enumerator
	.long	.Linfo_string25                 @ DW_AT_name
	.byte	17                              @ DW_AT_const_value
	.byte	3                               @ Abbrev [3] 0xb6:0x6 DW_TAG_enumerator
	.long	.Linfo_string26                 @ DW_AT_name
	.byte	18                              @ DW_AT_const_value
	.byte	3                               @ Abbrev [3] 0xbc:0x6 DW_TAG_enumerator
	.long	.Linfo_string27                 @ DW_AT_name
	.byte	19                              @ DW_AT_const_value
	.byte	3                               @ Abbrev [3] 0xc2:0x6 DW_TAG_enumerator
	.long	.Linfo_string28                 @ DW_AT_name
	.byte	20                              @ DW_AT_const_value
	.byte	3                               @ Abbrev [3] 0xc8:0x6 DW_TAG_enumerator
	.long	.Linfo_string29                 @ DW_AT_name
	.byte	21                              @ DW_AT_const_value
	.byte	3                               @ Abbrev [3] 0xce:0x6 DW_TAG_enumerator
	.long	.Linfo_string30                 @ DW_AT_name
	.byte	22                              @ DW_AT_const_value
	.byte	3                               @ Abbrev [3] 0xd4:0x6 DW_TAG_enumerator
	.long	.Linfo_string31                 @ DW_AT_name
	.byte	23                              @ DW_AT_const_value
	.byte	3                               @ Abbrev [3] 0xda:0x6 DW_TAG_enumerator
	.long	.Linfo_string32                 @ DW_AT_name
	.byte	24                              @ DW_AT_const_value
	.byte	3                               @ Abbrev [3] 0xe0:0x6 DW_TAG_enumerator
	.long	.Linfo_string33                 @ DW_AT_name
	.byte	25                              @ DW_AT_const_value
	.byte	3                               @ Abbrev [3] 0xe6:0x6 DW_TAG_enumerator
	.long	.Linfo_string34                 @ DW_AT_name
	.byte	26                              @ DW_AT_const_value
	.byte	3                               @ Abbrev [3] 0xec:0x6 DW_TAG_enumerator
	.long	.Linfo_string35                 @ DW_AT_name
	.byte	27                              @ DW_AT_const_value
	.byte	3                               @ Abbrev [3] 0xf2:0x6 DW_TAG_enumerator
	.long	.Linfo_string36                 @ DW_AT_name
	.byte	28                              @ DW_AT_const_value
	.byte	3                               @ Abbrev [3] 0xf8:0x6 DW_TAG_enumerator
	.long	.Linfo_string37                 @ DW_AT_name
	.byte	29                              @ DW_AT_const_value
	.byte	3                               @ Abbrev [3] 0xfe:0x6 DW_TAG_enumerator
	.long	.Linfo_string38                 @ DW_AT_name
	.byte	30                              @ DW_AT_const_value
	.byte	3                               @ Abbrev [3] 0x104:0x6 DW_TAG_enumerator
	.long	.Linfo_string39                 @ DW_AT_name
	.byte	31                              @ DW_AT_const_value
	.byte	3                               @ Abbrev [3] 0x10a:0x6 DW_TAG_enumerator
	.long	.Linfo_string40                 @ DW_AT_name
	.byte	33                              @ DW_AT_const_value
	.byte	3                               @ Abbrev [3] 0x110:0x6 DW_TAG_enumerator
	.long	.Linfo_string41                 @ DW_AT_name
	.byte	34                              @ DW_AT_const_value
	.byte	3                               @ Abbrev [3] 0x116:0x6 DW_TAG_enumerator
	.long	.Linfo_string42                 @ DW_AT_name
	.byte	35                              @ DW_AT_const_value
	.byte	3                               @ Abbrev [3] 0x11c:0x6 DW_TAG_enumerator
	.long	.Linfo_string43                 @ DW_AT_name
	.byte	36                              @ DW_AT_const_value
	.byte	3                               @ Abbrev [3] 0x122:0x6 DW_TAG_enumerator
	.long	.Linfo_string44                 @ DW_AT_name
	.byte	37                              @ DW_AT_const_value
	.byte	3                               @ Abbrev [3] 0x128:0x6 DW_TAG_enumerator
	.long	.Linfo_string45                 @ DW_AT_name
	.byte	38                              @ DW_AT_const_value
	.byte	0                               @ End Of Children Mark
	.byte	4                               @ Abbrev [4] 0x12f:0x7 DW_TAG_base_type
	.long	.Linfo_string3                  @ DW_AT_name
	.byte	6                               @ DW_AT_encoding
	.byte	1                               @ DW_AT_byte_size
	.byte	5                               @ Abbrev [5] 0x136:0xb DW_TAG_typedef
	.long	321                             @ DW_AT_type
	.long	.Linfo_string48                 @ DW_AT_name
	.byte	2                               @ DW_AT_decl_file
	.byte	64                              @ DW_AT_decl_line
	.byte	4                               @ Abbrev [4] 0x141:0x7 DW_TAG_base_type
	.long	.Linfo_string47                 @ DW_AT_name
	.byte	7                               @ DW_AT_encoding
	.byte	4                               @ DW_AT_byte_size
	.byte	6                               @ Abbrev [6] 0x148:0x5 DW_TAG_pointer_type
	.long	333                             @ DW_AT_type
	.byte	7                               @ Abbrev [7] 0x14d:0xc DW_TAG_typedef
	.long	345                             @ DW_AT_type
	.long	.Linfo_string53                 @ DW_AT_name
	.byte	3                               @ DW_AT_decl_file
	.short	566                             @ DW_AT_decl_line
	.byte	8                               @ Abbrev [8] 0x159:0x3a DW_TAG_structure_type
	.byte	16                              @ DW_AT_byte_size
	.byte	3                               @ DW_AT_decl_file
	.short	560                             @ DW_AT_decl_line
	.byte	9                               @ Abbrev [9] 0x15e:0xd DW_TAG_member
	.long	.Linfo_string49                 @ DW_AT_name
	.long	403                             @ DW_AT_type
	.byte	3                               @ DW_AT_decl_file
	.short	562                             @ DW_AT_decl_line
	.byte	0                               @ DW_AT_data_member_location
	.byte	9                               @ Abbrev [9] 0x16b:0xd DW_TAG_member
	.long	.Linfo_string50                 @ DW_AT_name
	.long	403                             @ DW_AT_type
	.byte	3                               @ DW_AT_decl_file
	.short	563                             @ DW_AT_decl_line
	.byte	4                               @ DW_AT_data_member_location
	.byte	9                               @ Abbrev [9] 0x178:0xd DW_TAG_member
	.long	.Linfo_string51                 @ DW_AT_name
	.long	403                             @ DW_AT_type
	.byte	3                               @ DW_AT_decl_file
	.short	564                             @ DW_AT_decl_line
	.byte	8                               @ DW_AT_data_member_location
	.byte	9                               @ Abbrev [9] 0x185:0xd DW_TAG_member
	.long	.Linfo_string52                 @ DW_AT_name
	.long	408                             @ DW_AT_type
	.byte	3                               @ DW_AT_decl_file
	.short	565                             @ DW_AT_decl_line
	.byte	12                              @ DW_AT_data_member_location
	.byte	0                               @ End Of Children Mark
	.byte	10                              @ Abbrev [10] 0x193:0x5 DW_TAG_volatile_type
	.long	310                             @ DW_AT_type
	.byte	11                              @ Abbrev [11] 0x198:0x5 DW_TAG_const_type
	.long	403                             @ DW_AT_type
	.byte	5                               @ Abbrev [5] 0x19d:0xb DW_TAG_typedef
	.long	424                             @ DW_AT_type
	.long	.Linfo_string55                 @ DW_AT_name
	.byte	2                               @ DW_AT_decl_file
	.byte	58                              @ DW_AT_decl_line
	.byte	4                               @ Abbrev [4] 0x1a8:0x7 DW_TAG_base_type
	.long	.Linfo_string54                 @ DW_AT_name
	.byte	5                               @ DW_AT_encoding
	.byte	4                               @ DW_AT_byte_size
	.byte	6                               @ Abbrev [6] 0x1af:0x5 DW_TAG_pointer_type
	.long	436                             @ DW_AT_type
	.byte	7                               @ Abbrev [7] 0x1b4:0xc DW_TAG_typedef
	.long	448                             @ DW_AT_type
	.long	.Linfo_string70                 @ DW_AT_name
	.byte	3                               @ DW_AT_decl_file
	.short	368                             @ DW_AT_decl_line
	.byte	12                              @ Abbrev [12] 0x1c0:0xb9 DW_TAG_structure_type
	.short	1264                            @ DW_AT_byte_size
	.byte	3                               @ DW_AT_decl_file
	.short	353                             @ DW_AT_decl_line
	.byte	9                               @ Abbrev [9] 0x1c6:0xd DW_TAG_member
	.long	.Linfo_string56                 @ DW_AT_name
	.long	633                             @ DW_AT_type
	.byte	3                               @ DW_AT_decl_file
	.short	355                             @ DW_AT_decl_line
	.byte	0                               @ DW_AT_data_member_location
	.byte	9                               @ Abbrev [9] 0x1d3:0xd DW_TAG_member
	.long	.Linfo_string58                 @ DW_AT_name
	.long	652                             @ DW_AT_type
	.byte	3                               @ DW_AT_decl_file
	.short	356                             @ DW_AT_decl_line
	.byte	64                              @ DW_AT_data_member_location
	.byte	9                               @ Abbrev [9] 0x1e0:0xd DW_TAG_member
	.long	.Linfo_string59                 @ DW_AT_name
	.long	633                             @ DW_AT_type
	.byte	3                               @ DW_AT_decl_file
	.short	357                             @ DW_AT_decl_line
	.byte	128                             @ DW_AT_data_member_location
	.byte	9                               @ Abbrev [9] 0x1ed:0xd DW_TAG_member
	.long	.Linfo_string60                 @ DW_AT_name
	.long	652                             @ DW_AT_type
	.byte	3                               @ DW_AT_decl_file
	.short	358                             @ DW_AT_decl_line
	.byte	192                             @ DW_AT_data_member_location
	.byte	13                              @ Abbrev [13] 0x1fa:0xe DW_TAG_member
	.long	.Linfo_string61                 @ DW_AT_name
	.long	633                             @ DW_AT_type
	.byte	3                               @ DW_AT_decl_file
	.short	359                             @ DW_AT_decl_line
	.short	256                             @ DW_AT_data_member_location
	.byte	13                              @ Abbrev [13] 0x208:0xe DW_TAG_member
	.long	.Linfo_string62                 @ DW_AT_name
	.long	652                             @ DW_AT_type
	.byte	3                               @ DW_AT_decl_file
	.short	360                             @ DW_AT_decl_line
	.short	320                             @ DW_AT_data_member_location
	.byte	13                              @ Abbrev [13] 0x216:0xe DW_TAG_member
	.long	.Linfo_string63                 @ DW_AT_name
	.long	633                             @ DW_AT_type
	.byte	3                               @ DW_AT_decl_file
	.short	361                             @ DW_AT_decl_line
	.short	384                             @ DW_AT_data_member_location
	.byte	13                              @ Abbrev [13] 0x224:0xe DW_TAG_member
	.long	.Linfo_string64                 @ DW_AT_name
	.long	652                             @ DW_AT_type
	.byte	3                               @ DW_AT_decl_file
	.short	362                             @ DW_AT_decl_line
	.short	448                             @ DW_AT_data_member_location
	.byte	13                              @ Abbrev [13] 0x232:0xe DW_TAG_member
	.long	.Linfo_string65                 @ DW_AT_name
	.long	633                             @ DW_AT_type
	.byte	3                               @ DW_AT_decl_file
	.short	363                             @ DW_AT_decl_line
	.short	512                             @ DW_AT_data_member_location
	.byte	13                              @ Abbrev [13] 0x240:0xe DW_TAG_member
	.long	.Linfo_string66                 @ DW_AT_name
	.long	652                             @ DW_AT_type
	.byte	3                               @ DW_AT_decl_file
	.short	364                             @ DW_AT_decl_line
	.short	576                             @ DW_AT_data_member_location
	.byte	13                              @ Abbrev [13] 0x24e:0xe DW_TAG_member
	.long	.Linfo_string67                 @ DW_AT_name
	.long	633                             @ DW_AT_type
	.byte	3                               @ DW_AT_decl_file
	.short	365                             @ DW_AT_decl_line
	.short	640                             @ DW_AT_data_member_location
	.byte	13                              @ Abbrev [13] 0x25c:0xe DW_TAG_member
	.long	.Linfo_string68                 @ DW_AT_name
	.long	652                             @ DW_AT_type
	.byte	3                               @ DW_AT_decl_file
	.short	366                             @ DW_AT_decl_line
	.short	704                             @ DW_AT_data_member_location
	.byte	13                              @ Abbrev [13] 0x26a:0xe DW_TAG_member
	.long	.Linfo_string69                 @ DW_AT_name
	.long	664                             @ DW_AT_type
	.byte	3                               @ DW_AT_decl_file
	.short	367                             @ DW_AT_decl_line
	.short	768                             @ DW_AT_data_member_location
	.byte	0                               @ End Of Children Mark
	.byte	14                              @ Abbrev [14] 0x279:0xc DW_TAG_array_type
	.long	403                             @ DW_AT_type
	.byte	15                              @ Abbrev [15] 0x27e:0x6 DW_TAG_subrange_type
	.long	645                             @ DW_AT_type
	.byte	16                              @ DW_AT_count
	.byte	0                               @ End Of Children Mark
	.byte	16                              @ Abbrev [16] 0x285:0x7 DW_TAG_base_type
	.long	.Linfo_string57                 @ DW_AT_name
	.byte	8                               @ DW_AT_byte_size
	.byte	7                               @ DW_AT_encoding
	.byte	14                              @ Abbrev [14] 0x28c:0xc DW_TAG_array_type
	.long	310                             @ DW_AT_type
	.byte	15                              @ Abbrev [15] 0x291:0x6 DW_TAG_subrange_type
	.long	645                             @ DW_AT_type
	.byte	16                              @ DW_AT_count
	.byte	0                               @ End Of Children Mark
	.byte	14                              @ Abbrev [14] 0x298:0xc DW_TAG_array_type
	.long	403                             @ DW_AT_type
	.byte	15                              @ Abbrev [15] 0x29d:0x6 DW_TAG_subrange_type
	.long	645                             @ DW_AT_type
	.byte	124                             @ DW_AT_count
	.byte	0                               @ End Of Children Mark
	.byte	6                               @ Abbrev [6] 0x2a4:0x5 DW_TAG_pointer_type
	.long	681                             @ DW_AT_type
	.byte	7                               @ Abbrev [7] 0x2a9:0xc DW_TAG_typedef
	.long	693                             @ DW_AT_type
	.long	.Linfo_string80                 @ DW_AT_name
	.byte	3                               @ DW_AT_decl_file
	.short	398                             @ DW_AT_decl_line
	.byte	8                               @ Abbrev [8] 0x2b5:0x7b DW_TAG_structure_type
	.byte	40                              @ DW_AT_byte_size
	.byte	3                               @ DW_AT_decl_file
	.short	383                             @ DW_AT_decl_line
	.byte	9                               @ Abbrev [9] 0x2ba:0xd DW_TAG_member
	.long	.Linfo_string71                 @ DW_AT_name
	.long	408                             @ DW_AT_type
	.byte	3                               @ DW_AT_decl_file
	.short	385                             @ DW_AT_decl_line
	.byte	0                               @ DW_AT_data_member_location
	.byte	9                               @ Abbrev [9] 0x2c7:0xd DW_TAG_member
	.long	.Linfo_string72                 @ DW_AT_name
	.long	403                             @ DW_AT_type
	.byte	3                               @ DW_AT_decl_file
	.short	386                             @ DW_AT_decl_line
	.byte	4                               @ DW_AT_data_member_location
	.byte	9                               @ Abbrev [9] 0x2d4:0xd DW_TAG_member
	.long	.Linfo_string73                 @ DW_AT_name
	.long	403                             @ DW_AT_type
	.byte	3                               @ DW_AT_decl_file
	.short	388                             @ DW_AT_decl_line
	.byte	8                               @ DW_AT_data_member_location
	.byte	9                               @ Abbrev [9] 0x2e1:0xd DW_TAG_member
	.long	.Linfo_string74                 @ DW_AT_name
	.long	403                             @ DW_AT_type
	.byte	3                               @ DW_AT_decl_file
	.short	392                             @ DW_AT_decl_line
	.byte	12                              @ DW_AT_data_member_location
	.byte	9                               @ Abbrev [9] 0x2ee:0xd DW_TAG_member
	.long	.Linfo_string75                 @ DW_AT_name
	.long	403                             @ DW_AT_type
	.byte	3                               @ DW_AT_decl_file
	.short	393                             @ DW_AT_decl_line
	.byte	16                              @ DW_AT_data_member_location
	.byte	9                               @ Abbrev [9] 0x2fb:0xd DW_TAG_member
	.long	.Linfo_string76                 @ DW_AT_name
	.long	403                             @ DW_AT_type
	.byte	3                               @ DW_AT_decl_file
	.short	394                             @ DW_AT_decl_line
	.byte	20                              @ DW_AT_data_member_location
	.byte	9                               @ Abbrev [9] 0x308:0xd DW_TAG_member
	.long	.Linfo_string77                 @ DW_AT_name
	.long	310                             @ DW_AT_type
	.byte	3                               @ DW_AT_decl_file
	.short	395                             @ DW_AT_decl_line
	.byte	24                              @ DW_AT_data_member_location
	.byte	9                               @ Abbrev [9] 0x315:0xd DW_TAG_member
	.long	.Linfo_string78                 @ DW_AT_name
	.long	816                             @ DW_AT_type
	.byte	3                               @ DW_AT_decl_file
	.short	396                             @ DW_AT_decl_line
	.byte	28                              @ DW_AT_data_member_location
	.byte	9                               @ Abbrev [9] 0x322:0xd DW_TAG_member
	.long	.Linfo_string79                 @ DW_AT_name
	.long	403                             @ DW_AT_type
	.byte	3                               @ DW_AT_decl_file
	.short	397                             @ DW_AT_decl_line
	.byte	36                              @ DW_AT_data_member_location
	.byte	0                               @ End Of Children Mark
	.byte	14                              @ Abbrev [14] 0x330:0xc DW_TAG_array_type
	.long	403                             @ DW_AT_type
	.byte	15                              @ Abbrev [15] 0x335:0x6 DW_TAG_subrange_type
	.long	645                             @ DW_AT_type
	.byte	2                               @ DW_AT_count
	.byte	0                               @ End Of Children Mark
	.byte	17                              @ Abbrev [17] 0x33c:0x11 DW_TAG_subprogram
	.long	.Lfunc_begin0                   @ DW_AT_low_pc
	.long	.Lfunc_end0-.Lfunc_begin0       @ DW_AT_high_pc
	.byte	1                               @ DW_AT_frame_base
	.byte	93
	.long	.Linfo_string81                 @ DW_AT_name
	.byte	4                               @ DW_AT_decl_file
	.byte	8                               @ DW_AT_decl_line
                                        @ DW_AT_prototyped
                                        @ DW_AT_external
	.byte	18                              @ Abbrev [18] 0x34d:0x26 DW_TAG_subprogram
	.long	.Lfunc_begin1                   @ DW_AT_low_pc
	.long	.Lfunc_end1-.Lfunc_begin1       @ DW_AT_high_pc
	.byte	1                               @ DW_AT_frame_base
	.byte	93
	.long	.Linfo_string82                 @ DW_AT_name
	.byte	3                               @ DW_AT_decl_file
	.short	2238                            @ DW_AT_decl_line
                                        @ DW_AT_prototyped
	.long	310                             @ DW_AT_type
	.byte	19                              @ Abbrev [19] 0x363:0xf DW_TAG_formal_parameter
	.byte	2                               @ DW_AT_location
	.byte	145
	.byte	8
	.long	.Linfo_string85                 @ DW_AT_name
	.byte	3                               @ DW_AT_decl_file
	.short	2238                            @ DW_AT_decl_line
	.long	310                             @ DW_AT_type
	.byte	0                               @ End Of Children Mark
	.byte	20                              @ Abbrev [20] 0x373:0x31 DW_TAG_subprogram
	.long	.Lfunc_begin2                   @ DW_AT_low_pc
	.long	.Lfunc_end2-.Lfunc_begin2       @ DW_AT_high_pc
	.byte	1                               @ DW_AT_frame_base
	.byte	93
	.long	.Linfo_string83                 @ DW_AT_name
	.byte	3                               @ DW_AT_decl_file
	.short	1721                            @ DW_AT_decl_line
                                        @ DW_AT_prototyped
	.byte	19                              @ Abbrev [19] 0x385:0xf DW_TAG_formal_parameter
	.byte	2                               @ DW_AT_location
	.byte	145
	.byte	4
	.long	.Linfo_string46                 @ DW_AT_name
	.byte	3                               @ DW_AT_decl_file
	.short	1721                            @ DW_AT_decl_line
	.long	953                             @ DW_AT_type
	.byte	19                              @ Abbrev [19] 0x394:0xf DW_TAG_formal_parameter
	.byte	2                               @ DW_AT_location
	.byte	145
	.byte	0
	.long	.Linfo_string87                 @ DW_AT_name
	.byte	3                               @ DW_AT_decl_file
	.short	1721                            @ DW_AT_decl_line
	.long	310                             @ DW_AT_type
	.byte	0                               @ End Of Children Mark
	.byte	21                              @ Abbrev [21] 0x3a4:0x15 DW_TAG_subprogram
	.long	.Lfunc_begin3                   @ DW_AT_low_pc
	.long	.Lfunc_end3-.Lfunc_begin3       @ DW_AT_high_pc
	.byte	1                               @ DW_AT_frame_base
	.byte	93
	.long	.Linfo_string84                 @ DW_AT_name
	.byte	4                               @ DW_AT_decl_file
	.byte	20                              @ DW_AT_decl_line
                                        @ DW_AT_prototyped
	.long	424                             @ DW_AT_type
                                        @ DW_AT_external
	.byte	5                               @ Abbrev [5] 0x3b9:0xb DW_TAG_typedef
	.long	38                              @ DW_AT_type
	.long	.Linfo_string86                 @ DW_AT_name
	.byte	1                               @ DW_AT_decl_file
	.byte	148                             @ DW_AT_decl_line
	.byte	0                               @ End Of Children Mark
.Ldebug_info_end0:
	.section	.debug_ranges,"",%progbits
.Ldebug_ranges0:
	.long	.Lfunc_begin0
	.long	.Lfunc_end0
	.long	.Lfunc_begin1
	.long	.Lfunc_end1
	.long	.Lfunc_begin2
	.long	.Lfunc_end2
	.long	.Lfunc_begin3
	.long	.Lfunc_end3
	.long	0
	.long	0
	.section	.debug_str,"MS",%progbits,1
.Linfo_string0:
	.asciz	"Component: ARM Compiler 6.16 Tool: armclang [5dfeb700]" @ string offset=0
.Linfo_string1:
	.asciz	"../app\\main.c"                @ string offset=55
.Linfo_string2:
	.asciz	"E:\\work\\CX_NFC_RX\\prj"      @ string offset=69
.Linfo_string3:
	.asciz	"signed char"                   @ string offset=91
.Linfo_string4:
	.asciz	"NonMaskableInt_IRQn"           @ string offset=103
.Linfo_string5:
	.asciz	"HardFault_IRQn"                @ string offset=123
.Linfo_string6:
	.asciz	"SVCall_IRQn"                   @ string offset=138
.Linfo_string7:
	.asciz	"PendSV_IRQn"                   @ string offset=150
.Linfo_string8:
	.asciz	"SysTick_IRQn"                  @ string offset=162
.Linfo_string9:
	.asciz	"WWDGT_IRQn"                    @ string offset=175
.Linfo_string10:
	.asciz	"TIMESTAMP_IRQn"                @ string offset=186
.Linfo_string11:
	.asciz	"FMC_IRQn"                      @ string offset=201
.Linfo_string12:
	.asciz	"RCU_IRQn"                      @ string offset=210
.Linfo_string13:
	.asciz	"EXTI0_IRQn"                    @ string offset=219
.Linfo_string14:
	.asciz	"EXTI1_IRQn"                    @ string offset=230
.Linfo_string15:
	.asciz	"EXTI2_IRQn"                    @ string offset=241
.Linfo_string16:
	.asciz	"EXTI3_IRQn"                    @ string offset=252
.Linfo_string17:
	.asciz	"EXTI4_IRQn"                    @ string offset=263
.Linfo_string18:
	.asciz	"DMA_Channel0_IRQn"             @ string offset=274
.Linfo_string19:
	.asciz	"DMA_Channel1_IRQn"             @ string offset=292
.Linfo_string20:
	.asciz	"DMA_Channel2_IRQn"             @ string offset=310
.Linfo_string21:
	.asciz	"ADC_IRQn"                      @ string offset=328
.Linfo_string22:
	.asciz	"USART0_IRQn"                   @ string offset=337
.Linfo_string23:
	.asciz	"USART1_IRQn"                   @ string offset=349
.Linfo_string24:
	.asciz	"USART2_IRQn"                   @ string offset=361
.Linfo_string25:
	.asciz	"I2C0_EV_IRQn"                  @ string offset=373
.Linfo_string26:
	.asciz	"I2C0_ER_IRQn"                  @ string offset=386
.Linfo_string27:
	.asciz	"I2C1_EV_IRQn"                  @ string offset=399
.Linfo_string28:
	.asciz	"I2C1_ER_IRQn"                  @ string offset=412
.Linfo_string29:
	.asciz	"SPI0_IRQn"                     @ string offset=425
.Linfo_string30:
	.asciz	"SPI1_IRQn"                     @ string offset=435
.Linfo_string31:
	.asciz	"RTC_Alarm_IRQn"                @ string offset=445
.Linfo_string32:
	.asciz	"EXTI5_9_IRQn"                  @ string offset=460
.Linfo_string33:
	.asciz	"TIMER0_TRG_CMT_UP_BRK_IRQn"    @ string offset=473
.Linfo_string34:
	.asciz	"TIMER0_Channel_IRQn"           @ string offset=500
.Linfo_string35:
	.asciz	"TIMER2_IRQn"                   @ string offset=520
.Linfo_string36:
	.asciz	"TIMER13_IRQn"                  @ string offset=532
.Linfo_string37:
	.asciz	"TIMER15_IRQn"                  @ string offset=545
.Linfo_string38:
	.asciz	"TIMER16_IRQn"                  @ string offset=558
.Linfo_string39:
	.asciz	"EXTI10_15_IRQn"                @ string offset=571
.Linfo_string40:
	.asciz	"DMAMUX_IRQn"                   @ string offset=586
.Linfo_string41:
	.asciz	"CMP0_IRQn"                     @ string offset=598
.Linfo_string42:
	.asciz	"CMP1_IRQn"                     @ string offset=608
.Linfo_string43:
	.asciz	"I2C0_WKUP_IRQn"                @ string offset=618
.Linfo_string44:
	.asciz	"I2C1_WKUP_IRQn"                @ string offset=633
.Linfo_string45:
	.asciz	"USART0_WKUP_IRQn"              @ string offset=648
.Linfo_string46:
	.asciz	"IRQn"                          @ string offset=665
.Linfo_string47:
	.asciz	"unsigned int"                  @ string offset=670
.Linfo_string48:
	.asciz	"uint32_t"                      @ string offset=683
.Linfo_string49:
	.asciz	"CTRL"                          @ string offset=692
.Linfo_string50:
	.asciz	"LOAD"                          @ string offset=697
.Linfo_string51:
	.asciz	"VAL"                           @ string offset=702
.Linfo_string52:
	.asciz	"CALIB"                         @ string offset=706
.Linfo_string53:
	.asciz	"SysTick_Type"                  @ string offset=712
.Linfo_string54:
	.asciz	"int"                           @ string offset=725
.Linfo_string55:
	.asciz	"int32_t"                       @ string offset=729
.Linfo_string56:
	.asciz	"ISER"                          @ string offset=737
.Linfo_string57:
	.asciz	"__ARRAY_SIZE_TYPE__"           @ string offset=742
.Linfo_string58:
	.asciz	"RESERVED0"                     @ string offset=762
.Linfo_string59:
	.asciz	"ICER"                          @ string offset=772
.Linfo_string60:
	.asciz	"RSERVED1"                      @ string offset=777
.Linfo_string61:
	.asciz	"ISPR"                          @ string offset=786
.Linfo_string62:
	.asciz	"RESERVED2"                     @ string offset=791
.Linfo_string63:
	.asciz	"ICPR"                          @ string offset=801
.Linfo_string64:
	.asciz	"RESERVED3"                     @ string offset=806
.Linfo_string65:
	.asciz	"IABR"                          @ string offset=816
.Linfo_string66:
	.asciz	"RESERVED4"                     @ string offset=821
.Linfo_string67:
	.asciz	"ITNS"                          @ string offset=831
.Linfo_string68:
	.asciz	"RESERVED5"                     @ string offset=836
.Linfo_string69:
	.asciz	"IPR"                           @ string offset=846
.Linfo_string70:
	.asciz	"NVIC_Type"                     @ string offset=850
.Linfo_string71:
	.asciz	"CPUID"                         @ string offset=860
.Linfo_string72:
	.asciz	"ICSR"                          @ string offset=866
.Linfo_string73:
	.asciz	"VTOR"                          @ string offset=871
.Linfo_string74:
	.asciz	"AIRCR"                         @ string offset=876
.Linfo_string75:
	.asciz	"SCR"                           @ string offset=882
.Linfo_string76:
	.asciz	"CCR"                           @ string offset=886
.Linfo_string77:
	.asciz	"RESERVED1"                     @ string offset=890
.Linfo_string78:
	.asciz	"SHPR"                          @ string offset=900
.Linfo_string79:
	.asciz	"SHCSR"                         @ string offset=905
.Linfo_string80:
	.asciz	"SCB_Type"                      @ string offset=911
.Linfo_string81:
	.asciz	"systick_config"                @ string offset=920
.Linfo_string82:
	.asciz	"SysTick_Config"                @ string offset=935
.Linfo_string83:
	.asciz	"__NVIC_SetPriority"            @ string offset=950
.Linfo_string84:
	.asciz	"main"                          @ string offset=969
.Linfo_string85:
	.asciz	"ticks"                         @ string offset=974
.Linfo_string86:
	.asciz	"IRQn_Type"                     @ string offset=980
.Linfo_string87:
	.asciz	"priority"                      @ string offset=990
	.ident	"Component: ARM Compiler 6.16 Tool: armclang [5dfeb700]"
	.section	".note.GNU-stack","",%progbits
	.eabi_attribute	30, 6	@ Tag_ABI_optimization_goals
	.ARM_attribute	16, 1	@ Tag_AV_eba
	.section	.debug_line,"",%progbits
.Lline_table_start0:
